Downloading https://services.gradle.org/distributions/gradle-7.6-bin.zip
...........10%............20%...........30%............40%............50%...........60%............70%............80%...........90%............100%

Welcome to Gradle 7.6!

Here are the highlights of this release:
 - Added support for Java 19.
 - Introduced `--rerun` flag for individual task rerun.
 - Improved dependency block for test suites to be strongly typed.
 - Added a pluggable system for Java toolchains provisioning.

For more details see https://docs.gradle.org/7.6/release-notes.html

To honour the JVM settings for this build a single-use Daemon process will be forked. See https://docs.gradle.org/7.6/userguide/gradle_daemon.html#sec:disabling_the_daemon.
Daemon will be stopped at the end of the build 
Checking the license for package Android SDK Build-Tools 30.0.3 in /usr/local/lib/android/sdk/licenses
License for package Android SDK Build-Tools 30.0.3 accepted.
Preparing "Install Android SDK Build-Tools 30.0.3 (revision: 30.0.3)".
"Install Android SDK Build-Tools 30.0.3 (revision: 30.0.3)" ready.
Installing Android SDK Build-Tools 30.0.3 in /usr/local/lib/android/sdk/build-tools/30.0.3
"Install Android SDK Build-Tools 30.0.3 (revision: 30.0.3)" complete.
"Install Android SDK Build-Tools 30.0.3 (revision: 30.0.3)" finished.
Checking the license for package Android SDK Platform 33 in /usr/local/lib/android/sdk/licenses
License for package Android SDK Platform 33 accepted.
Preparing "Install Android SDK Platform 33 (revision: 3)".
"Install Android SDK Platform 33 (revision: 3)" ready.
Installing Android SDK Platform 33 in /usr/local/lib/android/sdk/platforms/android-33
"Install Android SDK Platform 33 (revision: 3)" complete.
"Install Android SDK Platform 33 (revision: 3)" finished.
> Task :app:preBuild UP-TO-DATE
> Task :app:preReleaseBuild UP-TO-DATE
> Task :app:mergeReleaseJniLibFolders

> Task :app:mergeReleaseNativeLibs
WARNING:Your project has set `android.useAndroidX=true`, but configuration `:app:releaseRuntimeClasspath` still contains legacy support libraries, which may cause runtime issues.
This behavior will not be allowed in Android Gradle plugin 8.0.
Please use only AndroidX dependencies or set `android.enableJetifier=true` in the `gradle.properties` file to migrate your project to AndroidX (see https://developer.android.com/jetpack/androidx/migrate for more info).
The following legacy support libraries are detected:
:app:releaseRuntimeClasspath -> com.stripe:stripe-android:2.0.2 -> com.android.support:support-annotations:25.1.0

> Task :app:stripReleaseDebugSymbols
Unable to strip the following libraries, packaging them as they are: liblanguage_id_jni.so, liblanguage_id_l2c_jni.so, libtmessages.42.so.

> Task :app:extractReleaseNativeSymbolTables
> Task :app:mergeReleaseNativeDebugMetadata NO-SOURCE
> Task :app:compileReleaseAidl NO-SOURCE
> Task :app:compileReleaseRenderscript NO-SOURCE
> Task :app:generateReleaseBuildConfig
> Task :app:javaPreCompileRelease
> Task :app:checkReleaseAarMetadata
> Task :app:generateReleaseResValues
> Task :app:desugarReleaseFileDependencies
> Task :app:mapReleaseSourceSetPaths
> Task :app:generateReleaseResources

> Task :app:mergeReleaseResources
/home/runner/work/Meowmdmdmmdd/Meowmdmdmmdd/MDGram/app/src/main/res/values/strings.xml:1340:2: Multiple substitutions specified in non-positional format of string resource string/ForwardingFromNameAndMessage. Did you mean to add the formatted="false" attribute?
/home/runner/work/Meowmdmdmmdd/Meowmdmdmmdd/MDGram/app/src/main/res/values/strings.xml:5774:2: Multiple substitutions specified in non-positional format of string resource string/NotificationTopicExceptionsDesctription_few. Did you mean to add the formatted="false" attribute?
/home/runner/work/Meowmdmdmmdd/Meowmdmdmmdd/MDGram/app/src/main/res/values/strings.xml:5771:2: Multiple substitutions specified in non-positional format of string resource string/NotificationTopicExceptionsDesctription_many. Did you mean to add the formatted="false" attribute?
/home/runner/work/Meowmdmdmmdd/Meowmdmdmmdd/MDGram/app/src/main/res/values/strings.xml:5775:2: Multiple substitutions specified in non-positional format of string resource string/NotificationTopicExceptionsDesctription_one. Did you mean to add the formatted="false" attribute?
/home/runner/work/Meowmdmdmmdd/Meowmdmdmmdd/MDGram/app/src/main/res/values/strings.xml:5772:2: Multiple substitutions specified in non-positional format of string resource string/NotificationTopicExceptionsDesctription_other. Did you mean to add the formatted="false" attribute?
/home/runner/work/Meowmdmdmmdd/Meowmdmdmmdd/MDGram/app/src/main/res/values/strings.xml:1409:2: Multiple substitutions specified in non-positional format of string resource string/NotificationTopicExceptionsDesctription_two. Did you mean to add the formatted="false" attribute?
/home/runner/.gradle/caches/transforms-3/f5e49d2319a94a5f2193f3f47ae7f6f6/transformed/appcompat-1.6.1/res/values/values.xml:1710:4: Duplicate value for resource 'attr/navigationMode' with config 'DEFAULT' and product ''. Resource was previously defined here: org.telegram.mdgram.app-mergeReleaseResources-43:/values/values.xml:1446: .
/home/runner/.gradle/caches/transforms-3/8c2499b4c576d6a4cc8834353f63458a/transformed/material-1.9.0/res/values/values.xml:6832:4: Duplicate value for resource 'attr/layout_scrollFlags' with config 'DEFAULT' and product ''. Resource was previously defined here: org.telegram.mdgram.app-mergeReleaseResources-43:/values/values.xml:1237: .
/home/runner/.gradle/caches/transforms-3/f5e49d2319a94a5f2193f3f47ae7f6f6/transformed/appcompat-1.6.1/res/values/values.xml:1827:4: Duplicate value for resource 'attr/tintMode' with config 'DEFAULT' and product ''. Resource was previously defined here: org.telegram.mdgram.app-mergeReleaseResources-43:/values/values.xml:1896: .
/home/runner/.gradle/caches/transforms-3/f5e49d2319a94a5f2193f3f47ae7f6f6/transformed/appcompat-1.6.1/res/values/values.xml:1856:4: Duplicate value for resource 'attr/tickMarkTintMode' with config 'DEFAULT' and product ''. Resource was previously defined here: org.telegram.mdgram.app-mergeReleaseResources-43:/values/values.xml:1886: .
/home/runner/.gradle/caches/transforms-3/f5e49d2319a94a5f2193f3f47ae7f6f6/transformed/appcompat-1.6.1/res/values/values.xml:1892:4: Duplicate value for resource 'attr/autoSizeTextType' with config 'DEFAULT' and product ''. Resource was previously defined here: org.telegram.mdgram.app-mergeReleaseResources-43:/values/values.xml:115: .
/home/runner/.gradle/caches/transforms-3/f5e49d2319a94a5f2193f3f47ae7f6f6/transformed/appcompat-1.6.1/res/values/values.xml:1956:4: Duplicate value for resource 'attr/actionBarSize' with config 'DEFAULT' and product ''. Resource was previously defined here: org.telegram.mdgram.app-mergeReleaseResources-43:/values/values.xml:34: .
/home/runner/.gradle/caches/transforms-3/8c2499b4c576d6a4cc8834353f63458a/transformed/material-1.9.0/res/values/values.xml:6879:4: Duplicate value for resource 'attr/badgeGravity' with config 'DEFAULT' and product ''. Resource was previously defined here: org.telegram.mdgram.app-mergeReleaseResources-43:/values/values.xml:149: .
/home/runner/.gradle/caches/transforms-3/8c2499b4c576d6a4cc8834353f63458a/transformed/material-1.9.0/res/values/values.xml:6938:4: Duplicate value for resource 'attr/showAnimationBehavior' with config 'DEFAULT' and product ''. Resource was previously defined here: org.telegram.mdgram.app-mergeReleaseResources-43:/values/values.xml:1631: .
/home/runner/.gradle/caches/transforms-3/8c2499b4c576d6a4cc8834353f63458a/transformed/material-1.9.0/res/values/values.xml:6984:4: Duplicate value for resource 'attr/fabAlignmentMode' with config 'DEFAULT' and product ''. Resource was previously defined here: org.telegram.mdgram.app-mergeReleaseResources-43:/values/values.xml:738: .
/home/runner/.gradle/caches/transforms-3/8c2499b4c576d6a4cc8834353f63458a/transformed/material-1.9.0/res/values/values.xml:7049:4: Duplicate value for resource 'attr/behavior_peekHeight' with config 'DEFAULT' and product ''. Resource was previously defined here: org.telegram.mdgram.app-mergeReleaseResources-43:/values/values.xml:179: .
/home/runner/.gradle/caches/transforms-3/f5e49d2319a94a5f2193f3f47ae7f6f6/transformed/appcompat-1.6.1/res/values/values.xml:2323:4: Duplicate value for resource 'attr/checkMarkTintMode' with config 'DEFAULT' and product ''. Resource was previously defined here: org.telegram.mdgram.app-mergeReleaseResources-43:/values/values.xml:316: .
/home/runner/.gradle/caches/transforms-3/8c2499b4c576d6a4cc8834353f63458a/transformed/material-1.9.0/res/values/values.xml:7236:4: Duplicate value for resource 'attr/indicatorDirectionCircular' with config 'DEFAULT' and product ''. Resource was previously defined here: org.telegram.mdgram.app-mergeReleaseResources-43:/values/values.xml:995: .
/home/runner/.gradle/caches/transforms-3/8c2499b4c576d6a4cc8834353f63458a/transformed/material-1.9.0/res/values/values.xml:7271:4: Duplicate value for resource 'attr/titleTextEllipsize' with config 'DEFAULT' and product ''. Resource was previously defined here: org.telegram.mdgram.app-mergeReleaseResources-43:/values/values.xml:1921: .
/home/runner/.gradle/caches/transforms-3/8c2499b4c576d6a4cc8834353f63458a/transformed/material-1.9.0/res/values/values.xml:7377:4: Duplicate value for resource 'attr/layout_collapseMode' with config 'DEFAULT' and product ''. Resource was previously defined here: org.telegram.mdgram.app-mergeReleaseResources-43:/values/values.xml:1095: .
/home/runner/.gradle/caches/transforms-3/6c06686e6093319ce678e73ac48442e2/transformed/flycoTabLayout-3.0.0/res/values/values.xml:44:4: Duplicate value for resource 'attr/tl_iconGravity' with config 'DEFAULT' and product ''. Resource was previously defined here: org.telegram.mdgram.app-mergeReleaseResources-43:/values/values.xml:1934: .
/home/runner/.gradle/caches/transforms-3/f5e49d2319a94a5f2193f3f47ae7f6f6/transformed/appcompat-1.6.1/res/values/values.xml:2351:4: Duplicate value for resource 'attr/buttonTintMode' with config 'DEFAULT' and product ''. Resource was previously defined here: org.telegram.mdgram.app-mergeReleaseResources-43:/values/values.xml:261: .
/home/runner/.gradle/caches/transforms-3/0295d4dce2fc5a9c3155d63cd47682c1/transformed/coordinatorlayout-1.1.0/res/values/values.xml:16:4: Duplicate value for resource 'attr/layout_anchorGravity' with config 'DEFAULT' and product ''. Resource was previously defined here: org.telegram.mdgram.app-mergeReleaseResources-43:/values/values.xml:1078: .
/home/runner/.gradle/caches/transforms-3/f18921577bb7df5e1ff341176a7e6ed9/transformed/play-services-wallet-19.1.0/res/values/values.xml:54:0: Duplicate value for resource 'attr/windowTransitionStyle' with config 'DEFAULT' and product ''. Resource was previously defined here: org.telegram.mdgram.app-mergeReleaseResources-43:/values/values.xml:2102: .
/home/runner/.gradle/caches/transforms-3/8c2499b4c576d6a4cc8834353f63458a/transformed/material-1.9.0/res/values/values.xml:7391:4: Duplicate value for resource 'attr/extendStrategy' with config 'DEFAULT' and product ''. Resource was previously defined here: org.telegram.mdgram.app-mergeReleaseResources-43:/values/values.xml:727: .
/home/runner/.gradle/caches/transforms-3/8c2499b4c576d6a4cc8834353f63458a/transformed/material-1.9.0/res/values/values.xml:7420:4: Duplicate value for resource 'attr/fabSize' with config 'DEFAULT' and product ''. Resource was previously defined here: org.telegram.mdgram.app-mergeReleaseResources-43:/values/values.xml:755: .
/home/runner/.gradle/caches/transforms-3/31dd2fd25ee9a0eaa021c7cd8a443f22/transformed/core-1.9.0/res/values/values.xml:113:4: Duplicate value for resource 'attr/fontProviderFetchStrategy' with config 'DEFAULT' and product ''. Resource was previously defined here: org.telegram.mdgram.app-mergeReleaseResources-43:/values/values.xml:844: .
/home/runner/.gradle/caches/transforms-3/31dd2fd25ee9a0eaa021c7cd8a443f22/transformed/core-1.9.0/res/values/values.xml:146:4: Duplicate value for resource 'attr/fontStyle' with config 'DEFAULT' and product ''. Resource was previously defined here: org.telegram.mdgram.app-mergeReleaseResources-43:/values/values.xml:854: .
/home/runner/.gradle/caches/transforms-3/a788b712397bb7fe4678dad00f5b4c8c/transformed/firebase-appindexing-20.0.0/res/values/values.xml:43:0: Duplicate value for resource 'attr/sectionType' with config 'DEFAULT' and product ''. Resource was previously defined here: org.telegram.mdgram.app-mergeReleaseResources-43:/values/values.xml:1591: .
/home/runner/.gradle/caches/transforms-3/a788b712397bb7fe4678dad00f5b4c8c/transformed/firebase-appindexing-20.0.0/res/values/values.xml:68:0: Duplicate value for resource 'attr/sourceClass' with config 'DEFAULT' and product ''. Resource was previously defined here: org.telegram.mdgram.app-mergeReleaseResources-43:/values/values.xml:1669: .
/home/runner/.gradle/caches/transforms-3/18496cd6abc86e048fa3c613abc226f8/transformed/constraintlayout-2.0.1/res/values/values.xml:291:4: Duplicate value for resource 'attr/keyPositionType' with config 'DEFAULT' and product ''. Resource was previously defined here: org.telegram.mdgram.app-mergeReleaseResources-43:/values/values.xml:1044: .
/home/runner/.gradle/caches/transforms-3/f5e49d2319a94a5f2193f3f47ae7f6f6/transformed/appcompat-1.6.1/res/values/values.xml:2397:4: Duplicate value for resource 'attr/showDividers' with config 'DEFAULT' and product ''. Resource was previously defined here: org.telegram.mdgram.app-mergeReleaseResources-43:/values/values.xml:1644: .
/home/runner/.gradle/caches/transforms-3/8c2499b4c576d6a4cc8834353f63458a/transformed/material-1.9.0/res/values/values.xml:7490:4: Duplicate value for resource 'attr/indeterminateAnimationType' with config 'DEFAULT' and product ''. Resource was previously defined here: org.telegram.mdgram.app-mergeReleaseResources-43:/values/values.xml:988: .
/home/runner/.gradle/caches/transforms-3/443b404146d5cf6fbd673cdaf562f86e/transformed/play-services-base-18.1.0/res/values/values.xml:33:0: Duplicate value for resource 'attr/imageAspectRatioAdjust' with config 'DEFAULT' and product ''. Resource was previously defined here: org.telegram.mdgram.app-mergeReleaseResources-43:/values/values.xml:982: .
/home/runner/.gradle/caches/transforms-3/c9a09e9c0509e849afcfce50b46faed4/transformed/play-services-maps-18.1.0/res/values/values.xml:4:0: Duplicate value for resource 'attr/mapType' with config 'DEFAULT' and product ''. Resource was previously defined here: org.telegram.mdgram.app-mergeReleaseResources-43:/values/values.xml:1284: .
/home/runner/.gradle/caches/transforms-3/8c2499b4c576d6a4cc8834353f63458a/transformed/material-1.9.0/res/values/values.xml:7549:4: Duplicate value for resource 'attr/iconGravity' with config 'DEFAULT' and product ''. Resource was previously defined here: org.telegram.mdgram.app-mergeReleaseResources-43:/values/values.xml:918: .
/home/runner/.gradle/caches/transforms-3/8c2499b4c576d6a4cc8834353f63458a/transformed/material-1.9.0/res/values/values.xml:7640:4: Duplicate value for resource 'attr/checkedIconGravity' with config 'DEFAULT' and product ''. Resource was previously defined here: org.telegram.mdgram.app-mergeReleaseResources-43:/values/values.xml:329: .
/home/runner/.gradle/caches/transforms-3/8c2499b4c576d6a4cc8834353f63458a/transformed/material-1.9.0/res/values/values.xml:7678:4: Duplicate value for resource 'attr/buttonIconTintMode' with config 'DEFAULT' and product ''. Resource was previously defined here: org.telegram.mdgram.app-mergeReleaseResources-43:/values/values.xml:244: .
/home/runner/.gradle/caches/transforms-3/8c2499b4c576d6a4cc8834353f63458a/transformed/material-1.9.0/res/values/values.xml:7755:4: Duplicate value for resource 'attr/thumbIconTintMode' with config 'DEFAULT' and product ''. Resource was previously defined here: org.telegram.mdgram.app-mergeReleaseResources-43:/values/values.xml:1860: .
/home/runner/.gradle/caches/transforms-3/8c2499b4c576d6a4cc8834353f63458a/transformed/material-1.9.0/res/values/values.xml:7821:4: Duplicate value for resource 'attr/logoScaleType' with config 'DEFAULT' and product ''. Resource was previously defined here: org.telegram.mdgram.app-mergeReleaseResources-43:/values/values.xml:1273: .
/home/runner/.gradle/caches/transforms-3/f5e49d2319a94a5f2193f3f47ae7f6f6/transformed/appcompat-1.6.1/res/values/values.xml:2454:4: Duplicate value for resource 'attr/alphabeticModifiers' with config 'DEFAULT' and product ''. Resource was previously defined here: org.telegram.mdgram.app-mergeReleaseResources-43:/values/values.xml:78: .
/home/runner/.gradle/caches/transforms-3/18496cd6abc86e048fa3c613abc226f8/transformed/constraintlayout-2.0.1/res/values/values.xml:302:4: Duplicate value for resource 'attr/motionDebug' with config 'DEFAULT' and product ''. Resource was previously defined here: org.telegram.mdgram.app-mergeReleaseResources-43:/values/values.xml:1384: .
/home/runner/.gradle/caches/transforms-3/18496cd6abc86e048fa3c613abc226f8/transformed/constraintlayout-2.0.1/res/values/values.xml:309:4: Duplicate value for resource 'attr/telltales_velocityMode' with config 'DEFAULT' and product ''. Resource was previously defined here: org.telegram.mdgram.app-mergeReleaseResources-43:/values/values.xml:1791: .
/home/runner/.gradle/caches/transforms-3/8c2499b4c576d6a4cc8834353f63458a/transformed/material-1.9.0/res/values/values.xml:7868:4: Duplicate value for resource 'attr/labelVisibilityMode' with config 'DEFAULT' and product ''. Resource was previously defined here: org.telegram.mdgram.app-mergeReleaseResources-43:/values/values.xml:1059: .
/home/runner/.gradle/caches/transforms-3/8c2499b4c576d6a4cc8834353f63458a/transformed/material-1.9.0/res/values/values.xml:7910:4: Duplicate value for resource 'attr/menuGravity' with config 'DEFAULT' and product ''. Resource was previously defined here: org.telegram.mdgram.app-mergeReleaseResources-43:/values/values.xml:1368: .
/home/runner/.gradle/caches/transforms-3/18496cd6abc86e048fa3c613abc226f8/transformed/constraintlayout-2.0.1/res/values/values.xml:315:4: Duplicate value for resource 'attr/clickAction' with config 'DEFAULT' and product ''. Resource was previously defined here: org.telegram.mdgram.app-mergeReleaseResources-43:/values/values.xml:372: .
/home/runner/.gradle/caches/transforms-3/18496cd6abc86e048fa3c613abc226f8/transformed/constraintlayout-2.0.1/res/values/values.xml:322:4: Duplicate value for resource 'attr/nestedScrollFlags' with config 'DEFAULT' and product ''. Resource was previously defined here: org.telegram.mdgram.app-mergeReleaseResources-43:/values/values.xml:1453: .
/home/runner/.gradle/caches/transforms-3/a788b712397bb7fe4678dad00f5b4c8c/transformed/firebase-appindexing-20.0.0/res/values/values.xml:87:0: Duplicate value for resource 'attr/sectionFormat' with config 'DEFAULT' and product ''. Resource was previously defined here: org.telegram.mdgram.app-mergeReleaseResources-43:/values/values.xml:1583: .
/home/runner/.gradle/caches/transforms-3/a788b712397bb7fe4678dad00f5b4c8c/transformed/firebase-appindexing-20.0.0/res/values/values.xml:112:0: Duplicate value for resource 'attr/featureType' with config 'DEFAULT' and product ''. Resource was previously defined here: org.telegram.mdgram.app-mergeReleaseResources-43:/values/values.xml:760: .
/home/runner/.gradle/caches/transforms-3/8c2499b4c576d6a4cc8834353f63458a/transformed/material-1.9.0/res/values/values.xml:8060:4: Duplicate value for resource 'attr/cornerFamily' with config 'DEFAULT' and product ''. Resource was previously defined here: org.telegram.mdgram.app-mergeReleaseResources-43:/values/values.xml:507: .
/home/runner/.gradle/caches/transforms-3/443b404146d5cf6fbd673cdaf562f86e/transformed/play-services-base-18.1.0/res/values/values.xml:46:0: Duplicate value for resource 'attr/buttonSize' with config 'DEFAULT' and product ''. Resource was previously defined here: org.telegram.mdgram.app-mergeReleaseResources-43:/values/values.xml:253: .
/home/runner/.gradle/caches/transforms-3/8c2499b4c576d6a4cc8834353f63458a/transformed/material-1.9.0/res/values/values.xml:8134:4: Duplicate value for resource 'attr/labelBehavior' with config 'DEFAULT' and product ''. Resource was previously defined here: org.telegram.mdgram.app-mergeReleaseResources-43:/values/values.xml:1052: .
/home/runner/.gradle/caches/transforms-3/8c2499b4c576d6a4cc8834353f63458a/transformed/material-1.9.0/res/values/values.xml:8199:4: Duplicate value for resource 'attr/animationMode' with config 'DEFAULT' and product ''. Resource was previously defined here: org.telegram.mdgram.app-mergeReleaseResources-43:/values/values.xml:91: .
/home/runner/.gradle/caches/transforms-3/f5e49d2319a94a5f2193f3f47ae7f6f6/transformed/appcompat-1.6.1/res/values/values.xml:2661:4: Duplicate value for resource 'attr/thumbTintMode' with config 'DEFAULT' and product ''. Resource was previously defined here: org.telegram.mdgram.app-mergeReleaseResources-43:/values/values.xml:1873: .
/home/runner/.gradle/caches/transforms-3/8c2499b4c576d6a4cc8834353f63458a/transformed/material-1.9.0/res/values/values.xml:8235:4: Duplicate value for resource 'attr/tabIndicatorGravity' with config 'DEFAULT' and product ''. Resource was previously defined here: org.telegram.mdgram.app-mergeReleaseResources-43:/values/values.xml:1760: .
/home/runner/.gradle/caches/transforms-3/8c2499b4c576d6a4cc8834353f63458a/transformed/material-1.9.0/res/values/values.xml:8332:4: Duplicate value for resource 'attr/errorIconTintMode' with config 'DEFAULT' and product ''. Resource was previously defined here: org.telegram.mdgram.app-mergeReleaseResources-43:/values/values.xml:694: .
/home/runner/.gradle/caches/transforms-3/f5e49d2319a94a5f2193f3f47ae7f6f6/transformed/appcompat-1.6.1/res/values/values.xml:2747:4: Duplicate value for resource 'attr/buttonGravity' with config 'DEFAULT' and product ''. Resource was previously defined here: org.telegram.mdgram.app-mergeReleaseResources-43:/values/values.xml:236: .
/home/runner/.gradle/caches/transforms-3/18496cd6abc86e048fa3c613abc226f8/transformed/constraintlayout-2.0.1/res/values/values.xml:338:4: Duplicate value for resource 'attr/autoTransition' with config 'DEFAULT' and product ''. Resource was previously defined here: org.telegram.mdgram.app-mergeReleaseResources-43:/values/values.xml:119: .
/home/runner/.gradle/caches/transforms-3/f5e49d2319a94a5f2193f3f47ae7f6f6/transformed/appcompat-1.6.1/res/values/values.xml:2814:4: Duplicate value for resource 'attr/backgroundTintMode' with config 'DEFAULT' and product ''. Resource was previously defined here: org.telegram.mdgram.app-mergeReleaseResources-43:/values/values.xml:136: .
/home/runner/.gradle/caches/transforms-3/f18921577bb7df5e1ff341176a7e6ed9/transformed/play-services-wallet-19.1.0/res/values/values.xml:73:0: Duplicate value for resource 'attr/appTheme' with config 'DEFAULT' and product ''. Resource was previously defined here: org.telegram.mdgram.app-mergeReleaseResources-43:/values/values.xml:96: .
/home/runner/.gradle/caches/transforms-3/f18921577bb7df5e1ff341176a7e6ed9/transformed/play-services-wallet-19.1.0/res/values/values.xml:98:0: Duplicate value for resource 'attr/buyButtonHeight' with config 'DEFAULT' and product ''. Resource was previously defined here: org.telegram.mdgram.app-mergeReleaseResources-43:/values/values.xml:280: .

> Task :app:createReleaseCompatibleScreenManifests
> Task :app:extractDeepLinksRelease

> Task :app:mergeReleaseResources
/home/runner/work/Meowmdmdmmdd/Meowmdmdmmdd/MDGram/app/src/main/res/values-ko/strings.xml:3389:2: Multiple substitutions specified in non-positional format of string resource string/CallEmojiKeyTooltip. Did you mean to add the formatted="false" attribute?

> Task :app:processReleaseMainManifest FAILED
package="org.telegram.mdgram" found in source AndroidManifest.xml: /home/runner/work/Meowmdmdmmdd/Meowmdmdmmdd/MDGram/app/src/main/AndroidManifest.xml.
Setting the namespace via a source AndroidManifest.xml's package attribute is deprecated.
Please instead set the namespace (or testNamespace) in the module's build.gradle file, as described here: https://developer.android.com/studio/build/configure-app-module#set-namespace
This migration can be done automatically using the AGP Upgrade Assistant, please refer to https://developer.android.com/studio/build/agp-upgrade-assistant for more information.
/home/runner/work/Meowmdmdmmdd/Meowmdmdmmdd/MDGram/app/src/main/AndroidManifest.xml:648:17-655:34 Error:
	Element activity-alias#org.telegram.ui.CallsActivity at AndroidManifest.xml:648:17-655:34 duplicated with element declared at AndroidManifest.xml:257:9-268:26
/home/runner/work/Meowmdmdmmdd/Meowmdmdmmdd/MDGram/app/src/main/AndroidManifest.xml:656:17-354 Error:
	Element activity#org.telegram.ui.BubbleActivity at AndroidManifest.xml:656:17-354 duplicated with element declared at AndroidManifest.xml:269:9-276:48
/home/runner/work/Meowmdmdmmdd/Meowmdmdmmdd/MDGram/app/src/main/AndroidManifest.xml:657:17-664:28 Error:
	Element activity#org.telegram.ui.ShareActivity at AndroidManifest.xml:657:17-664:28 duplicated with element declared at AndroidManifest.xml:277:9-292:20
/home/runner/work/Meowmdmdmmdd/Meowmdmdmmdd/MDGram/app/src/main/AndroidManifest.xml:665:9-285 Error:
	Element activity#org.telegram.ui.VoIPPermissionActivity at AndroidManifest.xml:665:9-285 duplicated with element declared at AndroidManifest.xml:348:9-352:69
/home/runner/work/Meowmdmdmmdd/Meowmdmdmmdd/MDGram/app/src/main/AndroidManifest.xml:666:9-302 Error:
	Element activity#org.telegram.ui.VoIPFeedbackActivity at AndroidManifest.xml:666:9-302 duplicated with element declared at AndroidManifest.xml:353:9-357:79
/home/runner/work/Meowmdmdmmdd/Meowmdmdmmdd/MDGram/app/src/main/AndroidManifest.xml:700:17-104 Warning:
	Element uses-library#com.sec.android.app.multiwindow at AndroidManifest.xml:700:17-104 duplicated with element declared at AndroidManifest.xml:544:9-97
/home/runner/work/Meowmdmdmmdd/Meowmdmdmmdd/MDGram/app/src/main/AndroidManifest.xml:701:17-101 Warning:
	Element meta-data#com.sec.android.support.multiwindow at AndroidManifest.xml:701:17-101 duplicated with element declared at AndroidManifest.xml:545:9-94
/home/runner/work/Meowmdmdmmdd/Meowmdmdmmdd/MDGram/app/src/main/AndroidManifest.xml:702:17-109 Warning:
	Element meta-data#com.sec.android.multiwindow.DEFAULT_SIZE_W at AndroidManifest.xml:702:17-109 duplicated with element declared at AndroidManifest.xml:546:9-102
/home/runner/work/Meowmdmdmmdd/Meowmdmdmmdd/MDGram/app/src/main/AndroidManifest.xml:703:17-109 Warning:
	Element meta-data#com.sec.android.multiwindow.DEFAULT_SIZE_H at AndroidManifest.xml:703:17-109 duplicated with element declared at AndroidManifest.xml:547:9-102
/home/runner/work/Meowmdmdmmdd/Meowmdmdmmdd/MDGram/app/src/main/AndroidManifest.xml:704:17-109 Warning:
	Element meta-data#com.sec.android.multiwindow.MINIMUM_SIZE_W at AndroidManifest.xml:704:17-109 duplicated with element declared at AndroidManifest.xml:548:9-102
/home/runner/work/Meowmdmdmmdd/Meowmdmdmmdd/MDGram/app/src/main/AndroidManifest.xml:705:17-109 Warning:
	Element meta-data#com.sec.android.multiwindow.MINIMUM_SIZE_H at AndroidManifest.xml:705:17-109 duplicated with element declared at AndroidManifest.xml:549:9-102
/home/runner/work/Meowmdmdmmdd/Meowmdmdmmdd/MDGram/app/src/main/AndroidManifest.xml:708:17-107 Warning:
	Element meta-data#com.google.android.gms.wallet.api.enabled at AndroidManifest.xml:708:17-107 duplicated with element declared at AndroidManifest.xml:551:9-100
/home/runner/work/Meowmdmdmmdd/Meowmdmdmmdd/MDGram/app/src/main/AndroidManifest.xml:709:17-133 Warning:
	Element meta-data#com.google.android.gms.car.notification.SmallIcon at AndroidManifest.xml:709:17-133 duplicated with element declared at AndroidManifest.xml:553:9-126
/home/runner/work/Meowmdmdmmdd/Meowmdmdmmdd/MDGram/app/src/main/AndroidManifest.xml:710:17-127 Warning:
	Element meta-data#com.google.android.gms.car.application at AndroidManifest.xml:710:17-127 duplicated with element declared at AndroidManifest.xml:554:9-120
/home/runner/work/Meowmdmdmmdd/Meowmdmdmmdd/MDGram/app/src/main/AndroidManifest.xml:711:17-116 Warning:
	Element meta-data#com.google.android.gms.vision.DEPENDENCIES at AndroidManifest.xml:711:17-116 duplicated with element declared at AndroidManifest.xml:556:9-109
/home/runner/work/Meowmdmdmmdd/Meowmdmdmmdd/MDGram/app/src/main/AndroidManifest.xml:712:17-83 Warning:
	Element meta-data#android.max_aspect at AndroidManifest.xml:712:17-83 duplicated with element declared at AndroidManifest.xml:558:9-76
/home/runner/work/Meowmdmdmmdd/Meowmdmdmmdd/MDGram/app/src/main/AndroidManifest.xml:713:17-103 Warning:
	Element meta-data#com.google.android.actions at AndroidManifest.xml:713:17-103 duplicated with element declared at AndroidManifest.xml:560:9-96
/home/runner/work/Meowmdmdmmdd/Meowmdmdmmdd/MDGram/app/src/main/AndroidManifest.xml Error:
	Validation failed, exiting

See https://developer.android.com/r/studio-ui/build/manifest-merger for more information about the manifest merger.


> Task :app:mergeReleaseResources FAILED

FAILURE: Build completed with 2 failures.

1: Task failed with an exception.
-----------
* What went wrong:
Execution failed for task ':app:processReleaseMainManifest'.
> Manifest merger failed with multiple errors, see logs

* Try:
> Run with --info or --debug option to get more log output.
> Run with --scan to get full insights.

* Exception is:
org.gradle.api.tasks.TaskExecutionException: Execution failed for task ':app:processReleaseMainManifest'.
	at org.gradle.api.internal.tasks.execution.ExecuteActionsTaskExecuter.lambda$executeIfValid$1(ExecuteActionsTaskExecuter.java:142)
	at org.gradle.internal.Try$Failure.ifSuccessfulOrElse(Try.java:282)
	at org.gradle.api.internal.tasks.execution.ExecuteActionsTaskExecuter.executeIfValid(ExecuteActionsTaskExecuter.java:140)
	at org.gradle.api.internal.tasks.execution.ExecuteActionsTaskExecuter.execute(ExecuteActionsTaskExecuter.java:128)
	at org.gradle.api.internal.tasks.execution.CleanupStaleOutputsExecuter.execute(CleanupStaleOutputsExecuter.java:77)
	at org.gradle.api.internal.tasks.execution.FinalizePropertiesTaskExecuter.execute(FinalizePropertiesTaskExecuter.java:46)
	at org.gradle.api.internal.tasks.execution.ResolveTaskExecutionModeExecuter.execute(ResolveTaskExecutionModeExecuter.java:51)
	at org.gradle.api.internal.tasks.execution.SkipTaskWithNoActionsExecuter.execute(SkipTaskWithNoActionsExecuter.java:57)
	at org.gradle.api.internal.tasks.execution.SkipOnlyIfTaskExecuter.execute(SkipOnlyIfTaskExecuter.java:57)
	at org.gradle.api.internal.tasks.execution.CatchExceptionTaskExecuter.execute(CatchExceptionTaskExecuter.java:36)
	at org.gradle.api.internal.tasks.execution.EventFiringTaskExecuter$1.executeTask(EventFiringTaskExecuter.java:77)
	at org.gradle.api.internal.tasks.execution.EventFiringTaskExecuter$1.call(EventFiringTaskExecuter.java:55)
	at org.gradle.api.internal.tasks.execution.EventFiringTaskExecuter$1.call(EventFiringTaskExecuter.java:52)
	at org.gradle.internal.operations.DefaultBuildOperationRunner$CallableBuildOperationWorker.execute(DefaultBuildOperationRunner.java:204)
	at org.gradle.internal.operations.DefaultBuildOperationRunner$CallableBuildOperationWorker.execute(DefaultBuildOperationRunner.java:199)
	at org.gradle.internal.operations.DefaultBuildOperationRunner$2.execute(DefaultBuildOperationRunner.java:66)
	at org.gradle.internal.operations.DefaultBuildOperationRunner$2.execute(DefaultBuildOperationRunner.java:59)
	at org.gradle.internal.operations.DefaultBuildOperationRunner.execute(DefaultBuildOperationRunner.java:157)
	at org.gradle.internal.operations.DefaultBuildOperationRunner.execute(DefaultBuildOperationRunner.java:59)
	at org.gradle.internal.operations.DefaultBuildOperationRunner.call(DefaultBuildOperationRunner.java:53)
	at org.gradle.internal.operations.DefaultBuildOperationExecutor.call(DefaultBuildOperationExecutor.java:73)
	at org.gradle.api.internal.tasks.execution.EventFiringTaskExecuter.execute(EventFiringTaskExecuter.java:52)
	at org.gradle.execution.plan.LocalTaskNodeExecutor.execute(LocalTaskNodeExecutor.java:69)
	at org.gradle.execution.taskgraph.DefaultTaskExecutionGraph$InvokeNodeExecutorsAction.execute(DefaultTaskExecutionGraph.java:322)
	at org.gradle.execution.taskgraph.DefaultTaskExecutionGraph$InvokeNodeExecutorsAction.execute(DefaultTaskExecutionGraph.java:309)
	at org.gradle.execution.taskgraph.DefaultTaskExecutionGraph$BuildOperationAwareExecutionAction.execute(DefaultTaskExecutionGraph.java:302)
	at org.gradle.execution.taskgraph.DefaultTaskExecutionGraph$BuildOperationAwareExecutionAction.execute(DefaultTaskExecutionGraph.java:288)
	at org.gradle.execution.plan.DefaultPlanExecutor$ExecutorWorker.execute(DefaultPlanExecutor.java:462)
	at org.gradle.execution.plan.DefaultPlanExecutor$ExecutorWorker.run(DefaultPlanExecutor.java:379)
	at org.gradle.execution.plan.DefaultPlanExecutor.process(DefaultPlanExecutor.java:115)
	at org.gradle.execution.taskgraph.DefaultTaskExecutionGraph.executeWithServices(DefaultTaskExecutionGraph.java:135)
	at org.gradle.execution.taskgraph.DefaultTaskExecutionGraph.execute(DefaultTaskExecutionGraph.java:120)
	at org.gradle.execution.SelectedTaskExecutionAction.execute(SelectedTaskExecutionAction.java:35)
	at org.gradle.execution.DryRunBuildExecutionAction.execute(DryRunBuildExecutionAction.java:51)
	at org.gradle.execution.BuildOperationFiringBuildWorkerExecutor$ExecuteTasks.call(BuildOperationFiringBuildWorkerExecutor.java:54)
	at org.gradle.execution.BuildOperationFiringBuildWorkerExecutor$ExecuteTasks.call(BuildOperationFiringBuildWorkerExecutor.java:43)
	at org.gradle.internal.operations.DefaultBuildOperationRunner$CallableBuildOperationWorker.execute(DefaultBuildOperationRunner.java:204)
	at org.gradle.internal.operations.DefaultBuildOperationRunner$CallableBuildOperationWorker.execute(DefaultBuildOperationRunner.java:199)
	at org.gradle.internal.operations.DefaultBuildOperationRunner$2.execute(DefaultBuildOperationRunner.java:66)
	at org.gradle.internal.operations.DefaultBuildOperationRunner$2.execute(DefaultBuildOperationRunner.java:59)
	at org.gradle.internal.operations.DefaultBuildOperationRunner.execute(DefaultBuildOperationRunner.java:157)
	at org.gradle.internal.operations.DefaultBuildOperationRunner.execute(DefaultBuildOperationRunner.java:59)
	at org.gradle.internal.operations.DefaultBuildOperationRunner.call(DefaultBuildOperationRunner.java:53)
	at org.gradle.internal.operations.DefaultBuildOperationExecutor.call(DefaultBuildOperationExecutor.java:73)
	at org.gradle.execution.BuildOperationFiringBuildWorkerExecutor.execute(BuildOperationFiringBuildWorkerExecutor.java:40)
	at org.gradle.internal.build.DefaultBuildLifecycleController.lambda$executeTasks$6(DefaultBuildLifecycleController.java:167)
	at org.gradle.internal.model.StateTransitionController.doTransition(StateTransitionController.java:247)
	at org.gradle.internal.model.StateTransitionController.lambda$tryTransition$7(StateTransitionController.java:174)
	at org.gradle.internal.work.DefaultSynchronizer.withLock(DefaultSynchronizer.java:44)
	at org.gradle.internal.model.StateTransitionController.tryTransition(StateTransitionController.java:174)
	at org.gradle.internal.build.DefaultBuildLifecycleController.executeTasks(DefaultBuildLifecycleController.java:167)
	at org.gradle.internal.build.DefaultBuildWorkGraphController$DefaultBuildWorkGraph.runWork(DefaultBuildWorkGraphController.java:190)
	at org.gradle.internal.work.DefaultWorkerLeaseService.withLocks(DefaultWorkerLeaseService.java:249)
	at org.gradle.internal.work.DefaultWorkerLeaseService.runAsWorkerThread(DefaultWorkerLeaseService.java:109)
	at org.gradle.composite.internal.DefaultBuildController.doRun(DefaultBuildController.java:172)
	at org.gradle.composite.internal.DefaultBuildController.access$000(DefaultBuildController.java:47)
	at org.gradle.composite.internal.DefaultBuildController$BuildOpRunnable.run(DefaultBuildController.java:191)
	at org.gradle.internal.concurrent.ExecutorPolicy$CatchAndRecordFailures.onExecute(ExecutorPolicy.java:64)
	at org.gradle.internal.concurrent.ManagedExecutorImpl$1.run(ManagedExecutorImpl.java:49)
Caused by: java.lang.RuntimeException: Manifest merger failed with multiple errors, see logs
	at com.android.build.gradle.internal.tasks.manifest.ManifestHelperKt.mergeManifests(ManifestHelper.kt:100)
	at com.android.build.gradle.tasks.ProcessApplicationManifest.doTaskAction(ProcessApplicationManifest.kt:168)
	at com.android.build.gradle.internal.tasks.NonIncrementalTask$taskAction$$inlined$recordTaskAction$1.invoke(BaseTask.kt:66)
	at com.android.build.gradle.internal.tasks.Blocks.recordSpan(Blocks.java:51)
	at com.android.build.gradle.internal.tasks.NonIncrementalTask.taskAction(NonIncrementalTask.kt:97)
	at java.base/jdk.internal.reflect.NativeMethodAccessorImpl.invoke0(Native Method)
	at java.base/jdk.internal.reflect.NativeMethodAccessorImpl.invoke(NativeMethodAccessorImpl.java:62)
	at java.base/jdk.internal.reflect.DelegatingMethodAccessorImpl.invoke(DelegatingMethodAccessorImpl.java:43)
	at org.gradle.internal.reflect.JavaMethod.invoke(JavaMethod.java:125)
	at org.gradle.api.internal.project.taskfactory.StandardTaskAction.doExecute(StandardTaskAction.java:58)
	at org.gradle.api.internal.project.taskfactory.StandardTaskAction.execute(StandardTaskAction.java:51)
	at org.gradle.api.internal.project.taskfactory.StandardTaskAction.execute(StandardTaskAction.java:29)
	at org.gradle.api.internal.tasks.execution.TaskExecution$3.run(TaskExecution.java:236)
	at org.gradle.internal.operations.DefaultBuildOperationRunner$1.execute(DefaultBuildOperationRunner.java:29)
	at org.gradle.internal.operations.DefaultBuildOperationRunner$1.execute(DefaultBuildOperationRunner.java:26)
	at org.gradle.internal.operations.DefaultBuildOperationRunner$2.execute(DefaultBuildOperationRunner.java:66)
	at org.gradle.internal.operations.DefaultBuildOperationRunner$2.execute(DefaultBuildOperationRunner.java:59)
	at org.gradle.internal.operations.DefaultBuildOperationRunner.execute(DefaultBuildOperationRunner.java:157)
	at org.gradle.internal.operations.DefaultBuildOperationRunner.execute(DefaultBuildOperationRunner.java:59)
	at org.gradle.internal.operations.DefaultBuildOperationRunner.run(DefaultBuildOperationRunner.java:47)
	at org.gradle.internal.operations.DefaultBuildOperationExecutor.run(DefaultBuildOperationExecutor.java:68)
	at org.gradle.api.internal.tasks.execution.TaskExecution.executeAction(TaskExecution.java:221)
	at org.gradle.api.internal.tasks.execution.TaskExecution.executeActions(TaskExecution.java:204)
	at org.gradle.api.internal.tasks.execution.TaskExecution.executeWithPreviousOutputFiles(TaskExecution.java:187)
	at org.gradle.api.internal.tasks.execution.TaskExecution.execute(TaskExecution.java:165)
	at org.gradle.internal.execution.steps.ExecuteStep.executeInternal(ExecuteStep.java:89)
	at org.gradle.internal.execution.steps.ExecuteStep.access$000(ExecuteStep.java:40)
	at org.gradle.internal.execution.steps.ExecuteStep$1.call(ExecuteStep.java:53)
	at org.gradle.internal.execution.steps.ExecuteStep$1.call(ExecuteStep.java:50)
	at org.gradle.internal.operations.DefaultBuildOperationRunner$CallableBuildOperationWorker.execute(DefaultBuildOperationRunner.java:204)
	at org.gradle.internal.operations.DefaultBuildOperationRunner$CallableBuildOperationWorker.execute(DefaultBuildOperationRunner.java:199)
	at org.gradle.internal.operations.DefaultBuildOperationRunner$2.execute(DefaultBuildOperationRunner.java:66)
	at org.gradle.internal.operations.DefaultBuildOperationRunner$2.execute(DefaultBuildOperationRunner.java:59)
	at org.gradle.internal.operations.DefaultBuildOperationRunner.execute(DefaultBuildOperationRunner.java:157)
	at org.gradle.internal.operations.DefaultBuildOperationRunner.execute(DefaultBuildOperationRunner.java:59)
	at org.gradle.internal.operations.DefaultBuildOperationRunner.call(DefaultBuildOperationRunner.java:53)
	at org.gradle.internal.operations.DefaultBuildOperationExecutor.call(DefaultBuildOperationExecutor.java:73)
	at org.gradle.internal.execution.steps.ExecuteStep.execute(ExecuteStep.java:50)
	at org.gradle.internal.execution.steps.ExecuteStep.execute(ExecuteStep.java:40)
	at org.gradle.internal.execution.steps.RemovePreviousOutputsStep.execute(RemovePreviousOutputsStep.java:68)
	at org.gradle.internal.execution.steps.RemovePreviousOutputsStep.execute(RemovePreviousOutputsStep.java:38)
	at org.gradle.internal.execution.steps.CancelExecutionStep.execute(CancelExecutionStep.java:41)
	at org.gradle.internal.execution.steps.TimeoutStep.executeWithoutTimeout(TimeoutStep.java:74)
	at org.gradle.internal.execution.steps.TimeoutStep.execute(TimeoutStep.java:55)
	at org.gradle.internal.execution.steps.CreateOutputsStep.execute(CreateOutputsStep.java:51)
	at org.gradle.internal.execution.steps.CreateOutputsStep.execute(CreateOutputsStep.java:29)
	at org.gradle.internal.execution.steps.CaptureStateAfterExecutionStep.executeDelegateBroadcastingChanges(CaptureStateAfterExecutionStep.java:124)
	at org.gradle.internal.execution.steps.CaptureStateAfterExecutionStep.execute(CaptureStateAfterExecutionStep.java:80)
	at org.gradle.internal.execution.steps.CaptureStateAfterExecutionStep.execute(CaptureStateAfterExecutionStep.java:58)
	at org.gradle.internal.execution.steps.ResolveInputChangesStep.execute(ResolveInputChangesStep.java:48)
	at org.gradle.internal.execution.steps.ResolveInputChangesStep.execute(ResolveInputChangesStep.java:36)
	at org.gradle.internal.execution.steps.BuildCacheStep.executeWithoutCache(BuildCacheStep.java:181)
	at org.gradle.internal.execution.steps.BuildCacheStep.lambda$execute$1(BuildCacheStep.java:71)
	at org.gradle.internal.Either$Right.fold(Either.java:175)
	at org.gradle.internal.execution.caching.CachingState.fold(CachingState.java:59)
	at org.gradle.internal.execution.steps.BuildCacheStep.execute(BuildCacheStep.java:69)
	at org.gradle.internal.execution.steps.BuildCacheStep.execute(BuildCacheStep.java:47)
	at org.gradle.internal.execution.steps.StoreExecutionStateStep.execute(StoreExecutionStateStep.java:36)
	at org.gradle.internal.execution.steps.StoreExecutionStateStep.execute(StoreExecutionStateStep.java:25)
	at org.gradle.internal.execution.steps.RecordOutputsStep.execute(RecordOutputsStep.java:36)
	at org.gradle.internal.execution.steps.RecordOutputsStep.execute(RecordOutputsStep.java:22)
	at org.gradle.internal.execution.steps.SkipUpToDateStep.executeBecause(SkipUpToDateStep.java:110)
	at org.gradle.internal.execution.steps.SkipUpToDateStep.lambda$execute$2(SkipUpToDateStep.java:56)
	at org.gradle.internal.execution.steps.SkipUpToDateStep.execute(SkipUpToDateStep.java:56)
	at org.gradle.internal.execution.steps.SkipUpToDateStep.execute(SkipUpToDateStep.java:38)
	at org.gradle.internal.execution.steps.ResolveChangesStep.execute(ResolveChangesStep.java:73)
	at org.gradle.internal.execution.steps.ResolveChangesStep.execute(ResolveChangesStep.java:44)
	at org.gradle.internal.execution.steps.legacy.MarkSnapshottingInputsFinishedStep.execute(MarkSnapshottingInputsFinishedStep.java:37)
	at org.gradle.internal.execution.steps.legacy.MarkSnapshottingInputsFinishedStep.execute(MarkSnapshottingInputsFinishedStep.java:27)
	at org.gradle.internal.execution.steps.ResolveCachingStateStep.execute(ResolveCachingStateStep.java:89)
	at org.gradle.internal.execution.steps.ResolveCachingStateStep.execute(ResolveCachingStateStep.java:50)
	at org.gradle.internal.execution.steps.ValidateStep.execute(ValidateStep.java:102)
	at org.gradle.internal.execution.steps.ValidateStep.execute(ValidateStep.java:57)
	at org.gradle.internal.execution.steps.CaptureStateBeforeExecutionStep.execute(CaptureStateBeforeExecutionStep.java:76)
	at org.gradle.internal.execution.steps.CaptureStateBeforeExecutionStep.execute(CaptureStateBeforeExecutionStep.java:50)
	at org.gradle.internal.execution.steps.SkipEmptyWorkStep.executeWithNoEmptySources(SkipEmptyWorkStep.java:254)
	at org.gradle.internal.execution.steps.SkipEmptyWorkStep.execute(SkipEmptyWorkStep.java:91)
	at org.gradle.internal.execution.steps.SkipEmptyWorkStep.execute(SkipEmptyWorkStep.java:56)
	at org.gradle.internal.execution.steps.RemoveUntrackedExecutionStateStep.execute(RemoveUntrackedExecutionStateStep.java:32)
	at org.gradle.internal.execution.steps.RemoveUntrackedExecutionStateStep.execute(RemoveUntrackedExecutionStateStep.java:21)
	at org.gradle.internal.execution.steps.legacy.MarkSnapshottingInputsStartedStep.execute(MarkSnapshottingInputsStartedStep.java:38)
	at org.gradle.internal.execution.steps.LoadPreviousExecutionStateStep.execute(LoadPreviousExecutionStateStep.java:43)
	at org.gradle.internal.execution.steps.LoadPreviousExecutionStateStep.execute(LoadPreviousExecutionStateStep.java:31)
	at org.gradle.internal.execution.steps.AssignWorkspaceStep.lambda$execute$0(AssignWorkspaceStep.java:40)
	at org.gradle.api.internal.tasks.execution.TaskExecution$4.withWorkspace(TaskExecution.java:281)
	at org.gradle.internal.execution.steps.AssignWorkspaceStep.execute(AssignWorkspaceStep.java:40)
	at org.gradle.internal.execution.steps.AssignWorkspaceStep.execute(AssignWorkspaceStep.java:30)
	at org.gradle.internal.execution.steps.IdentityCacheStep.execute(IdentityCacheStep.java:37)
	at org.gradle.internal.execution.steps.IdentityCacheStep.execute(IdentityCacheStep.java:27)
	at org.gradle.internal.execution.steps.IdentifyStep.execute(IdentifyStep.java:44)
	at org.gradle.internal.execution.steps.IdentifyStep.execute(IdentifyStep.java:33)
	at org.gradle.internal.execution.impl.DefaultExecutionEngine$1.execute(DefaultExecutionEngine.java:76)
	at org.gradle.api.internal.tasks.execution.ExecuteActionsTaskExecuter.executeIfValid(ExecuteActionsTaskExecuter.java:139)
	at org.gradle.api.internal.tasks.execution.ExecuteActionsTaskExecuter.execute(ExecuteActionsTaskExecuter.java:128)
	at org.gradle.api.internal.tasks.execution.CleanupStaleOutputsExecuter.execute(CleanupStaleOutputsExecuter.java:77)
	at org.gradle.api.internal.tasks.execution.FinalizePropertiesTaskExecuter.execute(FinalizePropertiesTaskExecuter.java:46)
	at org.gradle.api.internal.tasks.execution.ResolveTaskExecutionModeExecuter.execute(ResolveTaskExecutionModeExecuter.java:51)
	at org.gradle.api.internal.tasks.execution.SkipTaskWithNoActionsExecuter.execute(SkipTaskWithNoActionsExecuter.java:57)
	at org.gradle.api.internal.tasks.execution.SkipOnlyIfTaskExecuter.execute(SkipOnlyIfTaskExecuter.java:57)
	at org.gradle.api.internal.tasks.execution.CatchExceptionTaskExecuter.execute(CatchExceptionTaskExecuter.java:36)
	at org.gradle.api.internal.tasks.execution.EventFiringTaskExecuter$1.executeTask(EventFiringTaskExecuter.java:77)
	at org.gradle.api.internal.tasks.execution.EventFiringTaskExecuter$1.call(EventFiringTaskExecuter.java:55)
	at org.gradle.api.internal.tasks.execution.EventFiringTaskExecuter$1.call(EventFiringTaskExecuter.java:52)
	at org.gradle.internal.operations.DefaultBuildOperationRunner$CallableBuildOperationWorker.execute(DefaultBuildOperationRunner.java:204)
	at org.gradle.internal.operations.DefaultBuildOperationRunner$CallableBuildOperationWorker.execute(DefaultBuildOperationRunner.java:199)
	at org.gradle.internal.operations.DefaultBuildOperationRunner$2.execute(DefaultBuildOperationRunner.java:66)
	at org.gradle.internal.operations.DefaultBuildOperationRunner$2.execute(DefaultBuildOperationRunner.java:59)
	at org.gradle.internal.operations.DefaultBuildOperationRunner.execute(DefaultBuildOperationRunner.java:157)
	at org.gradle.internal.operations.DefaultBuildOperationRunner.execute(DefaultBuildOperationRunner.java:59)
	at org.gradle.internal.operations.DefaultBuildOperationRunner.call(DefaultBuildOperationRunner.java:53)
	at org.gradle.internal.operations.DefaultBuildOperationExecutor.call(DefaultBuildOperationExecutor.java:73)
	at org.gradle.api.internal.tasks.execution.EventFiringTaskExecuter.execute(EventFiringTaskExecuter.java:52)
	at org.gradle.execution.plan.LocalTaskNodeExecutor.execute(LocalTaskNodeExecutor.java:69)
	at org.gradle.execution.taskgraph.DefaultTaskExecutionGraph$InvokeNodeExecutorsAction.execute(DefaultTaskExecutionGraph.java:322)
	at org.gradle.execution.taskgraph.DefaultTaskExecutionGraph$InvokeNodeExecutorsAction.execute(DefaultTaskExecutionGraph.java:309)
	at org.gradle.execution.taskgraph.DefaultTaskExecutionGraph$BuildOperationAwareExecutionAction.execute(DefaultTaskExecutionGraph.java:302)
	at org.gradle.execution.taskgraph.DefaultTaskExecutionGraph$BuildOperationAwareExecutionAction.execute(DefaultTaskExecutionGraph.java:288)
	at org.gradle.execution.plan.DefaultPlanExecutor$ExecutorWorker.execute(DefaultPlanExecutor.java:462)
	at org.gradle.execution.plan.DefaultPlanExecutor$ExecutorWorker.run(DefaultPlanExecutor.java:379)
	at org.gradle.execution.plan.DefaultPlanExecutor.process(DefaultPlanExecutor.java:115)
	at org.gradle.execution.taskgraph.DefaultTaskExecutionGraph.executeWithServices(DefaultTaskExecutionGraph.java:135)
	at org.gradle.execution.taskgraph.DefaultTaskExecutionGraph.execute(DefaultTaskExecutionGraph.java:120)
	at org.gradle.execution.SelectedTaskExecutionAction.execute(SelectedTaskExecutionAction.java:35)
	at org.gradle.execution.DryRunBuildExecutionAction.execute(DryRunBuildExecutionAction.java:51)
	at org.gradle.execution.BuildOperationFiringBuildWorkerExecutor$ExecuteTasks.call(BuildOperationFiringBuildWorkerExecutor.java:54)
	at org.gradle.execution.BuildOperationFiringBuildWorkerExecutor$ExecuteTasks.call(BuildOperationFiringBuildWorkerExecutor.java:43)
	at org.gradle.internal.operations.DefaultBuildOperationRunner$CallableBuildOperationWorker.execute(DefaultBuildOperationRunner.java:204)
	at org.gradle.internal.operations.DefaultBuildOperationRunner$CallableBuildOperationWorker.execute(DefaultBuildOperationRunner.java:199)
	at org.gradle.internal.operations.DefaultBuildOperationRunner$2.execute(DefaultBuildOperationRunner.java:66)
	at org.gradle.internal.operations.DefaultBuildOperationRunner$2.execute(DefaultBuildOperationRunner.java:59)
	at org.gradle.internal.operations.DefaultBuildOperationRunner.execute(DefaultBuildOperationRunner.java:157)
	at org.gradle.internal.operations.DefaultBuildOperationRunner.execute(DefaultBuildOperationRunner.java:59)
	at org.gradle.internal.operations.DefaultBuildOperationRunner.call(DefaultBuildOperationRunner.java:53)
	at org.gradle.internal.operations.DefaultBuildOperationExecutor.call(DefaultBuildOperationExecutor.java:73)
	at org.gradle.execution.BuildOperationFiringBuildWorkerExecutor.execute(BuildOperationFiringBuildWorkerExecutor.java:40)
	at org.gradle.internal.build.DefaultBuildLifecycleController.lambda$executeTasks$6(DefaultBuildLifecycleController.java:167)
	at org.gradle.internal.model.StateTransitionController.doTransition(StateTransitionController.java:247)
	at org.gradle.internal.model.StateTransitionController.lambda$tryTransition$7(StateTransitionController.java:174)
	at org.gradle.internal.work.DefaultSynchronizer.withLock(DefaultSynchronizer.java:44)
	at org.gradle.internal.model.StateTransitionController.tryTransition(StateTransitionController.java:174)
	at org.gradle.internal.build.DefaultBuildLifecycleController.executeTasks(DefaultBuildLifecycleController.java:167)
	at org.gradle.internal.build.DefaultBuildWorkGraphController$DefaultBuildWorkGraph.runWork(DefaultBuildWorkGraphController.java:190)
	at org.gradle.internal.work.DefaultWorkerLeaseService.withLocks(DefaultWorkerLeaseService.java:249)
	at org.gradle.internal.work.DefaultWorkerLeaseService.runAsWorkerThread(DefaultWorkerLeaseService.java:109)
	at org.gradle.composite.internal.DefaultBuildController.doRun(DefaultBuildController.java:172)
	at org.gradle.composite.internal.DefaultBuildController.access$000(DefaultBuildController.java:47)
	at org.gradle.composite.internal.DefaultBuildController$BuildOpRunnable.run(DefaultBuildController.java:191)
	at org.gradle.internal.concurrent.ExecutorPolicy$CatchAndRecordFailures.onExecute(ExecutorPolicy.java:64)
	at org.gradle.internal.concurrent.ManagedExecutorImpl$1.run(ManagedExecutorImpl.java:49)

==============================================================================

2: Task failed with an exception.
-----------
* What went wrong:
Execution failed for task ':app:mergeReleaseResources'.
> A failure occurred while executing com.android.build.gradle.internal.res.ResourceCompilerRunnable
   > Resource compilation failed (Failed to compile values resource file /home/runner/work/Meowmdmdmmdd/Meowmdmdmmdd/MDGram/app/build/intermediates/incremental/release/mergeReleaseResources/merged.dir/values/values.xml. Cause: java.lang.IllegalStateException: Can not add resource (com.android.aaptcompiler.ParsedResource@55e5fdd0) to table.,Can not add resource (com.android.aaptcompiler.ParsedResource@7bed1087) to table.,Can not add resource (com.android.aaptcompiler.ParsedResource@3a8acd4) to table.,Can not add resource (com.android.aaptcompiler.ParsedResource@2306a395) to table.,Can not add resource (com.android.aaptcompiler.ParsedResource@5977d158) to table.,Can not add resource (com.android.aaptcompiler.ParsedResource@4a0d9bd9) to table.,Can not add resource (com.android.aaptcompiler.ParsedResource@c855040) to table.,Can not add resource (com.android.aaptcompiler.ParsedResource@1a89404e) to table.,Can not add resource (com.android.aaptcompiler.ParsedResource@7d93af56) to table.,Can not add resource (com.android.aaptcompiler.ParsedResource@5b66306e) to table.,Can not add resource (com.android.aaptcompiler.ParsedResource@7d477c12) to table.,Can not add resource (com.android.aaptcompiler.ParsedResource@2d9cd8c4) to table.,Can not add resource (com.android.aaptcompiler.ParsedResource@4d153b3e) to table.,Can not add resource (com.android.aaptcompiler.ParsedResource@271a87b2) to table.,Can not add resource (com.android.aaptcompiler.ParsedResource@617bc8af) to table.,Can not add resource (com.android.aaptcompiler.ParsedResource@2a6a76bc) to table.,Can not add resource (com.android.aaptcompiler.ParsedResource@4ec26404) to table.,Can not add resource (com.android.aaptcompiler.ParsedResource@3d164d79) to table.,Can not add resource (com.android.aaptcompiler.ParsedResource@217c4c4) to table.,Can not add resource (com.android.aaptcompiler.ParsedResource@7b318dac) to table.,Can not add resource (com.android.aaptcompiler.ParsedResource@260e348a) to table.,Can not add resource (com.android.aaptcompiler.ParsedResource@29fcc8b7) to table.,Can not add resource (com.android.aaptcompiler.ParsedResource@157108a8) to table.,Can not add resource (com.android.aaptcompiler.ParsedResource@625abb47) to table.,Can not add resource (com.android.aaptcompiler.ParsedResource@35a779e2) to table.,Can not add resource (com.android.aaptcompiler.ParsedResource@7a51b691) to table.,Can not add resource (com.android.aaptcompiler.ParsedResource@67f8c53b) to table.,Can not add resource (com.android.aaptcompiler.ParsedResource@50cfda00) to table.,Can not add resource (com.android.aaptcompiler.ParsedResource@5ea9d192) to table.,Can not add resource (com.android.aaptcompiler.ParsedResource@29bb01e8) to table.,Can not add resource (com.android.aaptcompiler.ParsedResource@84bd8f9) to table.,Can not add resource (com.android.aaptcompiler.ParsedResource@267a0c2a) to table.,Can not add resource (com.android.aaptcompiler.ParsedResource@364f7c36) to table.,Can not add resource (com.android.aaptcompiler.ParsedResource@478a9f56) to table.,Can not add resource (com.android.aaptcompiler.ParsedResource@11d01b4e) to table.,Can not add resource (com.android.aaptcompiler.ParsedResource@67bd5e02) to table.,Can not add resource (com.android.aaptcompiler.ParsedResource@2ade300f) to table.,Can not add resource (com.android.aaptcompiler.ParsedResource@393d7a2d) to table.,Can not add resource (com.android.aaptcompiler.ParsedResource@28a61c2f) to table.,Can not add resource (com.android.aaptcompiler.ParsedResource@25660a77) to table.,Can not add resource (com.android.aaptcompiler.ParsedResource@7e63189c) to table.,Can not add resource (com.android.aaptcompiler.ParsedResource@2c5de96f) to table.,Can not add resource (com.android.aaptcompiler.ParsedResource@3482dfaf) to table.,Can not add resource (com.android.aaptcompiler.ParsedResource@21a25efa) to table.,Can not add resource (com.android.aaptcompiler.ParsedResource@476305aa) to table.,Can not add resource (com.android.aaptcompiler.ParsedResource@4368ab8) to table.,Can not add resource (com.android.aaptcompiler.ParsedResource@266b5236) to table.,Can not add resource (com.android.aaptcompiler.ParsedResource@150d8d8f) to table.,Can not add resource (com.android.aaptcompiler.ParsedResource@4a1c94d1) to table.,Can not add resource (com.android.aaptcompiler.ParsedResource@7acfb460) to table.,Can not add resource (com.android.aaptcompiler.ParsedResource@649b3ed) to table.,Can not add resource (com.android.aaptcompiler.ParsedResource@7f51375e) to table.,Can not add resource (com.android.aaptcompiler.ParsedResource@51458e79) to table.,Can not add resource (com.android.aaptcompiler.ParsedResource@56ae5c85) to table.,Can not add resource (com.android.aaptcompiler.ParsedResource@1db34b66) to table.). Check logs for more details.

* Try:
> Run with --info or --debug option to get more log output.
> Run with --scan to get full insights.

* Exception is:
org.gradle.api.tasks.TaskExecutionException: Execution failed for task ':app:mergeReleaseResources'.
	at org.gradle.api.internal.tasks.execution.ExecuteActionsTaskExecuter.lambda$executeIfValid$1(ExecuteActionsTaskExecuter.java:142)
	at org.gradle.internal.Try$Failure.ifSuccessfulOrElse(Try.java:282)
	at org.gradle.api.internal.tasks.execution.ExecuteActionsTaskExecuter.executeIfValid(ExecuteActionsTaskExecuter.java:140)
	at org.gradle.api.internal.tasks.execution.ExecuteActionsTaskExecuter.execute(ExecuteActionsTaskExecuter.java:128)
	at org.gradle.api.internal.tasks.execution.CleanupStaleOutputsExecuter.execute(CleanupStaleOutputsExecuter.java:77)
	at org.gradle.api.internal.tasks.execution.FinalizePropertiesTaskExecuter.execute(FinalizePropertiesTaskExecuter.java:46)
	at org.gradle.api.internal.tasks.execution.ResolveTaskExecutionModeExecuter.execute(ResolveTaskExecutionModeExecuter.java:51)
	at org.gradle.api.internal.tasks.execution.SkipTaskWithNoActionsExecuter.execute(SkipTaskWithNoActionsExecuter.java:57)
	at org.gradle.api.internal.tasks.execution.SkipOnlyIfTaskExecuter.execute(SkipOnlyIfTaskExecuter.java:57)
	at org.gradle.api.internal.tasks.execution.CatchExceptionTaskExecuter.execute(CatchExceptionTaskExecuter.java:36)
	at org.gradle.api.internal.tasks.execution.EventFiringTaskExecuter$1.executeTask(EventFiringTaskExecuter.java:77)
	at org.gradle.api.internal.tasks.execution.EventFiringTaskExecuter$1.call(EventFiringTaskExecuter.java:55)
	at org.gradle.api.internal.tasks.execution.EventFiringTaskExecuter$1.call(EventFiringTaskExecuter.java:52)
	at org.gradle.internal.operations.DefaultBuildOperationRunner$CallableBuildOperationWorker.execute(DefaultBuildOperationRunner.java:204)
	at org.gradle.internal.operations.DefaultBuildOperationRunner$CallableBuildOperationWorker.execute(DefaultBuildOperationRunner.java:199)
	at org.gradle.internal.operations.DefaultBuildOperationRunner$2.execute(DefaultBuildOperationRunner.java:66)
	at org.gradle.internal.operations.DefaultBuildOperationRunner$2.execute(DefaultBuildOperationRunner.java:59)
	at org.gradle.internal.operations.DefaultBuildOperationRunner.execute(DefaultBuildOperationRunner.java:157)
	at org.gradle.internal.operations.DefaultBuildOperationRunner.execute(DefaultBuildOperationRunner.java:59)
	at org.gradle.internal.operations.DefaultBuildOperationRunner.call(DefaultBuildOperationRunner.java:53)
	at org.gradle.internal.operations.DefaultBuildOperationExecutor.call(DefaultBuildOperationExecutor.java:73)
	at org.gradle.api.internal.tasks.execution.EventFiringTaskExecuter.execute(EventFiringTaskExecuter.java:52)
	at org.gradle.execution.plan.LocalTaskNodeExecutor.execute(LocalTaskNodeExecutor.java:69)
	at org.gradle.execution.taskgraph.DefaultTaskExecutionGraph$InvokeNodeExecutorsAction.execute(DefaultTaskExecutionGraph.java:322)
	at org.gradle.execution.taskgraph.DefaultTaskExecutionGraph$InvokeNodeExecutorsAction.execute(DefaultTaskExecutionGraph.java:309)
	at org.gradle.execution.taskgraph.DefaultTaskExecutionGraph$BuildOperationAwareExecutionAction.execute(DefaultTaskExecutionGraph.java:302)
	at org.gradle.execution.taskgraph.DefaultTaskExecutionGraph$BuildOperationAwareExecutionAction.execute(DefaultTaskExecutionGraph.java:288)
	at org.gradle.execution.plan.DefaultPlanExecutor$ExecutorWorker.execute(DefaultPlanExecutor.java:462)
	at org.gradle.execution.plan.DefaultPlanExecutor$ExecutorWorker.run(DefaultPlanExecutor.java:379)
	at org.gradle.internal.concurrent.ExecutorPolicy$CatchAndRecordFailures.onExecute(ExecutorPolicy.java:64)
	at org.gradle.internal.concurrent.ManagedExecutorImpl$1.run(ManagedExecutorImpl.java:49)
	at java.base/java.util.concurrent.ThreadPoolExecutor.runWorker(ThreadPoolExecutor.java:1128)
	at java.base/java.util.concurrent.ThreadPoolExecutor$Worker.run(ThreadPoolExecutor.java:628)
	at java.base/java.lang.Thread.run(Thread.java:829)
Caused by: org.gradle.workers.internal.DefaultWorkerExecutor$WorkExecutionException: A failure occurred while executing com.android.build.gradle.internal.res.ResourceCompilerRunnable
	at org.gradle.workers.internal.DefaultWorkerExecutor$WorkItemExecution.waitForCompletion(DefaultWorkerExecutor.java:348)
	at org.gradle.internal.work.DefaultAsyncWorkTracker.lambda$waitForItemsAndGatherFailures$2(DefaultAsyncWorkTracker.java:130)
	at org.gradle.internal.Factories$1.create(Factories.java:31)
	at org.gradle.internal.work.DefaultWorkerLeaseService.withoutLocks(DefaultWorkerLeaseService.java:321)
	at org.gradle.internal.work.DefaultWorkerLeaseService.withoutLocks(DefaultWorkerLeaseService.java:304)
	at org.gradle.internal.work.DefaultWorkerLeaseService.withoutLock(DefaultWorkerLeaseService.java:309)
	at org.gradle.internal.work.DefaultAsyncWorkTracker.waitForItemsAndGatherFailures(DefaultAsyncWorkTracker.java:126)
	at org.gradle.internal.work.DefaultAsyncWorkTracker.waitForItemsAndGatherFailures(DefaultAsyncWorkTracker.java:92)
	at org.gradle.internal.work.DefaultAsyncWorkTracker.waitForAll(DefaultAsyncWorkTracker.java:78)
	at org.gradle.internal.work.DefaultAsyncWorkTracker.waitForCompletion(DefaultAsyncWorkTracker.java:66)
	at org.gradle.api.internal.tasks.execution.TaskExecution$3.run(TaskExecution.java:244)
	at org.gradle.internal.operations.DefaultBuildOperationRunner$1.execute(DefaultBuildOperationRunner.java:29)
	at org.gradle.internal.operations.DefaultBuildOperationRunner$1.execute(DefaultBuildOperationRunner.java:26)
	at org.gradle.internal.operations.DefaultBuildOperationRunner$2.execute(DefaultBuildOperationRunner.java:66)
	at org.gradle.internal.operations.DefaultBuildOperationRunner$2.execute(DefaultBuildOperationRunner.java:59)
	at org.gradle.internal.operations.DefaultBuildOperationRunner.execute(DefaultBuildOperationRunner.java:157)
	at org.gradle.internal.operations.DefaultBuildOperationRunner.execute(DefaultBuildOperationRunner.java:59)
	at org.gradle.internal.operations.DefaultBuildOperationRunner.run(DefaultBuildOperationRunner.java:47)
	at org.gradle.internal.operations.DefaultBuildOperationExecutor.run(DefaultBuildOperationExecutor.java:68)
	at org.gradle.api.internal.tasks.execution.TaskExecution.executeAction(TaskExecution.java:221)
	at org.gradle.api.internal.tasks.execution.TaskExecution.executeActions(TaskExecution.java:204)
	at org.gradle.api.internal.tasks.execution.TaskExecution.executeWithPreviousOutputFiles(TaskExecution.java:187)
	at org.gradle.api.internal.tasks.execution.TaskExecution.execute(TaskExecution.java:165)
	at org.gradle.internal.execution.steps.ExecuteStep.executeInternal(ExecuteStep.java:89)
	at org.gradle.internal.execution.steps.ExecuteStep.access$000(ExecuteStep.java:40)
	at org.gradle.internal.execution.steps.ExecuteStep$1.call(ExecuteStep.java:53)
	at org.gradle.internal.execution.steps.ExecuteStep$1.call(ExecuteStep.java:50)
	at org.gradle.internal.operations.DefaultBuildOperationRunner$CallableBuildOperationWorker.execute(DefaultBuildOperationRunner.java:204)
	at org.gradle.internal.operations.DefaultBuildOperationRunner$CallableBuildOperationWorker.execute(DefaultBuildOperationRunner.java:199)
	at org.gradle.internal.operations.DefaultBuildOperationRunner$2.execute(DefaultBuildOperationRunner.java:66)
	at org.gradle.internal.operations.DefaultBuildOperationRunner$2.execute(DefaultBuildOperationRunner.java:59)
	at org.gradle.internal.operations.DefaultBuildOperationRunner.execute(DefaultBuildOperationRunner.java:157)
	at org.gradle.internal.operations.DefaultBuildOperationRunner.execute(DefaultBuildOperationRunner.java:59)
	at org.gradle.internal.operations.DefaultBuildOperationRunner.call(DefaultBuildOperationRunner.java:53)
	at org.gradle.internal.operations.DefaultBuildOperationExecutor.call(DefaultBuildOperationExecutor.java:73)
	at org.gradle.internal.execution.steps.ExecuteStep.execute(ExecuteStep.java:50)
	at org.gradle.internal.execution.steps.ExecuteStep.execute(ExecuteStep.java:40)
	at org.gradle.internal.execution.steps.RemovePreviousOutputsStep.execute(RemovePreviousOutputsStep.java:68)
	at org.gradle.internal.execution.steps.RemovePreviousOutputsStep.execute(RemovePreviousOutputsStep.java:38)
	at org.gradle.internal.execution.steps.CancelExecutionStep.execute(CancelExecutionStep.java:41)
	at org.gradle.internal.execution.steps.TimeoutStep.executeWithoutTimeout(TimeoutStep.java:74)
	at org.gradle.internal.execution.steps.TimeoutStep.execute(TimeoutStep.java:55)
	at org.gradle.internal.execution.steps.CreateOutputsStep.execute(CreateOutputsStep.java:51)
	at org.gradle.internal.execution.steps.CreateOutputsStep.execute(CreateOutputsStep.java:29)
	at org.gradle.internal.execution.steps.CaptureStateAfterExecutionStep.executeDelegateBroadcastingChanges(CaptureStateAfterExecutionStep.java:124)
	at org.gradle.internal.execution.steps.CaptureStateAfterExecutionStep.execute(CaptureStateAfterExecutionStep.java:80)
	at org.gradle.internal.execution.steps.CaptureStateAfterExecutionStep.execute(CaptureStateAfterExecutionStep.java:58)
	at org.gradle.internal.execution.steps.ResolveInputChangesStep.execute(ResolveInputChangesStep.java:48)
	at org.gradle.internal.execution.steps.ResolveInputChangesStep.execute(ResolveInputChangesStep.java:36)
	at org.gradle.internal.execution.steps.BuildCacheStep.executeWithoutCache(BuildCacheStep.java:181)
	at org.gradle.internal.execution.steps.BuildCacheStep.lambda$execute$1(BuildCacheStep.java:71)
	at org.gradle.internal.Either$Right.fold(Either.java:175)
	at org.gradle.internal.execution.caching.CachingState.fold(CachingState.java:59)
	at org.gradle.internal.execution.steps.BuildCacheStep.execute(BuildCacheStep.java:69)
	at org.gradle.internal.execution.steps.BuildCacheStep.execute(BuildCacheStep.java:47)
	at org.gradle.internal.execution.steps.StoreExecutionStateStep.execute(StoreExecutionStateStep.java:36)
	at org.gradle.internal.execution.steps.StoreExecutionStateStep.execute(StoreExecutionStateStep.java:25)
	at org.gradle.internal.execution.steps.RecordOutputsStep.execute(RecordOutputsStep.java:36)
	at org.gradle.internal.execution.steps.RecordOutputsStep.execute(RecordOutputsStep.java:22)
	at org.gradle.internal.execution.steps.SkipUpToDateStep.executeBecause(SkipUpToDateStep.java:110)
	at org.gradle.internal.execution.steps.SkipUpToDateStep.lambda$execute$2(SkipUpToDateStep.java:56)
	at java.base/java.util.Optional.orElseGet(Optional.java:369)
	at org.gradle.internal.execution.steps.SkipUpToDateStep.execute(SkipUpToDateStep.java:56)
	at org.gradle.internal.execution.steps.SkipUpToDateStep.execute(SkipUpToDateStep.java:38)
	at org.gradle.internal.execution.steps.ResolveChangesStep.execute(ResolveChangesStep.java:73)
	at org.gradle.internal.execution.steps.ResolveChangesStep.execute(ResolveChangesStep.java:44)
	at org.gradle.internal.execution.steps.legacy.MarkSnapshottingInputsFinishedStep.execute(MarkSnapshottingInputsFinishedStep.java:37)
	at org.gradle.internal.execution.steps.legacy.MarkSnapshottingInputsFinishedStep.execute(MarkSnapshottingInputsFinishedStep.java:27)
	at org.gradle.internal.execution.steps.ResolveCachingStateStep.execute(ResolveCachingStateStep.java:89)
	at org.gradle.internal.execution.steps.ResolveCachingStateStep.execute(ResolveCachingStateStep.java:50)
	at org.gradle.internal.execution.steps.ValidateStep.execute(ValidateStep.java:102)
	at org.gradle.internal.execution.steps.ValidateStep.execute(ValidateStep.java:57)
	at org.gradle.internal.execution.steps.CaptureStateBeforeExecutionStep.execute(CaptureStateBeforeExecutionStep.java:76)
	at org.gradle.internal.execution.steps.CaptureStateBeforeExecutionStep.execute(CaptureStateBeforeExecutionStep.java:50)
	at org.gradle.internal.execution.steps.SkipEmptyWorkStep.executeWithNoEmptySources(SkipEmptyWorkStep.java:254)
	at org.gradle.internal.execution.steps.SkipEmptyWorkStep.execute(SkipEmptyWorkStep.java:91)
	at org.gradle.internal.execution.steps.SkipEmptyWorkStep.execute(SkipEmptyWorkStep.java:56)
	at org.gradle.internal.execution.steps.RemoveUntrackedExecutionStateStep.execute(RemoveUntrackedExecutionStateStep.java:32)
	at org.gradle.internal.execution.steps.RemoveUntrackedExecutionStateStep.execute(RemoveUntrackedExecutionStateStep.java:21)
	at org.gradle.internal.execution.steps.legacy.MarkSnapshottingInputsStartedStep.execute(MarkSnapshottingInputsStartedStep.java:38)
	at org.gradle.internal.execution.steps.LoadPreviousExecutionStateStep.execute(LoadPreviousExecutionStateStep.java:43)
	at org.gradle.internal.execution.steps.LoadPreviousExecutionStateStep.execute(LoadPreviousExecutionStateStep.java:31)
	at org.gradle.internal.execution.steps.AssignWorkspaceStep.lambda$execute$0(AssignWorkspaceStep.java:40)
	at org.gradle.api.internal.tasks.execution.TaskExecution$4.withWorkspace(TaskExecution.java:281)
	at org.gradle.internal.execution.steps.AssignWorkspaceStep.execute(AssignWorkspaceStep.java:40)
	at org.gradle.internal.execution.steps.AssignWorkspaceStep.execute(AssignWorkspaceStep.java:30)
	at org.gradle.internal.execution.steps.IdentityCacheStep.execute(IdentityCacheStep.java:37)
	at org.gradle.internal.execution.steps.IdentityCacheStep.execute(IdentityCacheStep.java:27)
	at org.gradle.internal.execution.steps.IdentifyStep.execute(IdentifyStep.java:44)
	at org.gradle.internal.execution.steps.IdentifyStep.execute(IdentifyStep.java:33)
	at org.gradle.internal.execution.impl.DefaultExecutionEngine$1.execute(DefaultExecutionEngine.java:76)
	at org.gradle.api.internal.tasks.execution.ExecuteActionsTaskExecuter.executeIfValid(ExecuteActionsTaskExecuter.java:139)
	at org.gradle.api.internal.tasks.execution.ExecuteActionsTaskExecuter.execute(ExecuteActionsTaskExecuter.java:128)
	at org.gradle.api.internal.tasks.execution.CleanupStaleOutputsExecuter.execute(CleanupStaleOutputsExecuter.java:77)
	at org.gradle.api.internal.tasks.execution.FinalizePropertiesTaskExecuter.execute(FinalizePropertiesTaskExecuter.java:46)
	at org.gradle.api.internal.tasks.execution.ResolveTaskExecutionModeExecuter.execute(ResolveTaskExecutionModeExecuter.java:51)
	at org.gradle.api.internal.tasks.execution.SkipTaskWithNoActionsExecuter.execute(SkipTaskWithNoActionsExecuter.java:57)
	at org.gradle.api.internal.tasks.execution.SkipOnlyIfTaskExecuter.execute(SkipOnlyIfTaskExecuter.java:57)
	at org.gradle.api.internal.tasks.execution.CatchExceptionTaskExecuter.execute(CatchExceptionTaskExecuter.java:36)
	at org.gradle.api.internal.tasks.execution.EventFiringTaskExecuter$1.executeTask(EventFiringTaskExecuter.java:77)
	at org.gradle.api.internal.tasks.execution.EventFiringTaskExecuter$1.call(EventFiringTaskExecuter.java:55)
	at org.gradle.api.internal.tasks.execution.EventFiringTaskExecuter$1.call(EventFiringTaskExecuter.java:52)
	at org.gradle.internal.operations.DefaultBuildOperationRunner$CallableBuildOperationWorker.execute(DefaultBuildOperationRunner.java:204)
	at org.gradle.internal.operations.DefaultBuildOperationRunner$CallableBuildOperationWorker.execute(DefaultBuildOperationRunner.java:199)
	at org.gradle.internal.operations.DefaultBuildOperationRunner$2.execute(DefaultBuildOperationRunner.java:66)
	at org.gradle.internal.operations.DefaultBuildOperationRunner$2.execute(DefaultBuildOperationRunner.java:59)
	at org.gradle.internal.operations.DefaultBuildOperationRunner.execute(DefaultBuildOperationRunner.java:157)
	at org.gradle.internal.operations.DefaultBuildOperationRunner.execute(DefaultBuildOperationRunner.java:59)
	at org.gradle.internal.operations.DefaultBuildOperationRunner.call(DefaultBuildOperationRunner.java:53)
	at org.gradle.internal.operations.DefaultBuildOperationExecutor.call(DefaultBuildOperationExecutor.java:73)
	at org.gradle.api.internal.tasks.execution.EventFiringTaskExecuter.execute(EventFiringTaskExecuter.java:52)
	at org.gradle.execution.plan.LocalTaskNodeExecutor.execute(LocalTaskNodeExecutor.java:69)
	at org.gradle.execution.taskgraph.DefaultTaskExecutionGraph$InvokeNodeExecutorsAction.execute(DefaultTaskExecutionGraph.java:322)
	at org.gradle.execution.taskgraph.DefaultTaskExecutionGraph$InvokeNodeExecutorsAction.execute(DefaultTaskExecutionGraph.java:309)
	at org.gradle.execution.taskgraph.DefaultTaskExecutionGraph$BuildOperationAwareExecutionAction.execute(DefaultTaskExecutionGraph.java:302)
	at org.gradle.execution.taskgraph.DefaultTaskExecutionGraph$BuildOperationAwareExecutionAction.execute(DefaultTaskExecutionGraph.java:288)
	at org.gradle.execution.plan.DefaultPlanExecutor$ExecutorWorker.execute(DefaultPlanExecutor.java:462)
	at org.gradle.execution.plan.DefaultPlanExecutor$ExecutorWorker.run(DefaultPlanExecutor.java:379)
	at org.gradle.internal.concurrent.ExecutorPolicy$CatchAndRecordFailures.onExecute(ExecutorPolicy.java:64)
	at org.gradle.internal.concurrent.ManagedExecutorImpl$1.run(ManagedExecutorImpl.java:49)
	at java.base/java.util.concurrent.ThreadPoolExecutor.runWorker(ThreadPoolExecutor.java:1128)
	at java.base/java.util.concurrent.ThreadPoolExecutor$Worker.run(ThreadPoolExecutor.java:628)
	at java.base/java.lang.Thread.run(Thread.java:829)
Caused by: com.android.aaptcompiler.ResourceCompilationException: Resource compilation failed (Failed to compile values resource file /home/runner/work/Meowmdmdmmdd/Meowmdmdmmdd/MDGram/app/build/intermediates/incremental/release/mergeReleaseResources/merged.dir/values/values.xml. Cause: java.lang.IllegalStateException: Can not add resource (com.android.aaptcompiler.ParsedResource@55e5fdd0) to table.,Can not add resource (com.android.aaptcompiler.ParsedResource@7bed1087) to table.,Can not add resource (com.android.aaptcompiler.ParsedResource@3a8acd4) to table.,Can not add resource (com.android.aaptcompiler.ParsedResource@2306a395) to table.,Can not add resource (com.android.aaptcompiler.ParsedResource@5977d158) to table.,Can not add resource (com.android.aaptcompiler.ParsedResource@4a0d9bd9) to table.,Can not add resource (com.android.aaptcompiler.ParsedResource@c855040) to table.,Can not add resource (com.android.aaptcompiler.ParsedResource@1a89404e) to table.,Can not add resource (com.android.aaptcompiler.ParsedResource@7d93af56) to table.,Can not add resource (com.android.aaptcompiler.ParsedResource@5b66306e) to table.,Can not add resource (com.android.aaptcompiler.ParsedResource@7d477c12) to table.,Can not add resource (com.android.aaptcompiler.ParsedResource@2d9cd8c4) to table.,Can not add resource (com.android.aaptcompiler.ParsedResource@4d153b3e) to table.,Can not add resource (com.android.aaptcompiler.ParsedResource@271a87b2) to table.,Can not add resource (com.android.aaptcompiler.ParsedResource@617bc8af) to table.,Can not add resource (com.android.aaptcompiler.ParsedResource@2a6a76bc) to table.,Can not add resource (com.android.aaptcompiler.ParsedResource@4ec26404) to table.,Can not add resource (com.android.aaptcompiler.ParsedResource@3d164d79) to table.,Can not add resource (com.android.aaptcompiler.ParsedResource@217c4c4) to table.,Can not add resource (com.android.aaptcompiler.ParsedResource@7b318dac) to table.,Can not add resource (com.android.aaptcompiler.ParsedResource@260e348a) to table.,Can not add resource (com.android.aaptcompiler.ParsedResource@29fcc8b7) to table.,Can not add resource (com.android.aaptcompiler.ParsedResource@157108a8) to table.,Can not add resource (com.android.aaptcompiler.ParsedResource@625abb47) to table.,Can not add resource (com.android.aaptcompiler.ParsedResource@35a779e2) to table.,Can not add resource (com.android.aaptcompiler.ParsedResource@7a51b691) to table.,Can not add resource (com.android.aaptcompiler.ParsedResource@67f8c53b) to table.,Can not add resource (com.android.aaptcompiler.ParsedResource@50cfda00) to table.,Can not add resource (com.android.aaptcompiler.ParsedResource@5ea9d192) to table.,Can not add resource (com.android.aaptcompiler.ParsedResource@29bb01e8) to table.,Can not add resource (com.android.aaptcompiler.ParsedResource@84bd8f9) to table.,Can not add resource (com.android.aaptcompiler.ParsedResource@267a0c2a) to table.,Can not add resource (com.android.aaptcompiler.ParsedResource@364f7c36) to table.,Can not add resource (com.android.aaptcompiler.ParsedResource@478a9f56) to table.,Can not add resource (com.android.aaptcompiler.ParsedResource@11d01b4e) to table.,Can not add resource (com.android.aaptcompiler.ParsedResource@67bd5e02) to table.,Can not add resource (com.android.aaptcompiler.ParsedResource@2ade300f) to table.,Can not add resource (com.android.aaptcompiler.ParsedResource@393d7a2d) to table.,Can not add resource (com.android.aaptcompiler.ParsedResource@28a61c2f) to table.,Can not add resource (com.android.aaptcompiler.ParsedResource@25660a77) to table.,Can not add resource (com.android.aaptcompiler.ParsedResource@7e63189c) to table.,Can not add resource (com.android.aaptcompiler.ParsedResource@2c5de96f) to table.,Can not add resource (com.android.aaptcompiler.ParsedResource@3482dfaf) to table.,Can not add resource (com.android.aaptcompiler.ParsedResource@21a25efa) to table.,Can not add resource (com.android.aaptcompiler.ParsedResource@476305aa) to table.,Can not add resource (com.android.aaptcompiler.ParsedResource@4368ab8) to table.,Can not add resource (com.android.aaptcompiler.ParsedResource@266b5236) to table.,Can not add resource (com.android.aaptcompiler.ParsedResource@150d8d8f) to table.,Can not add resource (com.android.aaptcompiler.ParsedResource@4a1c94d1) to table.,Can not add resource (com.android.aaptcompiler.ParsedResource@7acfb460) to table.,Can not add resource (com.android.aaptcompiler.ParsedResource@649b3ed) to table.,Can not add resource (com.android.aaptcompiler.ParsedResource@7f51375e) to table.,Can not add resource (com.android.aaptcompiler.ParsedResource@51458e79) to table.,Can not add resource (com.android.aaptcompiler.ParsedResource@56ae5c85) to table.,Can not add resource (com.android.aaptcompiler.ParsedResource@1db34b66) to table.). Check logs for more details.
	at com.android.aaptcompiler.ResourceCompiler.compileResource(ResourceCompiler.kt:129)
	at com.android.build.gradle.internal.res.ResourceCompilerRunnable$Companion.compileSingleResource(ResourceCompilerRunnable.kt:34)
	at com.android.build.gradle.internal.res.ResourceCompilerRunnable.run(ResourceCompilerRunnable.kt:15)
	at com.android.build.gradle.internal.profile.ProfileAwareWorkAction.execute(ProfileAwareWorkAction.kt:74)
	at org.gradle.workers.internal.DefaultWorkerServer.execute(DefaultWorkerServer.java:63)
	at org.gradle.workers.internal.NoIsolationWorkerFactory$1$1.create(NoIsolationWorkerFactory.java:66)
	at org.gradle.workers.internal.NoIsolationWorkerFactory$1$1.create(NoIsolationWorkerFactory.java:62)
	at org.gradle.internal.classloader.ClassLoaderUtils.executeInClassloader(ClassLoaderUtils.java:100)
	at org.gradle.workers.internal.NoIsolationWorkerFactory$1.lambda$execute$0(NoIsolationWorkerFactory.java:62)
	at org.gradle.workers.internal.AbstractWorker$1.call(AbstractWorker.java:44)
	at org.gradle.workers.internal.AbstractWorker$1.call(AbstractWorker.java:41)
	at org.gradle.internal.operations.DefaultBuildOperationRunner$CallableBuildOperationWorker.execute(DefaultBuildOperationRunner.java:204)
	at org.gradle.internal.operations.DefaultBuildOperationRunner$CallableBuildOperationWorker.execute(DefaultBuildOperationRunner.java:199)
	at org.gradle.internal.operations.DefaultBuildOperationRunner$2.execute(DefaultBuildOperationRunner.java:66)
	at org.gradle.internal.operations.DefaultBuildOperationRunner$2.execute(DefaultBuildOperationRunner.java:59)
	at org.gradle.internal.operations.DefaultBuildOperationRunner.execute(DefaultBuildOperationRunner.java:157)
	at org.gradle.internal.operations.DefaultBuildOperationRunner.execute(DefaultBuildOperationRunner.java:59)
	at org.gradle.internal.operations.DefaultBuildOperationRunner.call(DefaultBuildOperationRunner.java:53)
	at org.gradle.internal.operations.DefaultBuildOperationExecutor.call(DefaultBuildOperationExecutor.java:73)
	at org.gradle.workers.internal.AbstractWorker.executeWrappedInBuildOperation(AbstractWorker.java:41)
	at org.gradle.workers.internal.NoIsolationWorkerFactory$1.execute(NoIsolationWorkerFactory.java:59)
	at org.gradle.workers.internal.DefaultWorkerExecutor.lambda$submitWork$2(DefaultWorkerExecutor.java:212)
	at java.base/java.util.concurrent.FutureTask.run(FutureTask.java:264)
	at org.gradle.internal.work.DefaultConditionalExecutionQueue$ExecutionRunner.runExecution(DefaultConditionalExecutionQueue.java:187)
	at org.gradle.internal.work.DefaultConditionalExecutionQueue$ExecutionRunner.access$700(DefaultConditionalExecutionQueue.java:120)
	at org.gradle.internal.work.DefaultConditionalExecutionQueue$ExecutionRunner$1.run(DefaultConditionalExecutionQueue.java:162)
	at org.gradle.internal.Factories$1.create(Factories.java:31)
	at org.gradle.internal.work.DefaultWorkerLeaseService.withLocks(DefaultWorkerLeaseService.java:249)
	at org.gradle.internal.work.DefaultWorkerLeaseService.runAsWorkerThread(DefaultWorkerLeaseService.java:109)
	at org.gradle.internal.work.DefaultWorkerLeaseService.runAsWorkerThread(DefaultWorkerLeaseService.java:114)
	at org.gradle.internal.work.DefaultConditionalExecutionQueue$ExecutionRunner.runBatch(DefaultConditionalExecutionQueue.java:157)
	at org.gradle.internal.work.DefaultConditionalExecutionQueue$ExecutionRunner.run(DefaultConditionalExecutionQueue.java:126)
	at java.base/java.util.concurrent.Executors$RunnableAdapter.call(Executors.java:515)
	at java.base/java.util.concurrent.FutureTask.run(FutureTask.java:264)
	... 5 more
Caused by: com.android.aaptcompiler.ResourceCompilationException: Failed to compile values resource file /home/runner/work/Meowmdmdmmdd/Meowmdmdmmdd/MDGram/app/build/intermediates/incremental/release/mergeReleaseResources/merged.dir/values/values.xml
	at com.android.aaptcompiler.ResourceCompiler.compileTable(ResourceCompiler.kt:192)
	at com.android.aaptcompiler.ResourceCompiler.access$compileTable(ResourceCompiler.kt:1)
	at com.android.aaptcompiler.ResourceCompiler$getCompileMethod$1.invoke(ResourceCompiler.kt:138)
	at com.android.aaptcompiler.ResourceCompiler$getCompileMethod$1.invoke(ResourceCompiler.kt:138)
	at com.android.aaptcompiler.ResourceCompiler.compileResource(ResourceCompiler.kt:123)
	... 38 more
Caused by: java.lang.IllegalStateException: Can not add resource (com.android.aaptcompiler.ParsedResource@55e5fdd0) to table.,Can not add resource (com.android.aaptcompiler.ParsedResource@7bed1087) to table.,Can not add resource (com.android.aaptcompiler.ParsedResource@3a8acd4) to table.,Can not add resource (com.android.aaptcompiler.ParsedResource@2306a395) to table.,Can not add resource (com.android.aaptcompiler.ParsedResource@5977d158) to table.,Can not add resource (com.android.aaptcompiler.ParsedResource@4a0d9bd9) to table.,Can not add resource (com.android.aaptcompiler.ParsedResource@c855040) to table.,Can not add resource (com.android.aaptcompiler.ParsedResource@1a89404e) to table.,Can not add resource (com.android.aaptcompiler.ParsedResource@7d93af56) to table.,Can not add resource (com.android.aaptcompiler.ParsedResource@5b66306e) to table.,Can not add resource (com.android.aaptcompiler.ParsedResource@7d477c12) to table.,Can not add resource (com.android.aaptcompiler.ParsedResource@2d9cd8c4) to table.,Can not add resource (com.android.aaptcompiler.ParsedResource@4d153b3e) to table.,Can not add resource (com.android.aaptcompiler.ParsedResource@271a87b2) to table.,Can not add resource (com.android.aaptcompiler.ParsedResource@617bc8af) to table.,Can not add resource (com.android.aaptcompiler.ParsedResource@2a6a76bc) to table.,Can not add resource (com.android.aaptcompiler.ParsedResource@4ec26404) to table.,Can not add resource (com.android.aaptcompiler.ParsedResource@3d164d79) to table.,Can not add resource (com.android.aaptcompiler.ParsedResource@217c4c4) to table.,Can not add resource (com.android.aaptcompiler.ParsedResource@7b318dac) to table.,Can not add resource (com.android.aaptcompiler.ParsedResource@260e348a) to table.,Can not add resource (com.android.aaptcompiler.ParsedResource@29fcc8b7) to table.,Can not add resource (com.android.aaptcompiler.ParsedResource@157108a8) to table.,Can not add resource (com.android.aaptcompiler.ParsedResource@625abb47) to table.,Can not add resource (com.android.aaptcompiler.ParsedResource@35a779e2) to table.,Can not add resource (com.android.aaptcompiler.ParsedResource@7a51b691) to table.,Can not add resource (com.android.aaptcompiler.ParsedResource@67f8c53b) to table.,Can not add resource (com.android.aaptcompiler.ParsedResource@50cfda00) to table.,Can not add resource (com.android.aaptcompiler.ParsedResource@5ea9d192) to table.,Can not add resource (com.android.aaptcompiler.ParsedResource@29bb01e8) to table.,Can not add resource (com.android.aaptcompiler.ParsedResource@84bd8f9) to table.,Can not add resource (com.android.aaptcompiler.ParsedResource@267a0c2a) to table.,Can not add resource (com.android.aaptcompiler.ParsedResource@364f7c36) to table.,Can not add resource (com.android.aaptcompiler.ParsedResource@478a9f56) to table.,Can not add resource (com.android.aaptcompiler.ParsedResource@11d01b4e) to table.,Can not add resource (com.android.aaptcompiler.ParsedResource@67bd5e02) to table.,Can not add resource (com.android.aaptcompiler.ParsedResource@2ade300f) to table.,Can not add resource (com.android.aaptcompiler.ParsedResource@393d7a2d) to table.,Can not add resource (com.android.aaptcompiler.ParsedResource@28a61c2f) to table.,Can not add resource (com.android.aaptcompiler.ParsedResource@25660a77) to table.,Can not add resource (com.android.aaptcompiler.ParsedResource@7e63189c) to table.,Can not add resource (com.android.aaptcompiler.ParsedResource@2c5de96f) to table.,Can not add resource (com.android.aaptcompiler.ParsedResource@3482dfaf) to table.,Can not add resource (com.android.aaptcompiler.ParsedResource@21a25efa) to table.,Can not add resource (com.android.aaptcompiler.ParsedResource@476305aa) to table.,Can not add resource (com.android.aaptcompiler.ParsedResource@4368ab8) to table.,Can not add resource (com.android.aaptcompiler.ParsedResource@266b5236) to table.,Can not add resource (com.android.aaptcompiler.ParsedResource@150d8d8f) to table.,Can not add resource (com.android.aaptcompiler.ParsedResource@4a1c94d1) to table.,Can not add resource (com.android.aaptcompiler.ParsedResource@7acfb460) to table.,Can not add resource (com.android.aaptcompiler.ParsedResource@649b3ed) to table.,Can not add resource (com.android.aaptcompiler.ParsedResource@7f51375e) to table.,Can not add resource (com.android.aaptcompiler.ParsedResource@51458e79) to table.,Can not add resource (com.android.aaptcompiler.ParsedResource@56ae5c85) to table.,Can not add resource (com.android.aaptcompiler.ParsedResource@1db34b66) to table.
	at com.android.aaptcompiler.TableExtractor.extractResourceValues(TableExtractor.kt:270)
	at com.android.aaptcompiler.TableExtractor.extract(TableExtractor.kt:181)
	at com.android.aaptcompiler.ResourceCompiler.compileTable(ResourceCompiler.kt:188)
	... 42 more

==============================================================================

* Get more help at https://help.gradle.org

BUILD FAILED in 1m 55s
14 actionable tasks: 14 executed
