Downloading https://services.gradle.org/distributions/gradle-7.6-bin.zip
...........10%............20%...........30%............40%............50%...........60%............70%............80%...........90%............100%

Welcome to Gradle 7.6!

Here are the highlights of this release:
 - Added support for Java 19.
 - Introduced `--rerun` flag for individual task rerun.
 - Improved dependency block for test suites to be strongly typed.
 - Added a pluggable system for Java toolchains provisioning.

For more details see https://docs.gradle.org/7.6/release-notes.html

To honour the JVM settings for this build a single-use Daemon process will be forked. See https://docs.gradle.org/7.6/userguide/gradle_daemon.html#sec:disabling_the_daemon.
Daemon will be stopped at the end of the build 
Checking the license for package Android SDK Build-Tools 30.0.3 in /usr/local/lib/android/sdk/licenses
License for package Android SDK Build-Tools 30.0.3 accepted.
Preparing "Install Android SDK Build-Tools 30.0.3 (revision: 30.0.3)".
"Install Android SDK Build-Tools 30.0.3 (revision: 30.0.3)" ready.
Installing Android SDK Build-Tools 30.0.3 in /usr/local/lib/android/sdk/build-tools/30.0.3
"Install Android SDK Build-Tools 30.0.3 (revision: 30.0.3)" complete.
"Install Android SDK Build-Tools 30.0.3 (revision: 30.0.3)" finished.
Checking the license for package Android SDK Platform 33 in /usr/local/lib/android/sdk/licenses
License for package Android SDK Platform 33 accepted.
Preparing "Install Android SDK Platform 33 (revision: 3)".
"Install Android SDK Platform 33 (revision: 3)" ready.
Installing Android SDK Platform 33 in /usr/local/lib/android/sdk/platforms/android-33
"Install Android SDK Platform 33 (revision: 3)" complete.
"Install Android SDK Platform 33 (revision: 3)" finished.
> Task :app:preBuild UP-TO-DATE
> Task :app:preReleaseBuild UP-TO-DATE
> Task :app:mergeReleaseJniLibFolders

> Task :app:mergeReleaseNativeLibs
WARNING:Your project has set `android.useAndroidX=true`, but configuration `:app:releaseRuntimeClasspath` still contains legacy support libraries, which may cause runtime issues.
This behavior will not be allowed in Android Gradle plugin 8.0.
Please use only AndroidX dependencies or set `android.enableJetifier=true` in the `gradle.properties` file to migrate your project to AndroidX (see https://developer.android.com/jetpack/androidx/migrate for more info).
The following legacy support libraries are detected:
:app:releaseRuntimeClasspath -> com.stripe:stripe-android:2.0.2 -> com.android.support:support-annotations:25.1.0

> Task :app:stripReleaseDebugSymbols
Unable to strip the following libraries, packaging them as they are: liblanguage_id_jni.so, liblanguage_id_l2c_jni.so, libtmessages.42.so.

> Task :app:extractReleaseNativeSymbolTables
> Task :app:mergeReleaseNativeDebugMetadata NO-SOURCE
> Task :app:compileReleaseAidl NO-SOURCE
> Task :app:compileReleaseRenderscript NO-SOURCE
> Task :app:generateReleaseBuildConfig
> Task :app:javaPreCompileRelease
> Task :app:checkReleaseAarMetadata
> Task :app:generateReleaseResValues
> Task :app:desugarReleaseFileDependencies
> Task :app:mapReleaseSourceSetPaths
> Task :app:generateReleaseResources

> Task :app:mergeReleaseResources
/home/runner/work/Meowmdmdmmdd/Meowmdmdmmdd/MDGram/app/src/main/res/values/strings.xml:1340:2: Multiple substitutions specified in non-positional format of string resource string/ForwardingFromNameAndMessage. Did you mean to add the formatted="false" attribute?
/home/runner/work/Meowmdmdmmdd/Meowmdmdmmdd/MDGram/app/src/main/res/values/strings.xml:5774:2: Multiple substitutions specified in non-positional format of string resource string/NotificationTopicExceptionsDesctription_few. Did you mean to add the formatted="false" attribute?
/home/runner/work/Meowmdmdmmdd/Meowmdmdmmdd/MDGram/app/src/main/res/values/strings.xml:5771:2: Multiple substitutions specified in non-positional format of string resource string/NotificationTopicExceptionsDesctription_many. Did you mean to add the formatted="false" attribute?
/home/runner/work/Meowmdmdmmdd/Meowmdmdmmdd/MDGram/app/src/main/res/values/strings.xml:5775:2: Multiple substitutions specified in non-positional format of string resource string/NotificationTopicExceptionsDesctription_one. Did you mean to add the formatted="false" attribute?
/home/runner/work/Meowmdmdmmdd/Meowmdmdmmdd/MDGram/app/src/main/res/values/strings.xml:5772:2: Multiple substitutions specified in non-positional format of string resource string/NotificationTopicExceptionsDesctription_other. Did you mean to add the formatted="false" attribute?
/home/runner/work/Meowmdmdmmdd/Meowmdmdmmdd/MDGram/app/src/main/res/values/strings.xml:1409:2: Multiple substitutions specified in non-positional format of string resource string/NotificationTopicExceptionsDesctription_two. Did you mean to add the formatted="false" attribute?

> Task :app:createReleaseCompatibleScreenManifests
> Task :app:extractDeepLinksRelease

> Task :app:mergeReleaseResources
/home/runner/work/Meowmdmdmmdd/Meowmdmdmmdd/MDGram/app/src/main/res/values-ko/strings.xml:3389:2: Multiple substitutions specified in non-positional format of string resource string/CallEmojiKeyTooltip. Did you mean to add the formatted="false" attribute?

> Task :app:processReleaseMainManifest
package="org.telegram.messenger" found in source AndroidManifest.xml: /home/runner/work/Meowmdmdmmdd/Meowmdmdmmdd/MDGram/app/src/main/AndroidManifest.xml.
Setting the namespace via a source AndroidManifest.xml's package attribute is deprecated.
Please instead set the namespace (or testNamespace) in the module's build.gradle file, as described here: https://developer.android.com/studio/build/configure-app-module#set-namespace
This migration can be done automatically using the AGP Upgrade Assistant, please refer to https://developer.android.com/studio/build/agp-upgrade-assistant for more information.
/home/runner/work/Meowmdmdmmdd/Meowmdmdmmdd/MDGram/app/src/main/AndroidManifest.xml:423:5-428:16 Warning:
	Element receiver#org.telegram.messenger.ChatsWidgetProvider at AndroidManifest.xml:423:5-428:16 duplicated with element declared at AndroidManifest.xml:313:5-318:16
/home/runner/work/Meowmdmdmmdd/Meowmdmdmmdd/MDGram/app/src/main/AndroidManifest.xml:429:5-155 Warning:
	Element service#org.telegram.messenger.ChatsWidgetService at AndroidManifest.xml:429:5-155 duplicated with element declared at AndroidManifest.xml:319:5-155
/home/runner/work/Meowmdmdmmdd/Meowmdmdmmdd/MDGram/app/src/main/AndroidManifest.xml:430:5-435:16 Warning:
	Element receiver#org.telegram.messenger.ContactsWidgetProvider at AndroidManifest.xml:430:5-435:16 duplicated with element declared at AndroidManifest.xml:320:5-325:16
/home/runner/work/Meowmdmdmmdd/Meowmdmdmmdd/MDGram/app/src/main/AndroidManifest.xml:436:5-158 Warning:
	Element service#org.telegram.messenger.ContactsWidgetService at AndroidManifest.xml:436:5-158 duplicated with element declared at AndroidManifest.xml:326:5-158
/home/runner/work/Meowmdmdmmdd/Meowmdmdmmdd/MDGram/app/src/main/AndroidManifest.xml:437:5-101 Warning:
	Element service#org.telegram.messenger.FilesMigrationService at AndroidManifest.xml:437:5-101 duplicated with element declared at AndroidManifest.xml:327:5-101
/home/runner/work/Meowmdmdmmdd/Meowmdmdmmdd/MDGram/app/src/main/AndroidManifest.xml:61:3-98 Warning:
	uses-permission#android.permission.WRITE_EXTERNAL_STORAGE was tagged at AndroidManifest.xml:61 to replace another declaration but no other declaration present
/home/runner/work/Meowmdmdmmdd/Meowmdmdmmdd/MDGram/app/src/main/AndroidManifest.xml:70:3-455:17 Warning:
	application@android:supportsRtl was tagged at AndroidManifest.xml:70 to replace other declarations but no other declaration present

> Task :app:processReleaseManifest
> Task :app:processReleaseManifestForPackage
> Task :app:checkReleaseDuplicateClasses
> Task :app:mergeExtDexRelease
> Task :app:mergeReleaseArtProfile
> Task :app:mergeReleaseShaders
> Task :app:compileReleaseShaders NO-SOURCE
> Task :app:generateReleaseAssets UP-TO-DATE
warn: removing resource org.telegram.mdgram:string/ActionGroupCallEnded without required default value.
warn: removing resource org.telegram.mdgram:string/ActionGroupCallJustStarted without required default value.
warn: removing resource org.telegram.mdgram:string/ClearRecentEmoji without required default value.
warn: removing resource org.telegram.mdgram:string/KeepMediaInfo without required default value.
warn: removing resource org.telegram.mdgram:string/PermissionNoAudio without required default value.
warn: removing resource org.telegram.mdgram:string/PermissionNoAudioVideo without required default value.
warn: removing resource org.telegram.mdgram:string/PermissionNoCamera without required default value.
warn: removing resource org.telegram.mdgram:string/PermissionStorage without required default value.
warn: removing resource org.telegram.mdgram:string/PrivacyProfilePhotoInfo2 without required default value.
warn: removing resource org.telegram.mdgram:string/QRCodePermissionNoCamera without required default value.
warn: removing resource org.telegram.mdgram:string/TerminateSessionInfo without required default value.
warn: removing resource org.telegram.mdgram:string/UserRestrictionsDisabled without required default value.
warn: removing resource org.telegram.mdgram:string/VideoPreviewDesrciption without required default value.
warn: removing resource org.telegram.mdgram:string/VoipGroupEndedStartNew without required default value.
warn: removing resource org.telegram.mdgram:string/VoipGroupInvitedToVoiceChat without required default value.
warn: removing resource org.telegram.mdgram:string/VoipGroupJoinCall without required default value.
warn: removing resource org.telegram.mdgram:string/VoipGroupMuteMemberAlertText without required default value.
warn: removing resource org.telegram.mdgram:string/VoipGroupStartAs without required default value.
warn: removing resource org.telegram.mdgram:string/VoipNeedMicCameraPermission without required default value.
warn: removing resource org.telegram.mdgram:string/VoipNeedMicPermission without required default value.

> Task :app:mergeReleaseAssets
> Task :app:processReleaseResources
> Task :app:compressReleaseAssets
> Task :app:compileReleaseJavaWithJavac
Note: Some input files use or override a deprecated API.
Note: Recompile with -Xlint:deprecation for details.
Note: Some input files use unchecked or unsafe operations.
Note: Recompile with -Xlint:unchecked for details.

> Task :app:dexBuilderRelease

> Task :app:mergeDexRelease FAILED
ERROR:/home/runner/work/Meowmdmdmmdd/Meowmdmdmmdd/MDGram/app/build/intermediates/project_dex_archive/release/out/0/classes.dex: D8: Type androidx.recyclerview.widget.AdapterHelper$Callback is defined multiple times: /home/runner/work/Meowmdmdmmdd/Meowmdmdmmdd/MDGram/app/build/intermediates/project_dex_archive/release/out/0/classes.dex, /home/runner/work/Meowmdmdmmdd/Meowmdmdmmdd/MDGram/app/build/intermediates/external_libs_dex/release/mergeExtDexRelease/classes.dex
com.android.builder.dexing.DexArchiveMergerException: Error while merging dex archives: 
Learn how to resolve the issue at https://developer.android.com/studio/build/dependencies#duplicate_classes.
Type androidx.recyclerview.widget.AdapterHelper$Callback is defined multiple times: /home/runner/work/Meowmdmdmmdd/Meowmdmdmmdd/MDGram/app/build/intermediates/project_dex_archive/release/out/0/classes.dex, /home/runner/work/Meowmdmdmmdd/Meowmdmdmmdd/MDGram/app/build/intermediates/external_libs_dex/release/mergeExtDexRelease/classes.dex
	at com.android.builder.dexing.D8DexArchiveMerger.getExceptionToRethrow(D8DexArchiveMerger.java:151)
	at com.android.builder.dexing.D8DexArchiveMerger.mergeDexArchives(D8DexArchiveMerger.java:138)
	at com.android.build.gradle.internal.tasks.DexMergingWorkAction.merge(DexMergingTask.kt:858)
	at com.android.build.gradle.internal.tasks.DexMergingWorkAction.run(DexMergingTask.kt:804)
	at com.android.build.gradle.internal.profile.ProfileAwareWorkAction.execute(ProfileAwareWorkAction.kt:74)
	at org.gradle.workers.internal.DefaultWorkerServer.execute(DefaultWorkerServer.java:63)
	at org.gradle.workers.internal.NoIsolationWorkerFactory$1$1.create(NoIsolationWorkerFactory.java:66)
	at org.gradle.workers.internal.NoIsolationWorkerFactory$1$1.create(NoIsolationWorkerFactory.java:62)
	at org.gradle.internal.classloader.ClassLoaderUtils.executeInClassloader(ClassLoaderUtils.java:100)
	at org.gradle.workers.internal.NoIsolationWorkerFactory$1.lambda$execute$0(NoIsolationWorkerFactory.java:62)
	at org.gradle.workers.internal.AbstractWorker$1.call(AbstractWorker.java:44)
	at org.gradle.workers.internal.AbstractWorker$1.call(AbstractWorker.java:41)
	at org.gradle.internal.operations.DefaultBuildOperationRunner$CallableBuildOperationWorker.execute(DefaultBuildOperationRunner.java:204)
	at org.gradle.internal.operations.DefaultBuildOperationRunner$CallableBuildOperationWorker.execute(DefaultBuildOperationRunner.java:199)
	at org.gradle.internal.operations.DefaultBuildOperationRunner$2.execute(DefaultBuildOperationRunner.java:66)
	at org.gradle.internal.operations.DefaultBuildOperationRunner$2.execute(DefaultBuildOperationRunner.java:59)
	at org.gradle.internal.operations.DefaultBuildOperationRunner.execute(DefaultBuildOperationRunner.java:157)
	at org.gradle.internal.operations.DefaultBuildOperationRunner.execute(DefaultBuildOperationRunner.java:59)
	at org.gradle.internal.operations.DefaultBuildOperationRunner.call(DefaultBuildOperationRunner.java:53)
	at org.gradle.internal.operations.DefaultBuildOperationExecutor.call(DefaultBuildOperationExecutor.java:73)
	at org.gradle.workers.internal.AbstractWorker.executeWrappedInBuildOperation(AbstractWorker.java:41)
	at org.gradle.workers.internal.NoIsolationWorkerFactory$1.execute(NoIsolationWorkerFactory.java:59)
	at org.gradle.workers.internal.DefaultWorkerExecutor.lambda$submitWork$2(DefaultWorkerExecutor.java:212)
	at java.base/java.util.concurrent.FutureTask.run(FutureTask.java:264)
	at org.gradle.internal.work.DefaultConditionalExecutionQueue$ExecutionRunner.runExecution(DefaultConditionalExecutionQueue.java:187)
	at org.gradle.internal.work.DefaultConditionalExecutionQueue$ExecutionRunner.access$700(DefaultConditionalExecutionQueue.java:120)
	at org.gradle.internal.work.DefaultConditionalExecutionQueue$ExecutionRunner$1.run(DefaultConditionalExecutionQueue.java:162)
	at org.gradle.internal.Factories$1.create(Factories.java:31)
	at org.gradle.internal.work.DefaultWorkerLeaseService.withLocks(DefaultWorkerLeaseService.java:249)
	at org.gradle.internal.work.DefaultWorkerLeaseService.runAsWorkerThread(DefaultWorkerLeaseService.java:109)
	at org.gradle.internal.work.DefaultWorkerLeaseService.runAsWorkerThread(DefaultWorkerLeaseService.java:114)
	at org.gradle.internal.work.DefaultConditionalExecutionQueue$ExecutionRunner.runBatch(DefaultConditionalExecutionQueue.java:157)
	at org.gradle.internal.work.DefaultConditionalExecutionQueue$ExecutionRunner.run(DefaultConditionalExecutionQueue.java:126)
	at java.base/java.util.concurrent.Executors$RunnableAdapter.call(Executors.java:515)
	at java.base/java.util.concurrent.FutureTask.run(FutureTask.java:264)
	at org.gradle.internal.concurrent.ExecutorPolicy$CatchAndRecordFailures.onExecute(ExecutorPolicy.java:64)
	at org.gradle.internal.concurrent.ManagedExecutorImpl$1.run(ManagedExecutorImpl.java:49)
	at java.base/java.util.concurrent.ThreadPoolExecutor.runWorker(ThreadPoolExecutor.java:1128)
	at java.base/java.util.concurrent.ThreadPoolExecutor$Worker.run(ThreadPoolExecutor.java:628)
	at java.base/java.lang.Thread.run(Thread.java:829)
Caused by: com.android.tools.r8.CompilationFailedException: Compilation failed to complete, origin: /home/runner/work/Meowmdmdmmdd/Meowmdmdmmdd/MDGram/app/build/intermediates/project_dex_archive/release/out/0/classes.dex
	at Version.fakeStackEntry(Version_4.0.52.java:0)
	at com.android.tools.r8.internal.vk.a(R8_4.0.52_5a340ca2823c7e792fe09805c75f749b9d398d230bc0518bb54ae9b6b50addbe:75)
	at com.android.tools.r8.internal.vk.a(R8_4.0.52_5a340ca2823c7e792fe09805c75f749b9d398d230bc0518bb54ae9b6b50addbe:28)
	at com.android.tools.r8.internal.vk.a(R8_4.0.52_5a340ca2823c7e792fe09805c75f749b9d398d230bc0518bb54ae9b6b50addbe:27)
	at com.android.tools.r8.internal.vk.b(R8_4.0.52_5a340ca2823c7e792fe09805c75f749b9d398d230bc0518bb54ae9b6b50addbe:2)
	at com.android.tools.r8.D8.run(R8_4.0.52_5a340ca2823c7e792fe09805c75f749b9d398d230bc0518bb54ae9b6b50addbe:11)
	at com.android.builder.dexing.D8DexArchiveMerger.mergeDexArchives(D8DexArchiveMerger.java:136)
	... 38 more
Caused by: com.android.tools.r8.internal.g: Type androidx.recyclerview.widget.AdapterHelper$Callback is defined multiple times: /home/runner/work/Meowmdmdmmdd/Meowmdmdmmdd/MDGram/app/build/intermediates/project_dex_archive/release/out/0/classes.dex, /home/runner/work/Meowmdmdmmdd/Meowmdmdmmdd/MDGram/app/build/intermediates/external_libs_dex/release/mergeExtDexRelease/classes.dex
	at com.android.tools.r8.internal.GV.a(R8_4.0.52_5a340ca2823c7e792fe09805c75f749b9d398d230bc0518bb54ae9b6b50addbe:14)
	at com.android.tools.r8.internal.GV.a(R8_4.0.52_5a340ca2823c7e792fe09805c75f749b9d398d230bc0518bb54ae9b6b50addbe:22)
	at com.android.tools.r8.internal.rP.a(R8_4.0.52_5a340ca2823c7e792fe09805c75f749b9d398d230bc0518bb54ae9b6b50addbe:44)
	at com.android.tools.r8.internal.rP.a(R8_4.0.52_5a340ca2823c7e792fe09805c75f749b9d398d230bc0518bb54ae9b6b50addbe:10)
	at java.base/java.util.concurrent.ConcurrentHashMap.merge(ConcurrentHashMap.java:2048)
	at com.android.tools.r8.internal.rP.a(R8_4.0.52_5a340ca2823c7e792fe09805c75f749b9d398d230bc0518bb54ae9b6b50addbe:6)
	at com.android.tools.r8.graph.F2$a.e(R8_4.0.52_5a340ca2823c7e792fe09805c75f749b9d398d230bc0518bb54ae9b6b50addbe:7)
	at com.android.tools.r8.dex.b.a(R8_4.0.52_5a340ca2823c7e792fe09805c75f749b9d398d230bc0518bb54ae9b6b50addbe:84)
	at com.android.tools.r8.dex.b.a(R8_4.0.52_5a340ca2823c7e792fe09805c75f749b9d398d230bc0518bb54ae9b6b50addbe:23)
	at com.android.tools.r8.dex.b.a(R8_4.0.52_5a340ca2823c7e792fe09805c75f749b9d398d230bc0518bb54ae9b6b50addbe:22)
	at com.android.tools.r8.D8.a(R8_4.0.52_5a340ca2823c7e792fe09805c75f749b9d398d230bc0518bb54ae9b6b50addbe:50)
	at com.android.tools.r8.D8.d(R8_4.0.52_5a340ca2823c7e792fe09805c75f749b9d398d230bc0518bb54ae9b6b50addbe:19)
	at com.android.tools.r8.D8.b(R8_4.0.52_5a340ca2823c7e792fe09805c75f749b9d398d230bc0518bb54ae9b6b50addbe:1)
	at com.android.tools.r8.internal.vk.a(R8_4.0.52_5a340ca2823c7e792fe09805c75f749b9d398d230bc0518bb54ae9b6b50addbe:24)
	... 41 more


> Task :app:l8DexDesugarLibRelease

FAILURE: Build failed with an exception.

* What went wrong:
Execution failed for task ':app:mergeDexRelease'.
> A failure occurred while executing com.android.build.gradle.internal.tasks.DexMergingTaskDelegate
   > There was a failure while executing work items
      > A failure occurred while executing com.android.build.gradle.internal.tasks.DexMergingWorkAction
         > com.android.builder.dexing.DexArchiveMergerException: Error while merging dex archives: 
           Learn how to resolve the issue at https://developer.android.com/studio/build/dependencies#duplicate_classes.
           Type androidx.recyclerview.widget.AdapterHelper$Callback is defined multiple times: /home/runner/work/Meowmdmdmmdd/Meowmdmdmmdd/MDGram/app/build/intermediates/project_dex_archive/release/out/0/classes.dex, /home/runner/work/Meowmdmdmmdd/Meowmdmdmmdd/MDGram/app/build/intermediates/external_libs_dex/release/mergeExtDexRelease/classes.dex

* Try:
> Run with --info or --debug option to get more log output.
> Run with --scan to get full insights.

* Exception is:
org.gradle.api.tasks.TaskExecutionException: Execution failed for task ':app:mergeDexRelease'.
	at org.gradle.api.internal.tasks.execution.ExecuteActionsTaskExecuter.lambda$executeIfValid$1(ExecuteActionsTaskExecuter.java:142)
	at org.gradle.internal.Try$Failure.ifSuccessfulOrElse(Try.java:282)
	at org.gradle.api.internal.tasks.execution.ExecuteActionsTaskExecuter.executeIfValid(ExecuteActionsTaskExecuter.java:140)
	at org.gradle.api.internal.tasks.execution.ExecuteActionsTaskExecuter.execute(ExecuteActionsTaskExecuter.java:128)
	at org.gradle.api.internal.tasks.execution.CleanupStaleOutputsExecuter.execute(CleanupStaleOutputsExecuter.java:77)
	at org.gradle.api.internal.tasks.execution.FinalizePropertiesTaskExecuter.execute(FinalizePropertiesTaskExecuter.java:46)
	at org.gradle.api.internal.tasks.execution.ResolveTaskExecutionModeExecuter.execute(ResolveTaskExecutionModeExecuter.java:51)
	at org.gradle.api.internal.tasks.execution.SkipTaskWithNoActionsExecuter.execute(SkipTaskWithNoActionsExecuter.java:57)
	at org.gradle.api.internal.tasks.execution.SkipOnlyIfTaskExecuter.execute(SkipOnlyIfTaskExecuter.java:57)
	at org.gradle.api.internal.tasks.execution.CatchExceptionTaskExecuter.execute(CatchExceptionTaskExecuter.java:36)
	at org.gradle.api.internal.tasks.execution.EventFiringTaskExecuter$1.executeTask(EventFiringTaskExecuter.java:77)
	at org.gradle.api.internal.tasks.execution.EventFiringTaskExecuter$1.call(EventFiringTaskExecuter.java:55)
	at org.gradle.api.internal.tasks.execution.EventFiringTaskExecuter$1.call(EventFiringTaskExecuter.java:52)
	at org.gradle.internal.operations.DefaultBuildOperationRunner$CallableBuildOperationWorker.execute(DefaultBuildOperationRunner.java:204)
	at org.gradle.internal.operations.DefaultBuildOperationRunner$CallableBuildOperationWorker.execute(DefaultBuildOperationRunner.java:199)
	at org.gradle.internal.operations.DefaultBuildOperationRunner$2.execute(DefaultBuildOperationRunner.java:66)
	at org.gradle.internal.operations.DefaultBuildOperationRunner$2.execute(DefaultBuildOperationRunner.java:59)
	at org.gradle.internal.operations.DefaultBuildOperationRunner.execute(DefaultBuildOperationRunner.java:157)
	at org.gradle.internal.operations.DefaultBuildOperationRunner.execute(DefaultBuildOperationRunner.java:59)
	at org.gradle.internal.operations.DefaultBuildOperationRunner.call(DefaultBuildOperationRunner.java:53)
	at org.gradle.internal.operations.DefaultBuildOperationExecutor.call(DefaultBuildOperationExecutor.java:73)
	at org.gradle.api.internal.tasks.execution.EventFiringTaskExecuter.execute(EventFiringTaskExecuter.java:52)
	at org.gradle.execution.plan.LocalTaskNodeExecutor.execute(LocalTaskNodeExecutor.java:69)
	at org.gradle.execution.taskgraph.DefaultTaskExecutionGraph$InvokeNodeExecutorsAction.execute(DefaultTaskExecutionGraph.java:322)
	at org.gradle.execution.taskgraph.DefaultTaskExecutionGraph$InvokeNodeExecutorsAction.execute(DefaultTaskExecutionGraph.java:309)
	at org.gradle.execution.taskgraph.DefaultTaskExecutionGraph$BuildOperationAwareExecutionAction.execute(DefaultTaskExecutionGraph.java:302)
	at org.gradle.execution.taskgraph.DefaultTaskExecutionGraph$BuildOperationAwareExecutionAction.execute(DefaultTaskExecutionGraph.java:288)
	at org.gradle.execution.plan.DefaultPlanExecutor$ExecutorWorker.execute(DefaultPlanExecutor.java:462)
	at org.gradle.execution.plan.DefaultPlanExecutor$ExecutorWorker.run(DefaultPlanExecutor.java:379)
	at org.gradle.execution.plan.DefaultPlanExecutor.process(DefaultPlanExecutor.java:115)
	at org.gradle.execution.taskgraph.DefaultTaskExecutionGraph.executeWithServices(DefaultTaskExecutionGraph.java:135)
	at org.gradle.execution.taskgraph.DefaultTaskExecutionGraph.execute(DefaultTaskExecutionGraph.java:120)
	at org.gradle.execution.SelectedTaskExecutionAction.execute(SelectedTaskExecutionAction.java:35)
	at org.gradle.execution.DryRunBuildExecutionAction.execute(DryRunBuildExecutionAction.java:51)
	at org.gradle.execution.BuildOperationFiringBuildWorkerExecutor$ExecuteTasks.call(BuildOperationFiringBuildWorkerExecutor.java:54)
	at org.gradle.execution.BuildOperationFiringBuildWorkerExecutor$ExecuteTasks.call(BuildOperationFiringBuildWorkerExecutor.java:43)
	at org.gradle.internal.operations.DefaultBuildOperationRunner$CallableBuildOperationWorker.execute(DefaultBuildOperationRunner.java:204)
	at org.gradle.internal.operations.DefaultBuildOperationRunner$CallableBuildOperationWorker.execute(DefaultBuildOperationRunner.java:199)
	at org.gradle.internal.operations.DefaultBuildOperationRunner$2.execute(DefaultBuildOperationRunner.java:66)
	at org.gradle.internal.operations.DefaultBuildOperationRunner$2.execute(DefaultBuildOperationRunner.java:59)
	at org.gradle.internal.operations.DefaultBuildOperationRunner.execute(DefaultBuildOperationRunner.java:157)
	at org.gradle.internal.operations.DefaultBuildOperationRunner.execute(DefaultBuildOperationRunner.java:59)
	at org.gradle.internal.operations.DefaultBuildOperationRunner.call(DefaultBuildOperationRunner.java:53)
	at org.gradle.internal.operations.DefaultBuildOperationExecutor.call(DefaultBuildOperationExecutor.java:73)
	at org.gradle.execution.BuildOperationFiringBuildWorkerExecutor.execute(BuildOperationFiringBuildWorkerExecutor.java:40)
	at org.gradle.internal.build.DefaultBuildLifecycleController.lambda$executeTasks$6(DefaultBuildLifecycleController.java:167)
	at org.gradle.internal.model.StateTransitionController.doTransition(StateTransitionController.java:247)
	at org.gradle.internal.model.StateTransitionController.lambda$tryTransition$7(StateTransitionController.java:174)
	at org.gradle.internal.work.DefaultSynchronizer.withLock(DefaultSynchronizer.java:44)
	at org.gradle.internal.model.StateTransitionController.tryTransition(StateTransitionController.java:174)
	at org.gradle.internal.build.DefaultBuildLifecycleController.executeTasks(DefaultBuildLifecycleController.java:167)
	at org.gradle.internal.build.DefaultBuildWorkGraphController$DefaultBuildWorkGraph.runWork(DefaultBuildWorkGraphController.java:190)
	at org.gradle.internal.work.DefaultWorkerLeaseService.withLocks(DefaultWorkerLeaseService.java:249)
	at org.gradle.internal.work.DefaultWorkerLeaseService.runAsWorkerThread(DefaultWorkerLeaseService.java:109)
	at org.gradle.composite.internal.DefaultBuildController.doRun(DefaultBuildController.java:172)
	at org.gradle.composite.internal.DefaultBuildController.access$000(DefaultBuildController.java:47)
	at org.gradle.composite.internal.DefaultBuildController$BuildOpRunnable.run(DefaultBuildController.java:191)
	at org.gradle.internal.concurrent.ExecutorPolicy$CatchAndRecordFailures.onExecute(ExecutorPolicy.java:64)
	at org.gradle.internal.concurrent.ManagedExecutorImpl$1.run(ManagedExecutorImpl.java:49)
Caused by: org.gradle.workers.internal.DefaultWorkerExecutor$WorkExecutionException: A failure occurred while executing com.android.build.gradle.internal.tasks.DexMergingTaskDelegate
	at org.gradle.workers.internal.DefaultWorkerExecutor.lambda$submitWork$2(DefaultWorkerExecutor.java:214)
	at org.gradle.internal.work.DefaultConditionalExecutionQueue$ExecutionRunner.runExecution(DefaultConditionalExecutionQueue.java:187)
	at org.gradle.internal.work.DefaultConditionalExecutionQueue$ExecutionRunner.access$700(DefaultConditionalExecutionQueue.java:120)
	at org.gradle.internal.work.DefaultConditionalExecutionQueue$ExecutionRunner$1.run(DefaultConditionalExecutionQueue.java:162)
	at org.gradle.internal.Factories$1.create(Factories.java:31)
	at org.gradle.internal.work.DefaultWorkerLeaseService.withLocks(DefaultWorkerLeaseService.java:249)
	at org.gradle.internal.work.DefaultWorkerLeaseService.runAsWorkerThread(DefaultWorkerLeaseService.java:109)
	at org.gradle.internal.work.DefaultWorkerLeaseService.runAsWorkerThread(DefaultWorkerLeaseService.java:114)
	at org.gradle.internal.work.DefaultConditionalExecutionQueue$ExecutionRunner.runBatch(DefaultConditionalExecutionQueue.java:157)
	at org.gradle.internal.work.DefaultConditionalExecutionQueue$ExecutionRunner.run(DefaultConditionalExecutionQueue.java:126)
	at org.gradle.internal.concurrent.ExecutorPolicy$CatchAndRecordFailures.onExecute(ExecutorPolicy.java:64)
	at org.gradle.internal.concurrent.ManagedExecutorImpl$1.run(ManagedExecutorImpl.java:49)
Caused by: org.gradle.workers.WorkerExecutionException: There was a failure while executing work items
	at org.gradle.workers.internal.DefaultWorkerExecutor.workerExecutionException(DefaultWorkerExecutor.java:274)
	at org.gradle.workers.internal.DefaultWorkerExecutor.await(DefaultWorkerExecutor.java:256)
	at org.gradle.workers.internal.NoIsolationWorkerFactory$1.lambda$execute$0(NoIsolationWorkerFactory.java:72)
	at org.gradle.workers.internal.AbstractWorker$1.call(AbstractWorker.java:44)
	at org.gradle.workers.internal.AbstractWorker$1.call(AbstractWorker.java:41)
	at org.gradle.internal.operations.DefaultBuildOperationRunner$CallableBuildOperationWorker.execute(DefaultBuildOperationRunner.java:204)
	at org.gradle.internal.operations.DefaultBuildOperationRunner$CallableBuildOperationWorker.execute(DefaultBuildOperationRunner.java:199)
	at org.gradle.internal.operations.DefaultBuildOperationRunner$2.execute(DefaultBuildOperationRunner.java:66)
	at org.gradle.internal.operations.DefaultBuildOperationRunner$2.execute(DefaultBuildOperationRunner.java:59)
	at org.gradle.internal.operations.DefaultBuildOperationRunner.execute(DefaultBuildOperationRunner.java:157)
	at org.gradle.internal.operations.DefaultBuildOperationRunner.execute(DefaultBuildOperationRunner.java:59)
	at org.gradle.internal.operations.DefaultBuildOperationRunner.call(DefaultBuildOperationRunner.java:53)
	at org.gradle.internal.operations.DefaultBuildOperationExecutor.call(DefaultBuildOperationExecutor.java:73)
	at org.gradle.workers.internal.AbstractWorker.executeWrappedInBuildOperation(AbstractWorker.java:41)
	at org.gradle.workers.internal.NoIsolationWorkerFactory$1.execute(NoIsolationWorkerFactory.java:59)
	at org.gradle.workers.internal.DefaultWorkerExecutor.lambda$submitWork$2(DefaultWorkerExecutor.java:212)
	... 11 more
Caused by: org.gradle.workers.internal.DefaultWorkerExecutor$WorkExecutionException: A failure occurred while executing com.android.build.gradle.internal.tasks.DexMergingWorkAction
	at org.gradle.workers.internal.DefaultWorkerExecutor$WorkItemExecution.waitForCompletion(DefaultWorkerExecutor.java:348)
	at org.gradle.internal.work.DefaultAsyncWorkTracker.lambda$waitForItemsAndGatherFailures$2(DefaultAsyncWorkTracker.java:130)
	at org.gradle.internal.Factories$1.create(Factories.java:31)
	at org.gradle.internal.work.DefaultWorkerLeaseService.withoutLocks(DefaultWorkerLeaseService.java:321)
	at org.gradle.internal.work.DefaultWorkerLeaseService.withoutLocks(DefaultWorkerLeaseService.java:304)
	at org.gradle.internal.work.DefaultWorkerLeaseService.withoutLock(DefaultWorkerLeaseService.java:309)
	at org.gradle.internal.work.DefaultAsyncWorkTracker.waitForItemsAndGatherFailures(DefaultAsyncWorkTracker.java:126)
	at org.gradle.internal.work.DefaultAsyncWorkTracker.waitForItemsAndGatherFailures(DefaultAsyncWorkTracker.java:88)
	at org.gradle.internal.work.DefaultAsyncWorkTracker.waitForAll(DefaultAsyncWorkTracker.java:78)
	at org.gradle.internal.work.DefaultAsyncWorkTracker.waitForCompletion(DefaultAsyncWorkTracker.java:66)
	at org.gradle.workers.internal.DefaultWorkerExecutor.await(DefaultWorkerExecutor.java:254)
	... 25 more
Caused by: com.android.build.api.transform.TransformException: com.android.builder.dexing.DexArchiveMergerException: Error while merging dex archives: 
Learn how to resolve the issue at https://developer.android.com/studio/build/dependencies#duplicate_classes.
Type androidx.recyclerview.widget.AdapterHelper$Callback is defined multiple times: /home/runner/work/Meowmdmdmmdd/Meowmdmdmmdd/MDGram/app/build/intermediates/project_dex_archive/release/out/0/classes.dex, /home/runner/work/Meowmdmdmmdd/Meowmdmdmmdd/MDGram/app/build/intermediates/external_libs_dex/release/mergeExtDexRelease/classes.dex
	at com.android.build.gradle.internal.tasks.DexMergingWorkAction.merge(DexMergingTask.kt:871)
	at com.android.build.gradle.internal.tasks.DexMergingWorkAction.run(DexMergingTask.kt:804)
	at com.android.build.gradle.internal.profile.ProfileAwareWorkAction.execute(ProfileAwareWorkAction.kt:74)
	at org.gradle.workers.internal.DefaultWorkerServer.execute(DefaultWorkerServer.java:63)
	at org.gradle.workers.internal.NoIsolationWorkerFactory$1$1.create(NoIsolationWorkerFactory.java:66)
	at org.gradle.workers.internal.NoIsolationWorkerFactory$1$1.create(NoIsolationWorkerFactory.java:62)
	at org.gradle.internal.classloader.ClassLoaderUtils.executeInClassloader(ClassLoaderUtils.java:100)
	at org.gradle.workers.internal.NoIsolationWorkerFactory$1.lambda$execute$0(NoIsolationWorkerFactory.java:62)
	... 24 more
Caused by: com.android.builder.dexing.DexArchiveMergerException: Error while merging dex archives: 
Learn how to resolve the issue at https://developer.android.com/studio/build/dependencies#duplicate_classes.
Type androidx.recyclerview.widget.AdapterHelper$Callback is defined multiple times: /home/runner/work/Meowmdmdmmdd/Meowmdmdmmdd/MDGram/app/build/intermediates/project_dex_archive/release/out/0/classes.dex, /home/runner/work/Meowmdmdmmdd/Meowmdmdmmdd/MDGram/app/build/intermediates/external_libs_dex/release/mergeExtDexRelease/classes.dex
	at com.android.builder.dexing.D8DexArchiveMerger.getExceptionToRethrow(D8DexArchiveMerger.java:151)
	at com.android.builder.dexing.D8DexArchiveMerger.mergeDexArchives(D8DexArchiveMerger.java:138)
	at com.android.build.gradle.internal.tasks.DexMergingWorkAction.merge(DexMergingTask.kt:858)
	... 31 more
Caused by: com.android.tools.r8.CompilationFailedException: Compilation failed to complete, origin: /home/runner/work/Meowmdmdmmdd/Meowmdmdmmdd/MDGram/app/build/intermediates/project_dex_archive/release/out/0/classes.dex
	at Version.fakeStackEntry(Version_4.0.52.java:0)
	at com.android.tools.r8.internal.vk.a(R8_4.0.52_5a340ca2823c7e792fe09805c75f749b9d398d230bc0518bb54ae9b6b50addbe:75)
	at com.android.tools.r8.internal.vk.a(R8_4.0.52_5a340ca2823c7e792fe09805c75f749b9d398d230bc0518bb54ae9b6b50addbe:28)
	at com.android.tools.r8.internal.vk.a(R8_4.0.52_5a340ca2823c7e792fe09805c75f749b9d398d230bc0518bb54ae9b6b50addbe:27)
	at com.android.tools.r8.internal.vk.b(R8_4.0.52_5a340ca2823c7e792fe09805c75f749b9d398d230bc0518bb54ae9b6b50addbe:2)
	at com.android.tools.r8.D8.run(R8_4.0.52_5a340ca2823c7e792fe09805c75f749b9d398d230bc0518bb54ae9b6b50addbe:11)
	at com.android.builder.dexing.D8DexArchiveMerger.mergeDexArchives(D8DexArchiveMerger.java:136)
	... 32 more
Caused by: com.android.tools.r8.internal.g: Type androidx.recyclerview.widget.AdapterHelper$Callback is defined multiple times: /home/runner/work/Meowmdmdmmdd/Meowmdmdmmdd/MDGram/app/build/intermediates/project_dex_archive/release/out/0/classes.dex, /home/runner/work/Meowmdmdmmdd/Meowmdmdmmdd/MDGram/app/build/intermediates/external_libs_dex/release/mergeExtDexRelease/classes.dex
	at com.android.tools.r8.internal.GV.a(R8_4.0.52_5a340ca2823c7e792fe09805c75f749b9d398d230bc0518bb54ae9b6b50addbe:14)
	at com.android.tools.r8.internal.GV.a(R8_4.0.52_5a340ca2823c7e792fe09805c75f749b9d398d230bc0518bb54ae9b6b50addbe:22)
	at com.android.tools.r8.internal.rP.a(R8_4.0.52_5a340ca2823c7e792fe09805c75f749b9d398d230bc0518bb54ae9b6b50addbe:44)
	at com.android.tools.r8.internal.rP.a(R8_4.0.52_5a340ca2823c7e792fe09805c75f749b9d398d230bc0518bb54ae9b6b50addbe:10)
	at com.android.tools.r8.internal.rP.a(R8_4.0.52_5a340ca2823c7e792fe09805c75f749b9d398d230bc0518bb54ae9b6b50addbe:6)
	at com.android.tools.r8.graph.F2$a.e(R8_4.0.52_5a340ca2823c7e792fe09805c75f749b9d398d230bc0518bb54ae9b6b50addbe:7)
	at com.android.tools.r8.dex.b.a(R8_4.0.52_5a340ca2823c7e792fe09805c75f749b9d398d230bc0518bb54ae9b6b50addbe:84)
	at com.android.tools.r8.dex.b.a(R8_4.0.52_5a340ca2823c7e792fe09805c75f749b9d398d230bc0518bb54ae9b6b50addbe:23)
	at com.android.tools.r8.dex.b.a(R8_4.0.52_5a340ca2823c7e792fe09805c75f749b9d398d230bc0518bb54ae9b6b50addbe:22)
	at com.android.tools.r8.D8.a(R8_4.0.52_5a340ca2823c7e792fe09805c75f749b9d398d230bc0518bb54ae9b6b50addbe:50)
	at com.android.tools.r8.D8.d(R8_4.0.52_5a340ca2823c7e792fe09805c75f749b9d398d230bc0518bb54ae9b6b50addbe:19)
	at com.android.tools.r8.D8.b(R8_4.0.52_5a340ca2823c7e792fe09805c75f749b9d398d230bc0518bb54ae9b6b50addbe:1)
	at com.android.tools.r8.internal.vk.a(R8_4.0.52_5a340ca2823c7e792fe09805c75f749b9d398d230bc0518bb54ae9b6b50addbe:24)
	... 35 more


* Get more help at https://help.gradle.org

BUILD FAILED in 6m 4s
27 actionable tasks: 27 executed
