Downloading https://services.gradle.org/distributions/gradle-7.6-bin.zip
...........10%............20%...........30%............40%............50%...........60%............70%............80%...........90%............100%

Welcome to Gradle 7.6!

Here are the highlights of this release:
 - Added support for Java 19.
 - Introduced `--rerun` flag for individual task rerun.
 - Improved dependency block for test suites to be strongly typed.
 - Added a pluggable system for Java toolchains provisioning.

For more details see https://docs.gradle.org/7.6/release-notes.html

To honour the JVM settings for this build a single-use Daemon process will be forked. See https://docs.gradle.org/7.6/userguide/gradle_daemon.html#sec:disabling_the_daemon.
Daemon will be stopped at the end of the build 
Checking the license for package Android SDK Build-Tools 30.0.3 in /usr/local/lib/android/sdk/licenses
License for package Android SDK Build-Tools 30.0.3 accepted.
Preparing "Install Android SDK Build-Tools 30.0.3 (revision: 30.0.3)".
"Install Android SDK Build-Tools 30.0.3 (revision: 30.0.3)" ready.
Installing Android SDK Build-Tools 30.0.3 in /usr/local/lib/android/sdk/build-tools/30.0.3
"Install Android SDK Build-Tools 30.0.3 (revision: 30.0.3)" complete.
"Install Android SDK Build-Tools 30.0.3 (revision: 30.0.3)" finished.
Checking the license for package Android SDK Platform 33 in /usr/local/lib/android/sdk/licenses
License for package Android SDK Platform 33 accepted.
Preparing "Install Android SDK Platform 33 (revision: 3)".
"Install Android SDK Platform 33 (revision: 3)" ready.
Installing Android SDK Platform 33 in /usr/local/lib/android/sdk/platforms/android-33
"Install Android SDK Platform 33 (revision: 3)" complete.
"Install Android SDK Platform 33 (revision: 3)" finished.
> Task :app:preBuild UP-TO-DATE
> Task :app:preReleaseBuild UP-TO-DATE
> Task :app:mergeReleaseJniLibFolders

> Task :app:mergeReleaseNativeLibs
WARNING:Your project has set `android.useAndroidX=true`, but configuration `:app:releaseRuntimeClasspath` still contains legacy support libraries, which may cause runtime issues.
This behavior will not be allowed in Android Gradle plugin 8.0.
Please use only AndroidX dependencies or set `android.enableJetifier=true` in the `gradle.properties` file to migrate your project to AndroidX (see https://developer.android.com/jetpack/androidx/migrate for more info).
The following legacy support libraries are detected:
:app:releaseRuntimeClasspath -> com.stripe:stripe-android:2.0.2 -> com.android.support:support-annotations:25.1.0

> Task :app:stripReleaseDebugSymbols
Unable to strip the following libraries, packaging them as they are: liblanguage_id_jni.so, liblanguage_id_l2c_jni.so, libtmessages.42.so.

> Task :app:extractReleaseNativeSymbolTables
> Task :app:mergeReleaseNativeDebugMetadata NO-SOURCE
> Task :app:compileReleaseAidl NO-SOURCE
> Task :app:compileReleaseRenderscript NO-SOURCE
> Task :app:generateReleaseBuildConfig
> Task :app:javaPreCompileRelease
> Task :app:checkReleaseAarMetadata
> Task :app:generateReleaseResValues
> Task :app:desugarReleaseFileDependencies
> Task :app:mapReleaseSourceSetPaths
> Task :app:generateReleaseResources

> Task :app:mergeReleaseResources
/home/runner/work/Meowmdmdmmdd/Meowmdmdmmdd/MDGram/app/src/main/res/values/strings.xml:1340:2: Multiple substitutions specified in non-positional format of string resource string/ForwardingFromNameAndMessage. Did you mean to add the formatted="false" attribute?
/home/runner/work/Meowmdmdmmdd/Meowmdmdmmdd/MDGram/app/src/main/res/values/strings.xml:5774:2: Multiple substitutions specified in non-positional format of string resource string/NotificationTopicExceptionsDesctription_few. Did you mean to add the formatted="false" attribute?
/home/runner/work/Meowmdmdmmdd/Meowmdmdmmdd/MDGram/app/src/main/res/values/strings.xml:5771:2: Multiple substitutions specified in non-positional format of string resource string/NotificationTopicExceptionsDesctription_many. Did you mean to add the formatted="false" attribute?
/home/runner/work/Meowmdmdmmdd/Meowmdmdmmdd/MDGram/app/src/main/res/values/strings.xml:5775:2: Multiple substitutions specified in non-positional format of string resource string/NotificationTopicExceptionsDesctription_one. Did you mean to add the formatted="false" attribute?
/home/runner/work/Meowmdmdmmdd/Meowmdmdmmdd/MDGram/app/src/main/res/values/strings.xml:5772:2: Multiple substitutions specified in non-positional format of string resource string/NotificationTopicExceptionsDesctription_other. Did you mean to add the formatted="false" attribute?
/home/runner/work/Meowmdmdmmdd/Meowmdmdmmdd/MDGram/app/src/main/res/values/strings.xml:1409:2: Multiple substitutions specified in non-positional format of string resource string/NotificationTopicExceptionsDesctription_two. Did you mean to add the formatted="false" attribute?

> Task :app:createReleaseCompatibleScreenManifests
> Task :app:extractDeepLinksRelease

> Task :app:mergeReleaseResources
/home/runner/work/Meowmdmdmmdd/Meowmdmdmmdd/MDGram/app/src/main/res/values-ko/strings.xml:3389:2: Multiple substitutions specified in non-positional format of string resource string/CallEmojiKeyTooltip. Did you mean to add the formatted="false" attribute?

> Task :app:processReleaseMainManifest
package="org.telegram.mdgram" found in source AndroidManifest.xml: /home/runner/work/Meowmdmdmmdd/Meowmdmdmmdd/MDGram/app/src/main/AndroidManifest.xml.
Setting the namespace via a source AndroidManifest.xml's package attribute is deprecated.
Please instead set the namespace (or testNamespace) in the module's build.gradle file, as described here: https://developer.android.com/studio/build/configure-app-module#set-namespace
This migration can be done automatically using the AGP Upgrade Assistant, please refer to https://developer.android.com/studio/build/agp-upgrade-assistant for more information.
/home/runner/work/Meowmdmdmmdd/Meowmdmdmmdd/MDGram/app/src/main/AndroidManifest.xml:61:3-98 Warning:
	uses-permission#android.permission.WRITE_EXTERNAL_STORAGE was tagged at AndroidManifest.xml:61 to replace another declaration but no other declaration present
/home/runner/work/Meowmdmdmmdd/Meowmdmdmmdd/MDGram/app/src/main/AndroidManifest.xml:70:3-455:17 Warning:
	application@android:supportsRtl was tagged at AndroidManifest.xml:70 to replace other declarations but no other declaration present

> Task :app:processReleaseManifest
> Task :app:processReleaseManifestForPackage
> Task :app:checkReleaseDuplicateClasses
> Task :app:mergeExtDexRelease
> Task :app:mergeReleaseArtProfile
> Task :app:mergeReleaseShaders
> Task :app:compileReleaseShaders NO-SOURCE
> Task :app:generateReleaseAssets UP-TO-DATE
warn: removing resource org.telegram.mdgram:string/ActionGroupCallEnded without required default value.
warn: removing resource org.telegram.mdgram:string/ActionGroupCallJustStarted without required default value.
warn: removing resource org.telegram.mdgram:string/ClearRecentEmoji without required default value.
warn: removing resource org.telegram.mdgram:string/KeepMediaInfo without required default value.
warn: removing resource org.telegram.mdgram:string/PermissionNoAudio without required default value.
warn: removing resource org.telegram.mdgram:string/PermissionNoAudioVideo without required default value.
warn: removing resource org.telegram.mdgram:string/PermissionNoCamera without required default value.
warn: removing resource org.telegram.mdgram:string/PermissionStorage without required default value.
warn: removing resource org.telegram.mdgram:string/PrivacyProfilePhotoInfo2 without required default value.
warn: removing resource org.telegram.mdgram:string/QRCodePermissionNoCamera without required default value.
warn: removing resource org.telegram.mdgram:string/TerminateSessionInfo without required default value.
warn: removing resource org.telegram.mdgram:string/UserRestrictionsDisabled without required default value.
warn: removing resource org.telegram.mdgram:string/VideoPreviewDesrciption without required default value.
warn: removing resource org.telegram.mdgram:string/VoipGroupEndedStartNew without required default value.
warn: removing resource org.telegram.mdgram:string/VoipGroupInvitedToVoiceChat without required default value.
warn: removing resource org.telegram.mdgram:string/VoipGroupJoinCall without required default value.
warn: removing resource org.telegram.mdgram:string/VoipGroupMuteMemberAlertText without required default value.
warn: removing resource org.telegram.mdgram:string/VoipGroupStartAs without required default value.
warn: removing resource org.telegram.mdgram:string/VoipNeedMicCameraPermission without required default value.
warn: removing resource org.telegram.mdgram:string/VoipNeedMicPermission without required default value.

> Task :app:mergeReleaseAssets
> Task :app:processReleaseResources
> Task :app:compressReleaseAssets

> Task :app:compileReleaseJavaWithJavac
/home/runner/work/Meowmdmdmmdd/Meowmdmdmmdd/MDGram/app/src/main/java/com/google/zxing/qrcode/QRCodeWriter.java:36: error: cannot find symbol
import org.telegram.messenger.R;
                             ^
  symbol:   class R
  location: package org.telegram.messenger
/home/runner/work/Meowmdmdmmdd/Meowmdmdmmdd/MDGram/app/src/main/java/org/telegram/ui/ChatActivity.java:143: error: cannot find symbol
import org.telegram.messenger.R;
                             ^
  symbol:   class R
  location: package org.telegram.messenger
/home/runner/work/Meowmdmdmmdd/Meowmdmdmmdd/MDGram/app/src/main/java/org/telegram/ui/DialogsActivity.java:106: error: cannot find symbol
import org.telegram.messenger.R;
                             ^
  symbol:   class R
  location: package org.telegram.messenger
/home/runner/work/Meowmdmdmmdd/Meowmdmdmmdd/MDGram/app/src/main/java/org/telegram/ui/LocationActivity.java:77: error: cannot find symbol
import org.telegram.messenger.R;
                             ^
  symbol:   class R
  location: package org.telegram.messenger
/home/runner/work/Meowmdmdmmdd/Meowmdmdmmdd/MDGram/app/src/main/java/org/telegram/ui/Components/ChatAttachAlertDocumentLayout.java:57: error: cannot find symbol
import org.telegram.messenger.R;
                             ^
  symbol:   class R
  location: package org.telegram.messenger
/home/runner/work/Meowmdmdmmdd/Meowmdmdmmdd/MDGram/app/src/main/java/org/telegram/ui/Components/ChatAttachAlert.java:81: error: cannot find symbol
import org.telegram.messenger.R;
                             ^
  symbol:   class R
  location: package org.telegram.messenger
/home/runner/work/Meowmdmdmmdd/Meowmdmdmmdd/MDGram/app/src/main/java/org/telegram/ui/ActionBar/BottomSheet.java:58: error: cannot find symbol
import org.telegram.messenger.R;
                             ^
  symbol:   class R
  location: package org.telegram.messenger
/home/runner/work/Meowmdmdmmdd/Meowmdmdmmdd/MDGram/app/src/main/java/org/telegram/ui/Components/RecyclerListView.java:58: error: cannot find symbol
import org.telegram.messenger.R;
                             ^
  symbol:   class R
  location: package org.telegram.messenger
/home/runner/work/Meowmdmdmmdd/Meowmdmdmmdd/MDGram/app/src/main/java/org/telegram/ui/Components/ChatGreetingsView.java:18: error: cannot find symbol
import org.telegram.messenger.R;
                             ^
  symbol:   class R
  location: package org.telegram.messenger
/home/runner/work/Meowmdmdmmdd/Meowmdmdmmdd/MDGram/app/src/main/java/org/telegram/ui/ActionBar/Theme.java:89: error: cannot find symbol
import org.telegram.messenger.R;
                             ^
  symbol:   class R
  location: package org.telegram.messenger
/home/runner/work/Meowmdmdmmdd/Meowmdmdmmdd/MDGram/app/src/main/java/org/telegram/ui/Components/ScamDrawable.java:14: error: cannot find symbol
import org.telegram.messenger.R;
                             ^
  symbol:   class R
  location: package org.telegram.messenger
/home/runner/work/Meowmdmdmmdd/Meowmdmdmmdd/MDGram/app/src/main/java/org/telegram/ui/Components/RLottieDrawable.java:34: error: cannot find symbol
import org.telegram.messenger.R;
                             ^
  symbol:   class R
  location: package org.telegram.messenger
/home/runner/work/Meowmdmdmmdd/Meowmdmdmmdd/MDGram/app/src/main/java/org/telegram/ui/Components/FragmentContextView.java:64: error: cannot find symbol
import org.telegram.messenger.R;
                             ^
  symbol:   class R
  location: package org.telegram.messenger
/home/runner/work/Meowmdmdmmdd/Meowmdmdmmdd/MDGram/app/src/main/java/org/telegram/messenger/voip/VoIPService.java:100: error: cannot find symbol
import org.telegram.messenger.R;
                             ^
  symbol:   class R
  location: package org.telegram.messenger
/home/runner/work/Meowmdmdmmdd/Meowmdmdmmdd/MDGram/app/src/main/java/org/telegram/ui/Components/AudioPlayerAlert.java:78: error: cannot find symbol
import org.telegram.messenger.R;
                             ^
  symbol:   class R
  location: package org.telegram.messenger
/home/runner/work/Meowmdmdmmdd/Meowmdmdmmdd/MDGram/app/src/main/java/org/telegram/ui/ActionBar/ActionBarMenuItem.java:61: error: cannot find symbol
import org.telegram.messenger.R;
                             ^
  symbol:   class R
  location: package org.telegram.messenger
/home/runner/work/Meowmdmdmmdd/Meowmdmdmmdd/MDGram/app/src/main/java/org/telegram/ui/Cells/GroupCallUserCell.java:35: error: cannot find symbol
import org.telegram.messenger.R;
                             ^
  symbol:   class R
  location: package org.telegram.messenger
/home/runner/work/Meowmdmdmmdd/Meowmdmdmmdd/MDGram/app/src/main/java/org/telegram/ui/CacheControlActivity.java:65: error: cannot find symbol
import org.telegram.messenger.R;
                             ^
  symbol:   class R
  location: package org.telegram.messenger
/home/runner/work/Meowmdmdmmdd/Meowmdmdmmdd/MDGram/app/src/main/java/org/telegram/ui/ActionBar/AlertDialog.java:61: error: cannot find symbol
import org.telegram.messenger.R;
                             ^
  symbol:   class R
  location: package org.telegram.messenger
/home/runner/work/Meowmdmdmmdd/Meowmdmdmmdd/MDGram/app/src/main/java/org/telegram/ui/CachedMediaLayout.java:38: error: cannot find symbol
import org.telegram.messenger.R;
                             ^
  symbol:   class R
  location: package org.telegram.messenger
/home/runner/work/Meowmdmdmmdd/Meowmdmdmmdd/MDGram/app/src/main/java/org/telegram/ui/Components/CacheChart.java:29: error: cannot find symbol
import org.telegram.messenger.R;
                             ^
  symbol:   class R
  location: package org.telegram.messenger
/home/runner/work/Meowmdmdmmdd/Meowmdmdmmdd/MDGram/app/src/main/java/org/telegram/ui/Components/UndoView.java:50: error: cannot find symbol
import org.telegram.messenger.R;
                             ^
  symbol:   class R
  location: package org.telegram.messenger
/home/runner/work/Meowmdmdmmdd/Meowmdmdmmdd/MDGram/app/src/main/java/org/telegram/ui/Components/StorageDiagramView.java:29: error: cannot find symbol
import org.telegram.messenger.R;
                             ^
  symbol:   class R
  location: package org.telegram.messenger
/home/runner/work/Meowmdmdmmdd/Meowmdmdmmdd/MDGram/app/src/main/java/org/telegram/ui/ActionBar/ActionBar.java:49: error: cannot find symbol
import org.telegram.messenger.R;
                             ^
  symbol:   class R
  location: package org.telegram.messenger
/home/runner/work/Meowmdmdmmdd/Meowmdmdmmdd/MDGram/app/src/main/java/org/telegram/ui/Adapters/FiltersView.java:30: error: cannot find symbol
import org.telegram.messenger.R;
                             ^
  symbol:   class R
  location: package org.telegram.messenger
/home/runner/work/Meowmdmdmmdd/Meowmdmdmmdd/MDGram/app/src/main/java/org/telegram/ui/ActionBar/DrawerLayoutContainer.java:46: error: cannot find symbol
import org.telegram.messenger.R;
                             ^
  symbol:   class R
  location: package org.telegram.messenger
/home/runner/work/Meowmdmdmmdd/Meowmdmdmmdd/MDGram/app/src/main/java/org/telegram/ui/Components/BackButtonMenu.java:23: error: cannot find symbol
import org.telegram.messenger.R;
                             ^
  symbol:   class R
  location: package org.telegram.messenger
/home/runner/work/Meowmdmdmmdd/Meowmdmdmmdd/MDGram/app/src/main/java/org/telegram/ui/ActionBar/ActionBarPopupWindow.java:43: error: cannot find symbol
import org.telegram.messenger.R;
                             ^
  symbol:   class R
  location: package org.telegram.messenger
/home/runner/work/Meowmdmdmmdd/Meowmdmdmmdd/MDGram/app/src/main/java/org/telegram/ui/Components/Premium/StarParticlesView.java:23: error: cannot find symbol
import org.telegram.messenger.R;
                             ^
  symbol:   class R
  location: package org.telegram.messenger
/home/runner/work/Meowmdmdmmdd/Meowmdmdmmdd/MDGram/app/src/main/java/org/telegram/ui/PhotoViewer.java:157: error: cannot find symbol
import org.telegram.messenger.R;
                             ^
  symbol:   class R
  location: package org.telegram.messenger
/home/runner/work/Meowmdmdmmdd/Meowmdmdmmdd/MDGram/app/src/main/java/org/telegram/ui/Cells/SharedPhotoVideoCell2.java:33: error: cannot find symbol
import org.telegram.messenger.R;
                             ^
  symbol:   class R
  location: package org.telegram.messenger
/home/runner/work/Meowmdmdmmdd/Meowmdmdmmdd/MDGram/app/src/main/java/org/telegram/ui/Components/PhotoViewerWebView.java:45: error: cannot find symbol
import org.telegram.messenger.R;
                             ^
  symbol:   class R
  location: package org.telegram.messenger
/home/runner/work/Meowmdmdmmdd/Meowmdmdmmdd/MDGram/app/src/main/java/org/telegram/ui/ChooseSpeedLayout.java:6: error: cannot find symbol
import org.telegram.messenger.R;
                             ^
  symbol:   class R
  location: package org.telegram.messenger
/home/runner/work/Meowmdmdmmdd/Meowmdmdmmdd/MDGram/app/src/main/java/org/telegram/ui/Components/PickerBottomLayoutViewer.java:20: error: cannot find symbol
import org.telegram.messenger.R;
                             ^
  symbol:   class R
  location: package org.telegram.messenger
/home/runner/work/Meowmdmdmmdd/Meowmdmdmmdd/MDGram/app/src/main/java/org/telegram/ui/Components/PhotoFilterView.java:37: error: cannot find symbol
import org.telegram.messenger.R;
                             ^
  symbol:   class R
  location: package org.telegram.messenger
/home/runner/work/Meowmdmdmmdd/Meowmdmdmmdd/MDGram/app/src/main/java/org/telegram/ui/Components/PhotoViewerCaptionEnterView.java:53: error: cannot find symbol
import org.telegram.messenger.R;
                             ^
  symbol:   class R
  location: package org.telegram.messenger
/home/runner/work/Meowmdmdmmdd/Meowmdmdmmdd/MDGram/app/src/main/java/org/telegram/ui/Components/ImageUpdater.java:41: error: cannot find symbol
import org.telegram.messenger.R;
                             ^
  symbol:   class R
  location: package org.telegram.messenger
/home/runner/work/Meowmdmdmmdd/Meowmdmdmmdd/MDGram/app/src/main/java/org/telegram/ui/PhotoCropActivity.java:27: error: cannot find symbol
import org.telegram.messenger.R;
                             ^
  symbol:   class R
  location: package org.telegram.messenger
/home/runner/work/Meowmdmdmmdd/Meowmdmdmmdd/MDGram/app/src/main/java/org/telegram/ui/Components/VideoSeekPreviewImage.java:22: error: cannot find symbol
import org.telegram.messenger.R;
                             ^
  symbol:   class R
  location: package org.telegram.messenger
/home/runner/work/Meowmdmdmmdd/Meowmdmdmmdd/MDGram/app/src/main/java/org/telegram/ui/Components/StickersAlert.java:65: error: cannot find symbol
import org.telegram.messenger.R;
                             ^
  symbol:   class R
  location: package org.telegram.messenger
/home/runner/work/Meowmdmdmmdd/Meowmdmdmmdd/MDGram/app/src/main/java/org/telegram/ui/Adapters/MentionsAdapter.java:40: error: cannot find symbol
import org.telegram.messenger.R;
                             ^
  symbol:   class R
  location: package org.telegram.messenger
/home/runner/work/Meowmdmdmmdd/Meowmdmdmmdd/MDGram/app/src/main/java/org/telegram/ui/Components/VideoTimelinePlayView.java:28: error: cannot find symbol
import org.telegram.messenger.R;
                             ^
  symbol:   class R
  location: package org.telegram.messenger
/home/runner/work/Meowmdmdmmdd/Meowmdmdmmdd/MDGram/app/src/main/java/org/telegram/ui/Components/EmojiView.java:101: error: cannot find symbol
import org.telegram.messenger.R;
                             ^
  symbol:   class R
  location: package org.telegram.messenger
/home/runner/work/Meowmdmdmmdd/Meowmdmdmmdd/MDGram/app/src/main/java/org/telegram/ui/TwoStepVerificationActivity.java:50: error: cannot find symbol
import org.telegram.messenger.R;
                             ^
  symbol:   class R
  location: package org.telegram.messenger
/home/runner/work/Meowmdmdmmdd/Meowmdmdmmdd/MDGram/app/src/main/java/org/telegram/messenger/browser/Browser.java:30: error: cannot find symbol
import org.telegram.messenger.R;
                             ^
  symbol:   class R
  location: package org.telegram.messenger
/home/runner/work/Meowmdmdmmdd/Meowmdmdmmdd/MDGram/app/src/main/java/org/telegram/ui/Components/EditTextBoldCursor.java:53: error: cannot find symbol
import org.telegram.messenger.R;
                             ^
  symbol:   class R
  location: package org.telegram.messenger
/home/runner/work/Meowmdmdmmdd/Meowmdmdmmdd/MDGram/app/src/main/java/org/telegram/ui/Components/EmptyTextProgressView.java:25: error: cannot find symbol
import org.telegram.messenger.R;
                             ^
  symbol:   class R
  location: package org.telegram.messenger
/home/runner/work/Meowmdmdmmdd/Meowmdmdmmdd/MDGram/app/src/main/java/org/telegram/ui/ActionBar/FloatingToolbar.java:63: error: cannot find symbol
import org.telegram.messenger.R;
                             ^
  symbol:   class R
  location: package org.telegram.messenger
/home/runner/work/Meowmdmdmmdd/Meowmdmdmmdd/MDGram/app/src/main/java/org/telegram/ui/Cells/ChatMessageCell.java:101: error: cannot find symbol
import org.telegram.messenger.R;
                             ^
  symbol:   class R
  location: package org.telegram.messenger
/home/runner/work/Meowmdmdmmdd/Meowmdmdmmdd/MDGram/app/src/main/java/org/telegram/ui/Cells/TextSelectionHelper.java:50: error: cannot find symbol
import org.telegram.messenger.R;
                             ^
  symbol:   class R
  location: package org.telegram.messenger
/home/runner/work/Meowmdmdmmdd/Meowmdmdmmdd/MDGram/app/src/main/java/org/telegram/ui/Components/TranscribeButton.java:36: error: cannot find symbol
import org.telegram.messenger.R;
                             ^
  symbol:   class R
  location: package org.telegram.messenger
/home/runner/work/Meowmdmdmmdd/Meowmdmdmmdd/MDGram/app/src/main/java/org/telegram/ui/Components/Forum/MessageTopicButton.java:24: error: cannot find symbol
import org.telegram.messenger.R;
                             ^
  symbol:   class R
  location: package org.telegram.messenger
/home/runner/work/Meowmdmdmmdd/Meowmdmdmmdd/MDGram/app/src/main/java/org/telegram/ui/PinchToZoomHelper.java:37: error: cannot find symbol
import org.telegram.messenger.R;
                             ^
  symbol:   class R
  location: package org.telegram.messenger
/home/runner/work/Meowmdmdmmdd/Meowmdmdmmdd/MDGram/app/src/main/java/org/telegram/ui/Components/EmojiTabsStrip.java:34: error: cannot find symbol
import org.telegram.messenger.R;
                             ^
  symbol:   class R
  location: package org.telegram.messenger
/home/runner/work/Meowmdmdmmdd/Meowmdmdmmdd/MDGram/app/src/main/java/org/telegram/ui/Components/ScrollSlidingTabStrip.java:48: error: cannot find symbol
import org.telegram.messenger.R;
                             ^
  symbol:   class R
  location: package org.telegram.messenger
/home/runner/work/Meowmdmdmmdd/Meowmdmdmmdd/MDGram/app/src/main/java/org/telegram/ui/ContentPreviewViewer.java:49: error: cannot find symbol
import org.telegram.messenger.R;
                             ^
  symbol:   class R
  location: package org.telegram.messenger
/home/runner/work/Meowmdmdmmdd/Meowmdmdmmdd/MDGram/app/src/main/java/org/telegram/ui/UnlockPremiumView.java:16: error: cannot find symbol
import org.telegram.messenger.R;
                             ^
  symbol:   class R
  location: package org.telegram.messenger
/home/runner/work/Meowmdmdmmdd/Meowmdmdmmdd/MDGram/app/src/main/java/org/telegram/ui/Components/TrendingStickersLayout.java:27: error: cannot find symbol
import org.telegram.messenger.R;
                             ^
  symbol:   class R
  location: package org.telegram.messenger
/home/runner/work/Meowmdmdmmdd/Meowmdmdmmdd/MDGram/app/src/main/java/org/telegram/ui/Components/SearchField.java:18: error: cannot find symbol
import org.telegram.messenger.R;
                             ^
  symbol:   class R
  location: package org.telegram.messenger
/home/runner/work/Meowmdmdmmdd/Meowmdmdmmdd/MDGram/app/src/main/java/org/telegram/ui/Adapters/StickersSearchAdapter.java:26: error: cannot find symbol
import org.telegram.messenger.R;
                             ^
  symbol:   class R
  location: package org.telegram.messenger
/home/runner/work/Meowmdmdmmdd/Meowmdmdmmdd/MDGram/app/src/main/java/org/telegram/ui/Cells/FeaturedStickerSetInfoCell.java:32: error: cannot find symbol
import org.telegram.messenger.R;
                             ^
  symbol:   class R
  location: package org.telegram.messenger
/home/runner/work/Meowmdmdmmdd/Meowmdmdmmdd/MDGram/app/src/main/java/org/telegram/ui/Components/Premium/PremiumLockIconView.java:17: error: cannot find symbol
import org.telegram.messenger.R;
                             ^
  symbol:   class R
  location: package org.telegram.messenger
/home/runner/work/Meowmdmdmmdd/Meowmdmdmmdd/MDGram/app/src/main/java/org/telegram/messenger/ringtone/RingtoneUploader.java:9: error: cannot find symbol
import org.telegram.messenger.R;
                             ^
  symbol:   class R
  location: package org.telegram.messenger
/home/runner/work/Meowmdmdmmdd/Meowmdmdmmdd/MDGram/app/src/main/java/org/telegram/ui/Components/ChatThemeBottomSheet.java:44: error: cannot find symbol
import org.telegram.messenger.R;
                             ^
  symbol:   class R
  location: package org.telegram.messenger
/home/runner/work/Meowmdmdmmdd/Meowmdmdmmdd/MDGram/app/src/main/java/org/telegram/ui/Cells/ChatActionCell.java:52: error: cannot find symbol
import org.telegram.messenger.R;
                             ^
  symbol:   class R
  location: package org.telegram.messenger
/home/runner/work/Meowmdmdmmdd/Meowmdmdmmdd/MDGram/app/src/main/java/org/telegram/ui/Components/ForwardingPreviewView.java:39: error: cannot find symbol
import org.telegram.messenger.R;
                             ^
  symbol:   class R
  location: package org.telegram.messenger
/home/runner/work/Meowmdmdmmdd/Meowmdmdmmdd/MDGram/app/src/main/java/org/telegram/ui/Components/HintView.java:22: error: cannot find symbol
import org.telegram.messenger.R;
                             ^
  symbol:   class R
  location: package org.telegram.messenger
/home/runner/work/Meowmdmdmmdd/Meowmdmdmmdd/MDGram/app/src/main/java/org/telegram/ui/Components/ThemeSmallPreviewView.java:38: error: cannot find symbol
import org.telegram.messenger.R;
                             ^
  symbol:   class R
  location: package org.telegram.messenger
/home/runner/work/Meowmdmdmmdd/Meowmdmdmmdd/MDGram/app/src/main/java/org/telegram/ui/Adapters/DialogsSearchAdapter.java:38: error: cannot find symbol
import org.telegram.messenger.R;
                             ^
  symbol:   class R
  location: package org.telegram.messenger
/home/runner/work/Meowmdmdmmdd/Meowmdmdmmdd/MDGram/app/src/main/java/org/telegram/ui/FilteredSearchView.java:43: error: cannot find symbol
import org.telegram.messenger.R;
                             ^
  symbol:   class R
  location: package org.telegram.messenger
/home/runner/work/Meowmdmdmmdd/Meowmdmdmmdd/MDGram/app/src/main/java/org/telegram/ui/Components/SearchViewPager.java:33: error: cannot find symbol
import org.telegram.messenger.R;
                             ^
  symbol:   class R
  location: package org.telegram.messenger
/home/runner/work/Meowmdmdmmdd/Meowmdmdmmdd/MDGram/app/src/main/java/org/telegram/ui/Cells/DialogCell.java:68: error: cannot find symbol
import org.telegram.messenger.R;
                             ^
  symbol:   class R
  location: package org.telegram.messenger
/home/runner/work/Meowmdmdmmdd/Meowmdmdmmdd/MDGram/app/src/main/java/org/telegram/ui/Components/TimerDrawable.java:30: error: cannot find symbol
import org.telegram.messenger.R;
                             ^
  symbol:   class R
  location: package org.telegram.messenger
/home/runner/work/Meowmdmdmmdd/Meowmdmdmmdd/MDGram/app/src/main/java/org/telegram/ui/Components/PullForegroundDrawable.java:28: error: cannot find symbol
import org.telegram.messenger.R;
                             ^
  symbol:   class R
  location: package org.telegram.messenger
/home/runner/work/Meowmdmdmmdd/Meowmdmdmmdd/MDGram/app/src/main/java/org/telegram/ui/Adapters/DialogsAdapter.java:39: error: cannot find symbol
import org.telegram.messenger.R;
                             ^
  symbol:   class R
  location: package org.telegram.messenger
/home/runner/work/Meowmdmdmmdd/Meowmdmdmmdd/MDGram/app/src/main/java/org/telegram/ui/Components/SearchDownloadsContainer.java:36: error: cannot find symbol
import org.telegram.messenger.R;
                             ^
  symbol:   class R
  location: package org.telegram.messenger
/home/runner/work/Meowmdmdmmdd/Meowmdmdmmdd/MDGram/app/src/main/java/org/telegram/ui/Components/EditTextCaption.java:48: error: cannot find symbol
import org.telegram.messenger.R;
                             ^
  symbol:   class R
  location: package org.telegram.messenger
/home/runner/work/Meowmdmdmmdd/Meowmdmdmmdd/MDGram/app/src/main/java/org/telegram/ui/Components/Paint/Brush.java:8: error: cannot find symbol
import org.telegram.messenger.R;
                             ^
  symbol:   class R
  location: package org.telegram.messenger
/home/runner/work/Meowmdmdmmdd/Meowmdmdmmdd/MDGram/app/src/main/java/org/telegram/ui/Components/Crop/CropView.java:27: error: cannot find symbol
import org.telegram.messenger.R;
                             ^
  symbol:   class R
  location: package org.telegram.messenger
/home/runner/work/Meowmdmdmmdd/Meowmdmdmmdd/MDGram/app/src/main/java/org/telegram/ui/Components/Crop/CropRotationWheel.java:20: error: cannot find symbol
import org.telegram.messenger.R;
                             ^
  symbol:   class R
  location: package org.telegram.messenger
/home/runner/work/Meowmdmdmmdd/Meowmdmdmmdd/MDGram/app/src/main/java/org/telegram/ui/Components/voip/GroupCallMiniTextureView.java:49: error: cannot find symbol
import org.telegram.messenger.R;
                             ^
  symbol:   class R
  location: package org.telegram.messenger
/home/runner/work/Meowmdmdmmdd/Meowmdmdmmdd/MDGram/app/src/main/java/org/telegram/ui/Components/voip/GroupCallStatusIcon.java:9: error: cannot find symbol
import org.telegram.messenger.R;
                             ^
  symbol:   class R
  location: package org.telegram.messenger
/home/runner/work/Meowmdmdmmdd/Meowmdmdmmdd/MDGram/app/src/main/java/org/telegram/ui/Components/voip/VoIPTextureView.java:30: error: cannot find symbol
import org.telegram.messenger.R;
                             ^
  symbol:   class R
  location: package org.telegram.messenger
/home/runner/work/Meowmdmdmmdd/Meowmdmdmmdd/MDGram/app/src/main/java/org/telegram/ui/GroupCallActivity.java:91: error: cannot find symbol
import org.telegram.messenger.R;
                             ^
  symbol:   class R
  location: package org.telegram.messenger
/home/runner/work/Meowmdmdmmdd/Meowmdmdmmdd/MDGram/app/src/main/java/org/telegram/ui/Components/voip/GroupCallRenderersContainer.java:40: error: cannot find symbol
import org.telegram.messenger.R;
                             ^
  symbol:   class R
  location: package org.telegram.messenger
/home/runner/work/Meowmdmdmmdd/Meowmdmdmmdd/MDGram/app/src/main/java/org/telegram/ui/Components/Premium/LimitReachedBottomSheet.java:24: error: cannot find symbol
import org.telegram.messenger.R;
                             ^
  symbol:   class R
  location: package org.telegram.messenger
/home/runner/work/Meowmdmdmmdd/Meowmdmdmmdd/MDGram/app/src/main/java/org/telegram/ui/LaunchActivity.java:110: error: cannot find symbol
import org.telegram.messenger.R;
                             ^
  symbol:   class R
  location: package org.telegram.messenger
/home/runner/work/Meowmdmdmmdd/Meowmdmdmmdd/MDGram/app/src/main/java/org/telegram/ui/BasePermissionsActivity.java:18: error: cannot find symbol
import org.telegram.messenger.R;
                             ^
  symbol:   class R
  location: package org.telegram.messenger
/home/runner/work/Meowmdmdmmdd/Meowmdmdmmdd/MDGram/app/src/main/java/org/telegram/ui/Components/BottomSheetWithRecyclerListView.java:18: error: cannot find symbol
import org.telegram.messenger.R;
                             ^
  symbol:   class R
  location: package org.telegram.messenger
/home/runner/work/Meowmdmdmmdd/Meowmdmdmmdd/MDGram/app/src/main/java/org/telegram/ui/Cells/AccountSelectCell.java:26: error: cannot find symbol
import org.telegram.messenger.R;
                             ^
  symbol:   class R
  location: package org.telegram.messenger
/home/runner/work/Meowmdmdmmdd/Meowmdmdmmdd/MDGram/app/src/main/java/org/telegram/ui/Components/ShareAlert.java:79: error: cannot find symbol
import org.telegram.messenger.R;
                             ^
  symbol:   class R
  location: package org.telegram.messenger
/home/runner/work/Meowmdmdmmdd/Meowmdmdmmdd/MDGram/app/src/main/java/org/telegram/ui/Components/voip/PrivateVideoPreviewDialog.java:33: error: cannot find symbol
import org.telegram.messenger.R;
                             ^
  symbol:   class R
  location: package org.telegram.messenger
/home/runner/work/Meowmdmdmmdd/Meowmdmdmmdd/MDGram/app/src/main/java/org/telegram/ui/Components/GroupVoipInviteAlert.java:30: error: cannot find symbol
import org.telegram.messenger.R;
                             ^
  symbol:   class R
  location: package org.telegram.messenger
/home/runner/work/Meowmdmdmmdd/Meowmdmdmmdd/MDGram/app/src/main/java/org/telegram/ui/Components/UsersAlertBase.java:37: error: cannot find symbol
import org.telegram.messenger.R;
                             ^
  symbol:   class R
  location: package org.telegram.messenger
/home/runner/work/Meowmdmdmmdd/Meowmdmdmmdd/MDGram/app/src/main/java/org/telegram/ui/Components/EditTextEmoji.java:33: error: cannot find symbol
import org.telegram.messenger.R;
                             ^
  symbol:   class R
  location: package org.telegram.messenger
/home/runner/work/Meowmdmdmmdd/Meowmdmdmmdd/MDGram/app/src/main/java/org/telegram/ui/Cells/ShareDialogCell.java:34: error: cannot find symbol
import org.telegram.messenger.R;
                             ^
  symbol:   class R
  location: package org.telegram.messenger
/home/runner/work/Meowmdmdmmdd/Meowmdmdmmdd/MDGram/app/src/main/java/org/telegram/ui/Components/FireworksOverlay.java:17: error: cannot find symbol
import org.telegram.messenger.R;
                             ^
  symbol:   class R
  location: package org.telegram.messenger
/home/runner/work/Meowmdmdmmdd/Meowmdmdmmdd/MDGram/app/src/main/java/org/telegram/ui/Adapters/DrawerLayoutAdapter.java:22: error: cannot find symbol
import org.telegram.messenger.R;
                             ^
  symbol:   class R
  location: package org.telegram.messenger
/home/runner/work/Meowmdmdmmdd/Meowmdmdmmdd/MDGram/app/src/main/java/org/telegram/ui/Components/PasscodeView.java:63: error: cannot find symbol
import org.telegram.messenger.R;
                             ^
  symbol:   class R
  location: package org.telegram.messenger
/home/runner/work/Meowmdmdmmdd/Meowmdmdmmdd/MDGram/app/src/main/java/org/telegram/ui/Components/TermsOfServiceView.java:22: error: cannot find symbol
import org.telegram.messenger.R;
                             ^
  symbol:   class R
  location: package org.telegram.messenger
Note: Some input files use or override a deprecated API.
Note: Recompile with -Xlint:deprecation for details.
Note: Some input files use unchecked or unsafe operations.
Note: Recompile with -Xlint:unchecked for details.
100 errors

> Task :app:compileReleaseJavaWithJavac FAILED

FAILURE: Build failed with an exception.

* What went wrong:
Execution failed for task ':app:compileReleaseJavaWithJavac'.
> Compilation failed; see the compiler error output for details.

* Try:
> Run with --info or --debug option to get more log output.
> Run with --scan to get full insights.

* Exception is:
org.gradle.api.tasks.TaskExecutionException: Execution failed for task ':app:compileReleaseJavaWithJavac'.
	at org.gradle.api.internal.tasks.execution.ExecuteActionsTaskExecuter.lambda$executeIfValid$1(ExecuteActionsTaskExecuter.java:142)
	at org.gradle.internal.Try$Failure.ifSuccessfulOrElse(Try.java:282)
	at org.gradle.api.internal.tasks.execution.ExecuteActionsTaskExecuter.executeIfValid(ExecuteActionsTaskExecuter.java:140)
	at org.gradle.api.internal.tasks.execution.ExecuteActionsTaskExecuter.execute(ExecuteActionsTaskExecuter.java:128)
	at org.gradle.api.internal.tasks.execution.CleanupStaleOutputsExecuter.execute(CleanupStaleOutputsExecuter.java:77)
	at org.gradle.api.internal.tasks.execution.FinalizePropertiesTaskExecuter.execute(FinalizePropertiesTaskExecuter.java:46)
	at org.gradle.api.internal.tasks.execution.ResolveTaskExecutionModeExecuter.execute(ResolveTaskExecutionModeExecuter.java:51)
	at org.gradle.api.internal.tasks.execution.SkipTaskWithNoActionsExecuter.execute(SkipTaskWithNoActionsExecuter.java:57)
	at org.gradle.api.internal.tasks.execution.SkipOnlyIfTaskExecuter.execute(SkipOnlyIfTaskExecuter.java:57)
	at org.gradle.api.internal.tasks.execution.CatchExceptionTaskExecuter.execute(CatchExceptionTaskExecuter.java:36)
	at org.gradle.api.internal.tasks.execution.EventFiringTaskExecuter$1.executeTask(EventFiringTaskExecuter.java:77)
	at org.gradle.api.internal.tasks.execution.EventFiringTaskExecuter$1.call(EventFiringTaskExecuter.java:55)
	at org.gradle.api.internal.tasks.execution.EventFiringTaskExecuter$1.call(EventFiringTaskExecuter.java:52)
	at org.gradle.internal.operations.DefaultBuildOperationRunner$CallableBuildOperationWorker.execute(DefaultBuildOperationRunner.java:204)
	at org.gradle.internal.operations.DefaultBuildOperationRunner$CallableBuildOperationWorker.execute(DefaultBuildOperationRunner.java:199)
	at org.gradle.internal.operations.DefaultBuildOperationRunner$2.execute(DefaultBuildOperationRunner.java:66)
	at org.gradle.internal.operations.DefaultBuildOperationRunner$2.execute(DefaultBuildOperationRunner.java:59)
	at org.gradle.internal.operations.DefaultBuildOperationRunner.execute(DefaultBuildOperationRunner.java:157)
	at org.gradle.internal.operations.DefaultBuildOperationRunner.execute(DefaultBuildOperationRunner.java:59)
	at org.gradle.internal.operations.DefaultBuildOperationRunner.call(DefaultBuildOperationRunner.java:53)
	at org.gradle.internal.operations.DefaultBuildOperationExecutor.call(DefaultBuildOperationExecutor.java:73)
	at org.gradle.api.internal.tasks.execution.EventFiringTaskExecuter.execute(EventFiringTaskExecuter.java:52)
	at org.gradle.execution.plan.LocalTaskNodeExecutor.execute(LocalTaskNodeExecutor.java:69)
	at org.gradle.execution.taskgraph.DefaultTaskExecutionGraph$InvokeNodeExecutorsAction.execute(DefaultTaskExecutionGraph.java:322)
	at org.gradle.execution.taskgraph.DefaultTaskExecutionGraph$InvokeNodeExecutorsAction.execute(DefaultTaskExecutionGraph.java:309)
	at org.gradle.execution.taskgraph.DefaultTaskExecutionGraph$BuildOperationAwareExecutionAction.execute(DefaultTaskExecutionGraph.java:302)
	at org.gradle.execution.taskgraph.DefaultTaskExecutionGraph$BuildOperationAwareExecutionAction.execute(DefaultTaskExecutionGraph.java:288)
	at org.gradle.execution.plan.DefaultPlanExecutor$ExecutorWorker.execute(DefaultPlanExecutor.java:462)
	at org.gradle.execution.plan.DefaultPlanExecutor$ExecutorWorker.run(DefaultPlanExecutor.java:379)
	at org.gradle.execution.plan.DefaultPlanExecutor.process(DefaultPlanExecutor.java:115)
	at org.gradle.execution.taskgraph.DefaultTaskExecutionGraph.executeWithServices(DefaultTaskExecutionGraph.java:135)
	at org.gradle.execution.taskgraph.DefaultTaskExecutionGraph.execute(DefaultTaskExecutionGraph.java:120)
	at org.gradle.execution.SelectedTaskExecutionAction.execute(SelectedTaskExecutionAction.java:35)
	at org.gradle.execution.DryRunBuildExecutionAction.execute(DryRunBuildExecutionAction.java:51)
	at org.gradle.execution.BuildOperationFiringBuildWorkerExecutor$ExecuteTasks.call(BuildOperationFiringBuildWorkerExecutor.java:54)
	at org.gradle.execution.BuildOperationFiringBuildWorkerExecutor$ExecuteTasks.call(BuildOperationFiringBuildWorkerExecutor.java:43)
	at org.gradle.internal.operations.DefaultBuildOperationRunner$CallableBuildOperationWorker.execute(DefaultBuildOperationRunner.java:204)
	at org.gradle.internal.operations.DefaultBuildOperationRunner$CallableBuildOperationWorker.execute(DefaultBuildOperationRunner.java:199)
	at org.gradle.internal.operations.DefaultBuildOperationRunner$2.execute(DefaultBuildOperationRunner.java:66)
	at org.gradle.internal.operations.DefaultBuildOperationRunner$2.execute(DefaultBuildOperationRunner.java:59)
	at org.gradle.internal.operations.DefaultBuildOperationRunner.execute(DefaultBuildOperationRunner.java:157)
	at org.gradle.internal.operations.DefaultBuildOperationRunner.execute(DefaultBuildOperationRunner.java:59)
	at org.gradle.internal.operations.DefaultBuildOperationRunner.call(DefaultBuildOperationRunner.java:53)
	at org.gradle.internal.operations.DefaultBuildOperationExecutor.call(DefaultBuildOperationExecutor.java:73)
	at org.gradle.execution.BuildOperationFiringBuildWorkerExecutor.execute(BuildOperationFiringBuildWorkerExecutor.java:40)
	at org.gradle.internal.build.DefaultBuildLifecycleController.lambda$executeTasks$6(DefaultBuildLifecycleController.java:167)
	at org.gradle.internal.model.StateTransitionController.doTransition(StateTransitionController.java:247)
	at org.gradle.internal.model.StateTransitionController.lambda$tryTransition$7(StateTransitionController.java:174)
	at org.gradle.internal.work.DefaultSynchronizer.withLock(DefaultSynchronizer.java:44)
	at org.gradle.internal.model.StateTransitionController.tryTransition(StateTransitionController.java:174)
	at org.gradle.internal.build.DefaultBuildLifecycleController.executeTasks(DefaultBuildLifecycleController.java:167)
	at org.gradle.internal.build.DefaultBuildWorkGraphController$DefaultBuildWorkGraph.runWork(DefaultBuildWorkGraphController.java:190)
	at org.gradle.internal.work.DefaultWorkerLeaseService.withLocks(DefaultWorkerLeaseService.java:249)
	at org.gradle.internal.work.DefaultWorkerLeaseService.runAsWorkerThread(DefaultWorkerLeaseService.java:109)
	at org.gradle.composite.internal.DefaultBuildController.doRun(DefaultBuildController.java:172)
	at org.gradle.composite.internal.DefaultBuildController.access$000(DefaultBuildController.java:47)
	at org.gradle.composite.internal.DefaultBuildController$BuildOpRunnable.run(DefaultBuildController.java:191)
	at org.gradle.internal.concurrent.ExecutorPolicy$CatchAndRecordFailures.onExecute(ExecutorPolicy.java:64)
	at org.gradle.internal.concurrent.ManagedExecutorImpl$1.run(ManagedExecutorImpl.java:49)
Caused by: org.gradle.api.internal.tasks.compile.CompilationFailedException: Compilation failed; see the compiler error output for details.
	at org.gradle.api.internal.tasks.compile.JdkJavaCompiler.execute(JdkJavaCompiler.java:56)
	at org.gradle.api.internal.tasks.compile.JdkJavaCompiler.execute(JdkJavaCompiler.java:39)
	at org.gradle.api.internal.tasks.compile.NormalizingJavaCompiler.delegateAndHandleErrors(NormalizingJavaCompiler.java:98)
	at org.gradle.api.internal.tasks.compile.NormalizingJavaCompiler.execute(NormalizingJavaCompiler.java:52)
	at org.gradle.api.internal.tasks.compile.NormalizingJavaCompiler.execute(NormalizingJavaCompiler.java:38)
	at org.gradle.api.internal.tasks.compile.AnnotationProcessorDiscoveringCompiler.execute(AnnotationProcessorDiscoveringCompiler.java:51)
	at org.gradle.api.internal.tasks.compile.AnnotationProcessorDiscoveringCompiler.execute(AnnotationProcessorDiscoveringCompiler.java:37)
	at org.gradle.api.internal.tasks.compile.ModuleApplicationNameWritingCompiler.execute(ModuleApplicationNameWritingCompiler.java:46)
	at org.gradle.api.internal.tasks.compile.ModuleApplicationNameWritingCompiler.execute(ModuleApplicationNameWritingCompiler.java:36)
	at org.gradle.jvm.toolchain.internal.DefaultToolchainJavaCompiler.execute(DefaultToolchainJavaCompiler.java:57)
	at org.gradle.api.tasks.compile.JavaCompile.lambda$createToolchainCompiler$1(JavaCompile.java:237)
	at org.gradle.api.internal.tasks.compile.CleaningJavaCompiler.execute(CleaningJavaCompiler.java:53)
	at org.gradle.api.internal.tasks.compile.incremental.IncrementalCompilerFactory.lambda$createRebuildAllCompiler$0(IncrementalCompilerFactory.java:52)
	at org.gradle.api.internal.tasks.compile.incremental.SelectiveCompiler.execute(SelectiveCompiler.java:70)
	at org.gradle.api.internal.tasks.compile.incremental.SelectiveCompiler.execute(SelectiveCompiler.java:44)
	at org.gradle.api.internal.tasks.compile.incremental.IncrementalResultStoringCompiler.execute(IncrementalResultStoringCompiler.java:66)
	at org.gradle.api.internal.tasks.compile.incremental.IncrementalResultStoringCompiler.execute(IncrementalResultStoringCompiler.java:52)
	at org.gradle.api.internal.tasks.compile.CompileJavaBuildOperationReportingCompiler$2.call(CompileJavaBuildOperationReportingCompiler.java:59)
	at org.gradle.api.internal.tasks.compile.CompileJavaBuildOperationReportingCompiler$2.call(CompileJavaBuildOperationReportingCompiler.java:51)
	at org.gradle.internal.operations.DefaultBuildOperationRunner$CallableBuildOperationWorker.execute(DefaultBuildOperationRunner.java:204)
	at org.gradle.internal.operations.DefaultBuildOperationRunner$CallableBuildOperationWorker.execute(DefaultBuildOperationRunner.java:199)
	at org.gradle.internal.operations.DefaultBuildOperationRunner$2.execute(DefaultBuildOperationRunner.java:66)
	at org.gradle.internal.operations.DefaultBuildOperationRunner$2.execute(DefaultBuildOperationRunner.java:59)
	at org.gradle.internal.operations.DefaultBuildOperationRunner.execute(DefaultBuildOperationRunner.java:157)
	at org.gradle.internal.operations.DefaultBuildOperationRunner.execute(DefaultBuildOperationRunner.java:59)
	at org.gradle.internal.operations.DefaultBuildOperationRunner.call(DefaultBuildOperationRunner.java:53)
	at org.gradle.internal.operations.DefaultBuildOperationExecutor.call(DefaultBuildOperationExecutor.java:73)
	at org.gradle.api.internal.tasks.compile.CompileJavaBuildOperationReportingCompiler.execute(CompileJavaBuildOperationReportingCompiler.java:51)
	at org.gradle.api.tasks.compile.JavaCompile.performCompilation(JavaCompile.java:288)
	at org.gradle.api.tasks.compile.JavaCompile.performIncrementalCompilation(JavaCompile.java:170)
	at org.gradle.api.tasks.compile.JavaCompile.compile(JavaCompile.java:148)
	at java.base/jdk.internal.reflect.NativeMethodAccessorImpl.invoke0(Native Method)
	at java.base/jdk.internal.reflect.NativeMethodAccessorImpl.invoke(NativeMethodAccessorImpl.java:62)
	at java.base/jdk.internal.reflect.DelegatingMethodAccessorImpl.invoke(DelegatingMethodAccessorImpl.java:43)
	at org.gradle.internal.reflect.JavaMethod.invoke(JavaMethod.java:125)
	at org.gradle.api.internal.project.taskfactory.IncrementalInputsTaskAction.doExecute(IncrementalInputsTaskAction.java:32)
	at org.gradle.api.internal.project.taskfactory.StandardTaskAction.execute(StandardTaskAction.java:51)
	at org.gradle.api.internal.project.taskfactory.AbstractIncrementalTaskAction.execute(AbstractIncrementalTaskAction.java:25)
	at org.gradle.api.internal.project.taskfactory.StandardTaskAction.execute(StandardTaskAction.java:29)
	at org.gradle.api.internal.tasks.execution.TaskExecution$3.run(TaskExecution.java:236)
	at org.gradle.internal.operations.DefaultBuildOperationRunner$1.execute(DefaultBuildOperationRunner.java:29)
	at org.gradle.internal.operations.DefaultBuildOperationRunner$1.execute(DefaultBuildOperationRunner.java:26)
	at org.gradle.internal.operations.DefaultBuildOperationRunner$2.execute(DefaultBuildOperationRunner.java:66)
	at org.gradle.internal.operations.DefaultBuildOperationRunner$2.execute(DefaultBuildOperationRunner.java:59)
	at org.gradle.internal.operations.DefaultBuildOperationRunner.execute(DefaultBuildOperationRunner.java:157)
	at org.gradle.internal.operations.DefaultBuildOperationRunner.execute(DefaultBuildOperationRunner.java:59)
	at org.gradle.internal.operations.DefaultBuildOperationRunner.run(DefaultBuildOperationRunner.java:47)
	at org.gradle.internal.operations.DefaultBuildOperationExecutor.run(DefaultBuildOperationExecutor.java:68)
	at org.gradle.api.internal.tasks.execution.TaskExecution.executeAction(TaskExecution.java:221)
	at org.gradle.api.internal.tasks.execution.TaskExecution.executeActions(TaskExecution.java:204)
	at org.gradle.api.internal.tasks.execution.TaskExecution.executeWithPreviousOutputFiles(TaskExecution.java:187)
	at org.gradle.api.internal.tasks.execution.TaskExecution.execute(TaskExecution.java:165)
	at org.gradle.internal.execution.steps.ExecuteStep.executeInternal(ExecuteStep.java:89)
	at org.gradle.internal.execution.steps.ExecuteStep.access$000(ExecuteStep.java:40)
	at org.gradle.internal.execution.steps.ExecuteStep$1.call(ExecuteStep.java:53)
	at org.gradle.internal.execution.steps.ExecuteStep$1.call(ExecuteStep.java:50)
	at org.gradle.internal.operations.DefaultBuildOperationRunner$CallableBuildOperationWorker.execute(DefaultBuildOperationRunner.java:204)
	at org.gradle.internal.operations.DefaultBuildOperationRunner$CallableBuildOperationWorker.execute(DefaultBuildOperationRunner.java:199)
	at org.gradle.internal.operations.DefaultBuildOperationRunner$2.execute(DefaultBuildOperationRunner.java:66)
	at org.gradle.internal.operations.DefaultBuildOperationRunner$2.execute(DefaultBuildOperationRunner.java:59)
	at org.gradle.internal.operations.DefaultBuildOperationRunner.execute(DefaultBuildOperationRunner.java:157)
	at org.gradle.internal.operations.DefaultBuildOperationRunner.execute(DefaultBuildOperationRunner.java:59)
	at org.gradle.internal.operations.DefaultBuildOperationRunner.call(DefaultBuildOperationRunner.java:53)
	at org.gradle.internal.operations.DefaultBuildOperationExecutor.call(DefaultBuildOperationExecutor.java:73)
	at org.gradle.internal.execution.steps.ExecuteStep.execute(ExecuteStep.java:50)
	at org.gradle.internal.execution.steps.ExecuteStep.execute(ExecuteStep.java:40)
	at org.gradle.internal.execution.steps.RemovePreviousOutputsStep.execute(RemovePreviousOutputsStep.java:68)
	at org.gradle.internal.execution.steps.RemovePreviousOutputsStep.execute(RemovePreviousOutputsStep.java:38)
	at org.gradle.internal.execution.steps.CancelExecutionStep.execute(CancelExecutionStep.java:41)
	at org.gradle.internal.execution.steps.TimeoutStep.executeWithoutTimeout(TimeoutStep.java:74)
	at org.gradle.internal.execution.steps.TimeoutStep.execute(TimeoutStep.java:55)
	at org.gradle.internal.execution.steps.CreateOutputsStep.execute(CreateOutputsStep.java:51)
	at org.gradle.internal.execution.steps.CreateOutputsStep.execute(CreateOutputsStep.java:29)
	at org.gradle.internal.execution.steps.CaptureStateAfterExecutionStep.executeDelegateBroadcastingChanges(CaptureStateAfterExecutionStep.java:124)
	at org.gradle.internal.execution.steps.CaptureStateAfterExecutionStep.execute(CaptureStateAfterExecutionStep.java:80)
	at org.gradle.internal.execution.steps.CaptureStateAfterExecutionStep.execute(CaptureStateAfterExecutionStep.java:58)
	at org.gradle.internal.execution.steps.ResolveInputChangesStep.execute(ResolveInputChangesStep.java:48)
	at org.gradle.internal.execution.steps.ResolveInputChangesStep.execute(ResolveInputChangesStep.java:36)
	at org.gradle.internal.execution.steps.BuildCacheStep.executeWithoutCache(BuildCacheStep.java:181)
	at org.gradle.internal.execution.steps.BuildCacheStep.lambda$execute$1(BuildCacheStep.java:71)
	at org.gradle.internal.Either$Right.fold(Either.java:175)
	at org.gradle.internal.execution.caching.CachingState.fold(CachingState.java:59)
	at org.gradle.internal.execution.steps.BuildCacheStep.execute(BuildCacheStep.java:69)
	at org.gradle.internal.execution.steps.BuildCacheStep.execute(BuildCacheStep.java:47)
	at org.gradle.internal.execution.steps.StoreExecutionStateStep.execute(StoreExecutionStateStep.java:36)
	at org.gradle.internal.execution.steps.StoreExecutionStateStep.execute(StoreExecutionStateStep.java:25)
	at org.gradle.internal.execution.steps.RecordOutputsStep.execute(RecordOutputsStep.java:36)
	at org.gradle.internal.execution.steps.RecordOutputsStep.execute(RecordOutputsStep.java:22)
	at org.gradle.internal.execution.steps.SkipUpToDateStep.executeBecause(SkipUpToDateStep.java:110)
	at org.gradle.internal.execution.steps.SkipUpToDateStep.lambda$execute$2(SkipUpToDateStep.java:56)
	at org.gradle.internal.execution.steps.SkipUpToDateStep.execute(SkipUpToDateStep.java:56)
	at org.gradle.internal.execution.steps.SkipUpToDateStep.execute(SkipUpToDateStep.java:38)
	at org.gradle.internal.execution.steps.ResolveChangesStep.execute(ResolveChangesStep.java:73)
	at org.gradle.internal.execution.steps.ResolveChangesStep.execute(ResolveChangesStep.java:44)
	at org.gradle.internal.execution.steps.legacy.MarkSnapshottingInputsFinishedStep.execute(MarkSnapshottingInputsFinishedStep.java:37)
	at org.gradle.internal.execution.steps.legacy.MarkSnapshottingInputsFinishedStep.execute(MarkSnapshottingInputsFinishedStep.java:27)
	at org.gradle.internal.execution.steps.ResolveCachingStateStep.execute(ResolveCachingStateStep.java:89)
	at org.gradle.internal.execution.steps.ResolveCachingStateStep.execute(ResolveCachingStateStep.java:50)
	at org.gradle.internal.execution.steps.ValidateStep.execute(ValidateStep.java:102)
	at org.gradle.internal.execution.steps.ValidateStep.execute(ValidateStep.java:57)
	at org.gradle.internal.execution.steps.CaptureStateBeforeExecutionStep.execute(CaptureStateBeforeExecutionStep.java:76)
	at org.gradle.internal.execution.steps.CaptureStateBeforeExecutionStep.execute(CaptureStateBeforeExecutionStep.java:50)
	at org.gradle.internal.execution.steps.SkipEmptyWorkStep.executeWithNoEmptySources(SkipEmptyWorkStep.java:254)
	at org.gradle.internal.execution.steps.SkipEmptyWorkStep.executeWithNoEmptySources(SkipEmptyWorkStep.java:209)
	at org.gradle.internal.execution.steps.SkipEmptyWorkStep.execute(SkipEmptyWorkStep.java:88)
	at org.gradle.internal.execution.steps.SkipEmptyWorkStep.execute(SkipEmptyWorkStep.java:56)
	at org.gradle.internal.execution.steps.RemoveUntrackedExecutionStateStep.execute(RemoveUntrackedExecutionStateStep.java:32)
	at org.gradle.internal.execution.steps.RemoveUntrackedExecutionStateStep.execute(RemoveUntrackedExecutionStateStep.java:21)
	at org.gradle.internal.execution.steps.legacy.MarkSnapshottingInputsStartedStep.execute(MarkSnapshottingInputsStartedStep.java:38)
	at org.gradle.internal.execution.steps.LoadPreviousExecutionStateStep.execute(LoadPreviousExecutionStateStep.java:43)
	at org.gradle.internal.execution.steps.LoadPreviousExecutionStateStep.execute(LoadPreviousExecutionStateStep.java:31)
	at org.gradle.internal.execution.steps.AssignWorkspaceStep.lambda$execute$0(AssignWorkspaceStep.java:40)
	at org.gradle.api.internal.tasks.execution.TaskExecution$4.withWorkspace(TaskExecution.java:281)
	at org.gradle.internal.execution.steps.AssignWorkspaceStep.execute(AssignWorkspaceStep.java:40)
	at org.gradle.internal.execution.steps.AssignWorkspaceStep.execute(AssignWorkspaceStep.java:30)
	at org.gradle.internal.execution.steps.IdentityCacheStep.execute(IdentityCacheStep.java:37)
	at org.gradle.internal.execution.steps.IdentityCacheStep.execute(IdentityCacheStep.java:27)
	at org.gradle.internal.execution.steps.IdentifyStep.execute(IdentifyStep.java:44)
	at org.gradle.internal.execution.steps.IdentifyStep.execute(IdentifyStep.java:33)
	at org.gradle.internal.execution.impl.DefaultExecutionEngine$1.execute(DefaultExecutionEngine.java:76)
	at org.gradle.api.internal.tasks.execution.ExecuteActionsTaskExecuter.executeIfValid(ExecuteActionsTaskExecuter.java:139)
	at org.gradle.api.internal.tasks.execution.ExecuteActionsTaskExecuter.execute(ExecuteActionsTaskExecuter.java:128)
	at org.gradle.api.internal.tasks.execution.CleanupStaleOutputsExecuter.execute(CleanupStaleOutputsExecuter.java:77)
	at org.gradle.api.internal.tasks.execution.FinalizePropertiesTaskExecuter.execute(FinalizePropertiesTaskExecuter.java:46)
	at org.gradle.api.internal.tasks.execution.ResolveTaskExecutionModeExecuter.execute(ResolveTaskExecutionModeExecuter.java:51)
	at org.gradle.api.internal.tasks.execution.SkipTaskWithNoActionsExecuter.execute(SkipTaskWithNoActionsExecuter.java:57)
	at org.gradle.api.internal.tasks.execution.SkipOnlyIfTaskExecuter.execute(SkipOnlyIfTaskExecuter.java:57)
	at org.gradle.api.internal.tasks.execution.CatchExceptionTaskExecuter.execute(CatchExceptionTaskExecuter.java:36)
	at org.gradle.api.internal.tasks.execution.EventFiringTaskExecuter$1.executeTask(EventFiringTaskExecuter.java:77)
	at org.gradle.api.internal.tasks.execution.EventFiringTaskExecuter$1.call(EventFiringTaskExecuter.java:55)
	at org.gradle.api.internal.tasks.execution.EventFiringTaskExecuter$1.call(EventFiringTaskExecuter.java:52)
	at org.gradle.internal.operations.DefaultBuildOperationRunner$CallableBuildOperationWorker.execute(DefaultBuildOperationRunner.java:204)
	at org.gradle.internal.operations.DefaultBuildOperationRunner$CallableBuildOperationWorker.execute(DefaultBuildOperationRunner.java:199)
	at org.gradle.internal.operations.DefaultBuildOperationRunner$2.execute(DefaultBuildOperationRunner.java:66)
	at org.gradle.internal.operations.DefaultBuildOperationRunner$2.execute(DefaultBuildOperationRunner.java:59)
	at org.gradle.internal.operations.DefaultBuildOperationRunner.execute(DefaultBuildOperationRunner.java:157)
	at org.gradle.internal.operations.DefaultBuildOperationRunner.execute(DefaultBuildOperationRunner.java:59)
	at org.gradle.internal.operations.DefaultBuildOperationRunner.call(DefaultBuildOperationRunner.java:53)
	at org.gradle.internal.operations.DefaultBuildOperationExecutor.call(DefaultBuildOperationExecutor.java:73)
	at org.gradle.api.internal.tasks.execution.EventFiringTaskExecuter.execute(EventFiringTaskExecuter.java:52)
	at org.gradle.execution.plan.LocalTaskNodeExecutor.execute(LocalTaskNodeExecutor.java:69)
	at org.gradle.execution.taskgraph.DefaultTaskExecutionGraph$InvokeNodeExecutorsAction.execute(DefaultTaskExecutionGraph.java:322)
	at org.gradle.execution.taskgraph.DefaultTaskExecutionGraph$InvokeNodeExecutorsAction.execute(DefaultTaskExecutionGraph.java:309)
	at org.gradle.execution.taskgraph.DefaultTaskExecutionGraph$BuildOperationAwareExecutionAction.execute(DefaultTaskExecutionGraph.java:302)
	at org.gradle.execution.taskgraph.DefaultTaskExecutionGraph$BuildOperationAwareExecutionAction.execute(DefaultTaskExecutionGraph.java:288)
	at org.gradle.execution.plan.DefaultPlanExecutor$ExecutorWorker.execute(DefaultPlanExecutor.java:462)
	at org.gradle.execution.plan.DefaultPlanExecutor$ExecutorWorker.run(DefaultPlanExecutor.java:379)
	at org.gradle.execution.plan.DefaultPlanExecutor.process(DefaultPlanExecutor.java:115)
	at org.gradle.execution.taskgraph.DefaultTaskExecutionGraph.executeWithServices(DefaultTaskExecutionGraph.java:135)
	at org.gradle.execution.taskgraph.DefaultTaskExecutionGraph.execute(DefaultTaskExecutionGraph.java:120)
	at org.gradle.execution.SelectedTaskExecutionAction.execute(SelectedTaskExecutionAction.java:35)
	at org.gradle.execution.DryRunBuildExecutionAction.execute(DryRunBuildExecutionAction.java:51)
	at org.gradle.execution.BuildOperationFiringBuildWorkerExecutor$ExecuteTasks.call(BuildOperationFiringBuildWorkerExecutor.java:54)
	at org.gradle.execution.BuildOperationFiringBuildWorkerExecutor$ExecuteTasks.call(BuildOperationFiringBuildWorkerExecutor.java:43)
	at org.gradle.internal.operations.DefaultBuildOperationRunner$CallableBuildOperationWorker.execute(DefaultBuildOperationRunner.java:204)
	at org.gradle.internal.operations.DefaultBuildOperationRunner$CallableBuildOperationWorker.execute(DefaultBuildOperationRunner.java:199)
	at org.gradle.internal.operations.DefaultBuildOperationRunner$2.execute(DefaultBuildOperationRunner.java:66)
	at org.gradle.internal.operations.DefaultBuildOperationRunner$2.execute(DefaultBuildOperationRunner.java:59)
	at org.gradle.internal.operations.DefaultBuildOperationRunner.execute(DefaultBuildOperationRunner.java:157)
	at org.gradle.internal.operations.DefaultBuildOperationRunner.execute(DefaultBuildOperationRunner.java:59)
	at org.gradle.internal.operations.DefaultBuildOperationRunner.call(DefaultBuildOperationRunner.java:53)
	at org.gradle.internal.operations.DefaultBuildOperationExecutor.call(DefaultBuildOperationExecutor.java:73)
	at org.gradle.execution.BuildOperationFiringBuildWorkerExecutor.execute(BuildOperationFiringBuildWorkerExecutor.java:40)
	at org.gradle.internal.build.DefaultBuildLifecycleController.lambda$executeTasks$6(DefaultBuildLifecycleController.java:167)
	at org.gradle.internal.model.StateTransitionController.doTransition(StateTransitionController.java:247)
	at org.gradle.internal.model.StateTransitionController.lambda$tryTransition$7(StateTransitionController.java:174)
	at org.gradle.internal.work.DefaultSynchronizer.withLock(DefaultSynchronizer.java:44)
	at org.gradle.internal.model.StateTransitionController.tryTransition(StateTransitionController.java:174)
	at org.gradle.internal.build.DefaultBuildLifecycleController.executeTasks(DefaultBuildLifecycleController.java:167)
	at org.gradle.internal.build.DefaultBuildWorkGraphController$DefaultBuildWorkGraph.runWork(DefaultBuildWorkGraphController.java:190)
	at org.gradle.internal.work.DefaultWorkerLeaseService.withLocks(DefaultWorkerLeaseService.java:249)
	at org.gradle.internal.work.DefaultWorkerLeaseService.runAsWorkerThread(DefaultWorkerLeaseService.java:109)
	at org.gradle.composite.internal.DefaultBuildController.doRun(DefaultBuildController.java:172)
	at org.gradle.composite.internal.DefaultBuildController.access$000(DefaultBuildController.java:47)
	at org.gradle.composite.internal.DefaultBuildController$BuildOpRunnable.run(DefaultBuildController.java:191)
	at org.gradle.internal.concurrent.ExecutorPolicy$CatchAndRecordFailures.onExecute(ExecutorPolicy.java:64)
	at org.gradle.internal.concurrent.ManagedExecutorImpl$1.run(ManagedExecutorImpl.java:49)


* Get more help at https://help.gradle.org

BUILD FAILED in 3m 53s
24 actionable tasks: 24 executed
