Downloading https://services.gradle.org/distributions/gradle-7.6-bin.zip
...........10%............20%...........30%............40%............50%...........60%............70%............80%...........90%............100%

Welcome to Gradle 7.6!

Here are the highlights of this release:
 - Added support for Java 19.
 - Introduced `--rerun` flag for individual task rerun.
 - Improved dependency block for test suites to be strongly typed.
 - Added a pluggable system for Java toolchains provisioning.

For more details see https://docs.gradle.org/7.6/release-notes.html

To honour the JVM settings for this build a single-use Daemon process will be forked. See https://docs.gradle.org/7.6/userguide/gradle_daemon.html#sec:disabling_the_daemon.
Daemon will be stopped at the end of the build 
Checking the license for package Android SDK Build-Tools 30.0.3 in /usr/local/lib/android/sdk/licenses
License for package Android SDK Build-Tools 30.0.3 accepted.
Preparing "Install Android SDK Build-Tools 30.0.3 (revision: 30.0.3)".
"Install Android SDK Build-Tools 30.0.3 (revision: 30.0.3)" ready.
Installing Android SDK Build-Tools 30.0.3 in /usr/local/lib/android/sdk/build-tools/30.0.3
"Install Android SDK Build-Tools 30.0.3 (revision: 30.0.3)" complete.
"Install Android SDK Build-Tools 30.0.3 (revision: 30.0.3)" finished.
Checking the license for package Android SDK Platform 33 in /usr/local/lib/android/sdk/licenses
License for package Android SDK Platform 33 accepted.
Preparing "Install Android SDK Platform 33 (revision: 3)".
"Install Android SDK Platform 33 (revision: 3)" ready.
Installing Android SDK Platform 33 in /usr/local/lib/android/sdk/platforms/android-33
"Install Android SDK Platform 33 (revision: 3)" complete.
"Install Android SDK Platform 33 (revision: 3)" finished.
> Task :app:preBuild UP-TO-DATE
> Task :app:preReleaseBuild UP-TO-DATE
> Task :app:mergeReleaseJniLibFolders

> Task :app:mergeReleaseNativeLibs
WARNING:Your project has set `android.useAndroidX=true`, but configuration `:app:releaseRuntimeClasspath` still contains legacy support libraries, which may cause runtime issues.
This behavior will not be allowed in Android Gradle plugin 8.0.
Please use only AndroidX dependencies or set `android.enableJetifier=true` in the `gradle.properties` file to migrate your project to AndroidX (see https://developer.android.com/jetpack/androidx/migrate for more info).
The following legacy support libraries are detected:
:app:releaseRuntimeClasspath -> com.stripe:stripe-android:2.0.2 -> com.android.support:support-annotations:25.1.0

> Task :app:compileReleaseAidl NO-SOURCE
> Task :app:compileReleaseRenderscript NO-SOURCE
> Task :app:generateReleaseBuildConfig
> Task :app:javaPreCompileRelease

> Task :app:stripReleaseDebugSymbols
Unable to strip the following libraries, packaging them as they are: liblanguage_id_jni.so, liblanguage_id_l2c_jni.so, libtmessages.42.so.

> Task :app:generateReleaseResValues
> Task :app:checkReleaseAarMetadata
> Task :app:extractReleaseNativeSymbolTables
> Task :app:desugarReleaseFileDependencies
> Task :app:mapReleaseSourceSetPaths
> Task :app:mergeReleaseNativeDebugMetadata NO-SOURCE
> Task :app:generateReleaseResources

> Task :app:mergeReleaseResources
/home/runner/work/Meowmdmdmmdd/Meowmdmdmmdd/MDGram/app/src/main/res/values/strings.xml:1340:2: Multiple substitutions specified in non-positional format of string resource string/ForwardingFromNameAndMessage. Did you mean to add the formatted="false" attribute?
/home/runner/work/Meowmdmdmmdd/Meowmdmdmmdd/MDGram/app/src/main/res/values/strings.xml:5774:2: Multiple substitutions specified in non-positional format of string resource string/NotificationTopicExceptionsDesctription_few. Did you mean to add the formatted="false" attribute?
/home/runner/work/Meowmdmdmmdd/Meowmdmdmmdd/MDGram/app/src/main/res/values/strings.xml:5771:2: Multiple substitutions specified in non-positional format of string resource string/NotificationTopicExceptionsDesctription_many. Did you mean to add the formatted="false" attribute?
/home/runner/work/Meowmdmdmmdd/Meowmdmdmmdd/MDGram/app/src/main/res/values/strings.xml:5775:2: Multiple substitutions specified in non-positional format of string resource string/NotificationTopicExceptionsDesctription_one. Did you mean to add the formatted="false" attribute?
/home/runner/work/Meowmdmdmmdd/Meowmdmdmmdd/MDGram/app/src/main/res/values/strings.xml:5772:2: Multiple substitutions specified in non-positional format of string resource string/NotificationTopicExceptionsDesctription_other. Did you mean to add the formatted="false" attribute?
/home/runner/work/Meowmdmdmmdd/Meowmdmdmmdd/MDGram/app/src/main/res/values/strings.xml:1409:2: Multiple substitutions specified in non-positional format of string resource string/NotificationTopicExceptionsDesctription_two. Did you mean to add the formatted="false" attribute?
/home/runner/work/Meowmdmdmmdd/Meowmdmdmmdd/MDGram/app/src/main/res/values-ko/strings.xml:3389:2: Multiple substitutions specified in non-positional format of string resource string/CallEmojiKeyTooltip. Did you mean to add the formatted="false" attribute?

> Task :app:createReleaseCompatibleScreenManifests
> Task :app:extractDeepLinksRelease

> Task :app:processReleaseMainManifest
package="org.telegram.messenger" found in source AndroidManifest.xml: /home/runner/work/Meowmdmdmmdd/Meowmdmdmmdd/MDGram/app/src/main/AndroidManifest.xml.
Setting the namespace via a source AndroidManifest.xml's package attribute is deprecated.
Please instead set the namespace (or testNamespace) in the module's build.gradle file, as described here: https://developer.android.com/studio/build/configure-app-module#set-namespace
This migration can be done automatically using the AGP Upgrade Assistant, please refer to https://developer.android.com/studio/build/agp-upgrade-assistant for more information.
/home/runner/work/Meowmdmdmmdd/Meowmdmdmmdd/MDGram/app/src/main/AndroidManifest.xml:415:5-420:16 Warning:
	Element receiver#org.telegram.messenger.ChatsWidgetProvider at AndroidManifest.xml:415:5-420:16 duplicated with element declared at AndroidManifest.xml:313:5-318:16
/home/runner/work/Meowmdmdmmdd/Meowmdmdmmdd/MDGram/app/src/main/AndroidManifest.xml:421:5-155 Warning:
	Element service#org.telegram.messenger.ChatsWidgetService at AndroidManifest.xml:421:5-155 duplicated with element declared at AndroidManifest.xml:319:5-155
/home/runner/work/Meowmdmdmmdd/Meowmdmdmmdd/MDGram/app/src/main/AndroidManifest.xml:422:5-427:16 Warning:
	Element receiver#org.telegram.messenger.ContactsWidgetProvider at AndroidManifest.xml:422:5-427:16 duplicated with element declared at AndroidManifest.xml:320:5-325:16
/home/runner/work/Meowmdmdmmdd/Meowmdmdmmdd/MDGram/app/src/main/AndroidManifest.xml:428:5-158 Warning:
	Element service#org.telegram.messenger.ContactsWidgetService at AndroidManifest.xml:428:5-158 duplicated with element declared at AndroidManifest.xml:326:5-158
/home/runner/work/Meowmdmdmmdd/Meowmdmdmmdd/MDGram/app/src/main/AndroidManifest.xml:429:5-101 Warning:
	Element service#org.telegram.messenger.FilesMigrationService at AndroidManifest.xml:429:5-101 duplicated with element declared at AndroidManifest.xml:327:5-101
/home/runner/work/Meowmdmdmmdd/Meowmdmdmmdd/MDGram/app/src/main/AndroidManifest.xml:61:3-98 Warning:
	uses-permission#android.permission.WRITE_EXTERNAL_STORAGE was tagged at AndroidManifest.xml:61 to replace another declaration but no other declaration present
/home/runner/work/Meowmdmdmmdd/Meowmdmdmmdd/MDGram/app/src/main/AndroidManifest.xml:70:3-443:17 Warning:
	application@android:supportsRtl was tagged at AndroidManifest.xml:70 to replace other declarations but no other declaration present

> Task :app:processReleaseManifest
> Task :app:checkReleaseDuplicateClasses
> Task :app:mergeReleaseShaders
> Task :app:compileReleaseShaders NO-SOURCE
> Task :app:generateReleaseAssets UP-TO-DATE
> Task :app:mergeReleaseAssets
> Task :app:processReleaseManifestForPackage
> Task :app:processReleaseJavaRes NO-SOURCE
> Task :app:compressReleaseAssets
> Task :app:collectReleaseDependencies
> Task :app:sdkReleaseDependencyData
> Task :app:validateSigningRelease
> Task :app:writeReleaseAppMetadata
> Task :app:writeReleaseSigningConfigVersions
> Task :app:mergeReleaseArtProfile
> Task :app:mergeReleaseJavaResource
warn: removing resource org.telegram.mdgram:string/ActionGroupCallEnded without required default value.
warn: removing resource org.telegram.mdgram:string/ActionGroupCallJustStarted without required default value.
warn: removing resource org.telegram.mdgram:string/ClearRecentEmoji without required default value.
warn: removing resource org.telegram.mdgram:string/KeepMediaInfo without required default value.
warn: removing resource org.telegram.mdgram:string/PermissionNoAudio without required default value.
warn: removing resource org.telegram.mdgram:string/PermissionNoAudioVideo without required default value.
warn: removing resource org.telegram.mdgram:string/PermissionNoCamera without required default value.
warn: removing resource org.telegram.mdgram:string/PermissionStorage without required default value.
warn: removing resource org.telegram.mdgram:string/PrivacyProfilePhotoInfo2 without required default value.
warn: removing resource org.telegram.mdgram:string/QRCodePermissionNoCamera without required default value.
warn: removing resource org.telegram.mdgram:string/TerminateSessionInfo without required default value.
warn: removing resource org.telegram.mdgram:string/UserRestrictionsDisabled without required default value.
warn: removing resource org.telegram.mdgram:string/VideoPreviewDesrciption without required default value.
warn: removing resource org.telegram.mdgram:string/VoipGroupEndedStartNew without required default value.
warn: removing resource org.telegram.mdgram:string/VoipGroupInvitedToVoiceChat without required default value.
warn: removing resource org.telegram.mdgram:string/VoipGroupJoinCall without required default value.
warn: removing resource org.telegram.mdgram:string/VoipGroupMuteMemberAlertText without required default value.
warn: removing resource org.telegram.mdgram:string/VoipGroupStartAs without required default value.
warn: removing resource org.telegram.mdgram:string/VoipNeedMicCameraPermission without required default value.
warn: removing resource org.telegram.mdgram:string/VoipNeedMicPermission without required default value.

> Task :app:processReleaseResources

> Task :app:compileReleaseJavaWithJavac
Note: Some input files use or override a deprecated API.
Note: Recompile with -Xlint:deprecation for details.
Note: Some input files use unchecked or unsafe operations.
Note: Recompile with -Xlint:unchecked for details.

> Task :app:dexBuilderRelease
> Task :app:optimizeReleaseResources
> Task :app:mergeDexRelease
> Task :app:l8DexDesugarLibRelease
> Task :app:compileReleaseArtProfile
> Task :app:packageRelease
> Task :app:createReleaseApkListingFileRedirect
> Task :app:assembleRelease

BUILD SUCCESSFUL in 2m 53s
36 actionable tasks: 36 executed
