	at org.gradle.internal.operations.DefaultBuildOperationRunner$CallableBuildOperationWorker.execute(DefaultBuildOperationRunner.java:204)
	at org.gradle.internal.operations.DefaultBuildOperationRunner$CallableBuildOperationWorker.execute(DefaultBuildOperationRunner.java:199)
	at org.gradle.internal.operations.DefaultBuildOperationRunner$2.execute(DefaultBuildOperationRunner.java:66)
	at org.gradle.internal.operations.DefaultBuildOperationRunner$2.execute(DefaultBuildOperationRunner.java:59)
	at org.gradle.internal.operations.DefaultBuildOperationRunner.execute(DefaultBuildOperationRunner.java:157)
	at org.gradle.internal.operations.DefaultBuildOperationRunner.execute(DefaultBuildOperationRunner.java:59)
	at org.gradle.internal.operations.DefaultBuildOperationRunner.call(DefaultBuildOperationRunner.java:53)
	at org.gradle.internal.operations.DefaultBuildOperationExecutor.call(DefaultBuildOperationExecutor.java:73)
	at org.gradle.api.internal.tasks.execution.EventFiringTaskExecuter.execute(EventFiringTaskExecuter.java:52)
	at org.gradle.execution.plan.LocalTaskNodeExecutor.execute(LocalTaskNodeExecutor.java:69)
	at org.gradle.execution.taskgraph.DefaultTaskExecutionGraph$InvokeNodeExecutorsAction.execute(DefaultTaskExecutionGraph.java:322)
	at org.gradle.execution.taskgraph.DefaultTaskExecutionGraph$InvokeNodeExecutorsAction.execute(DefaultTaskExecutionGraph.java:309)
	at org.gradle.execution.taskgraph.DefaultTaskExecutionGraph$BuildOperationAwareExecutionAction.execute(DefaultTaskExecutionGraph.java:302)
	at org.gradle.execution.taskgraph.DefaultTaskExecutionGraph$BuildOperationAwareExecutionAction.execute(DefaultTaskExecutionGraph.java:288)
	at org.gradle.execution.plan.DefaultPlanExecutor$ExecutorWorker.execute(DefaultPlanExecutor.java:462)
	at org.gradle.execution.plan.DefaultPlanExecutor$ExecutorWorker.run(DefaultPlanExecutor.java:379)
	at org.gradle.internal.concurrent.ExecutorPolicy$CatchAndRecordFailures.onExecute(ExecutorPolicy.java:64)
	at org.gradle.internal.concurrent.ManagedExecutorImpl$1.run(ManagedExecutorImpl.java:49)
	at java.base/java.util.concurrent.ThreadPoolExecutor.runWorker(ThreadPoolExecutor.java:1128)
	at java.base/java.util.concurrent.ThreadPoolExecutor$Worker.run(ThreadPoolExecutor.java:628)
	at java.base/java.lang.Thread.run(Thread.java:829)
Caused by: org.gradle.workers.internal.DefaultWorkerExecutor$WorkExecutionException: A failure occurred while executing com.android.build.gradle.internal.res.ResourceCompilerRunnable
	at org.gradle.workers.internal.DefaultWorkerExecutor$WorkItemExecution.waitForCompletion(DefaultWorkerExecutor.java:348)
	at org.gradle.internal.work.DefaultAsyncWorkTracker.lambda$waitForItemsAndGatherFailures$2(DefaultAsyncWorkTracker.java:130)
	at org.gradle.internal.Factories$1.create(Factories.java:31)
	at org.gradle.internal.work.DefaultWorkerLeaseService.withoutLocks(DefaultWorkerLeaseService.java:321)
	at org.gradle.internal.work.DefaultWorkerLeaseService.withoutLocks(DefaultWorkerLeaseService.java:304)
	at org.gradle.internal.work.DefaultWorkerLeaseService.withoutLock(DefaultWorkerLeaseService.java:309)
	at org.gradle.internal.work.DefaultAsyncWorkTracker.waitForItemsAndGatherFailures(DefaultAsyncWorkTracker.java:126)
	at org.gradle.internal.work.DefaultAsyncWorkTracker.waitForItemsAndGatherFailures(DefaultAsyncWorkTracker.java:92)
	at org.gradle.internal.work.DefaultAsyncWorkTracker.waitForAll(DefaultAsyncWorkTracker.java:78)
	at org.gradle.internal.work.DefaultAsyncWorkTracker.waitForCompletion(DefaultAsyncWorkTracker.java:66)
	at org.gradle.api.internal.tasks.execution.TaskExecution$3.run(TaskExecution.java:244)
	at org.gradle.internal.operations.DefaultBuildOperationRunner$1.execute(DefaultBuildOperationRunner.java:29)
	at org.gradle.internal.operations.DefaultBuildOperationRunner$1.execute(DefaultBuildOperationRunner.java:26)
	at org.gradle.internal.operations.DefaultBuildOperationRunner$2.execute(DefaultBuildOperationRunner.java:66)
	at org.gradle.internal.operations.DefaultBuildOperationRunner$2.execute(DefaultBuildOperationRunner.java:59)
	at org.gradle.internal.operations.DefaultBuildOperationRunner.execute(DefaultBuildOperationRunner.java:157)
	at org.gradle.internal.operations.DefaultBuildOperationRunner.execute(DefaultBuildOperationRunner.java:59)
	at org.gradle.internal.operations.DefaultBuildOperationRunner.run(DefaultBuildOperationRunner.java:47)
	at org.gradle.internal.operations.DefaultBuildOperationExecutor.run(DefaultBuildOperationExecutor.java:68)
	at org.gradle.api.internal.tasks.execution.TaskExecution.executeAction(TaskExecution.java:221)
	at org.gradle.api.internal.tasks.execution.TaskExecution.executeActions(TaskExecution.java:204)
	at org.gradle.api.internal.tasks.execution.TaskExecution.executeWithPreviousOutputFiles(TaskExecution.java:187)
	at org.gradle.api.internal.tasks.execution.TaskExecution.execute(TaskExecution.java:165)
	at org.gradle.internal.execution.steps.ExecuteStep.executeInternal(ExecuteStep.java:89)
	at org.gradle.internal.execution.steps.ExecuteStep.access$000(ExecuteStep.java:40)
	at org.gradle.internal.execution.steps.ExecuteStep$1.call(ExecuteStep.java:53)
	at org.gradle.internal.execution.steps.ExecuteStep$1.call(ExecuteStep.java:50)
	at org.gradle.internal.operations.DefaultBuildOperationRunner$CallableBuildOperationWorker.execute(DefaultBuildOperationRunner.java:204)
	at org.gradle.internal.operations.DefaultBuildOperationRunner$CallableBuildOperationWorker.execute(DefaultBuildOperationRunner.java:199)
	at org.gradle.internal.operations.DefaultBuildOperationRunner$2.execute(DefaultBuildOperationRunner.java:66)
	at org.gradle.internal.operations.DefaultBuildOperationRunner$2.execute(DefaultBuildOperationRunner.java:59)
	at org.gradle.internal.operations.DefaultBuildOperationRunner.execute(DefaultBuildOperationRunner.java:157)
	at org.gradle.internal.operations.DefaultBuildOperationRunner.execute(DefaultBuildOperationRunner.java:59)
	at org.gradle.internal.operations.DefaultBuildOperationRunner.call(DefaultBuildOperationRunner.java:53)
	at org.gradle.internal.operations.DefaultBuildOperationExecutor.call(DefaultBuildOperationExecutor.java:73)
	at org.gradle.internal.execution.steps.ExecuteStep.execute(ExecuteStep.java:50)
	at org.gradle.internal.execution.steps.ExecuteStep.execute(ExecuteStep.java:40)
	at org.gradle.internal.execution.steps.RemovePreviousOutputsStep.execute(RemovePreviousOutputsStep.java:68)
	at org.gradle.internal.execution.steps.RemovePreviousOutputsStep.execute(RemovePreviousOutputsStep.java:38)
	at org.gradle.internal.execution.steps.CancelExecutionStep.execute(CancelExecutionStep.java:41)
	at org.gradle.internal.execution.steps.TimeoutStep.executeWithoutTimeout(TimeoutStep.java:74)
	at org.gradle.internal.execution.steps.TimeoutStep.execute(TimeoutStep.java:55)
	at org.gradle.internal.execution.steps.CreateOutputsStep.execute(CreateOutputsStep.java:51)
	at org.gradle.internal.execution.steps.CreateOutputsStep.execute(CreateOutputsStep.java:29)
	at org.gradle.internal.execution.steps.CaptureStateAfterExecutionStep.executeDelegateBroadcastingChanges(CaptureStateAfterExecutionStep.java:124)
	at org.gradle.internal.execution.steps.CaptureStateAfterExecutionStep.execute(CaptureStateAfterExecutionStep.java:80)
	at org.gradle.internal.execution.steps.CaptureStateAfterExecutionStep.execute(CaptureStateAfterExecutionStep.java:58)
	at org.gradle.internal.execution.steps.ResolveInputChangesStep.execute(ResolveInputChangesStep.java:48)
	at org.gradle.internal.execution.steps.ResolveInputChangesStep.execute(ResolveInputChangesStep.java:36)
	at org.gradle.internal.execution.steps.BuildCacheStep.executeWithoutCache(BuildCacheStep.java:181)
	at org.gradle.internal.execution.steps.BuildCacheStep.lambda$execute$1(BuildCacheStep.java:71)
	at org.gradle.internal.Either$Right.fold(Either.java:175)
	at org.gradle.internal.execution.caching.CachingState.fold(CachingState.java:59)
	at org.gradle.internal.execution.steps.BuildCacheStep.execute(BuildCacheStep.java:69)
	at org.gradle.internal.execution.steps.BuildCacheStep.execute(BuildCacheStep.java:47)
	at org.gradle.internal.execution.steps.StoreExecutionStateStep.execute(StoreExecutionStateStep.java:36)
	at org.gradle.internal.execution.steps.StoreExecutionStateStep.execute(StoreExecutionStateStep.java:25)
	at org.gradle.internal.execution.steps.RecordOutputsStep.execute(RecordOutputsStep.java:36)
	at org.gradle.internal.execution.steps.RecordOutputsStep.execute(RecordOutputsStep.java:22)
	at org.gradle.internal.execution.steps.SkipUpToDateStep.executeBecause(SkipUpToDateStep.java:110)
	at org.gradle.internal.execution.steps.SkipUpToDateStep.lambda$execute$2(SkipUpToDateStep.java:56)
	at java.base/java.util.Optional.orElseGet(Optional.java:369)
	at org.gradle.internal.execution.steps.SkipUpToDateStep.execute(SkipUpToDateStep.java:56)
	at org.gradle.internal.execution.steps.SkipUpToDateStep.execute(SkipUpToDateStep.java:38)
	at org.gradle.internal.execution.steps.ResolveChangesStep.execute(ResolveChangesStep.java:73)
	at org.gradle.internal.execution.steps.ResolveChangesStep.execute(ResolveChangesStep.java:44)
	at org.gradle.internal.execution.steps.legacy.MarkSnapshottingInputsFinishedStep.execute(MarkSnapshottingInputsFinishedStep.java:37)
	at org.gradle.internal.execution.steps.legacy.MarkSnapshottingInputsFinishedStep.execute(MarkSnapshottingInputsFinishedStep.java:27)
	at org.gradle.internal.execution.steps.ResolveCachingStateStep.execute(ResolveCachingStateStep.java:89)
	at org.gradle.internal.execution.steps.ResolveCachingStateStep.execute(ResolveCachingStateStep.java:50)
	at org.gradle.internal.execution.steps.ValidateStep.execute(ValidateStep.java:102)
	at org.gradle.internal.execution.steps.ValidateStep.execute(ValidateStep.java:57)
	at org.gradle.internal.execution.steps.CaptureStateBeforeExecutionStep.execute(CaptureStateBeforeExecutionStep.java:76)
	at org.gradle.internal.execution.steps.CaptureStateBeforeExecutionStep.execute(CaptureStateBeforeExecutionStep.java:50)
	at org.gradle.internal.execution.steps.SkipEmptyWorkStep.executeWithNoEmptySources(SkipEmptyWorkStep.java:254)
	at org.gradle.internal.execution.steps.SkipEmptyWorkStep.execute(SkipEmptyWorkStep.java:91)
	at org.gradle.internal.execution.steps.SkipEmptyWorkStep.execute(SkipEmptyWorkStep.java:56)
	at org.gradle.internal.execution.steps.RemoveUntrackedExecutionStateStep.execute(RemoveUntrackedExecutionStateStep.java:32)
	at org.gradle.internal.execution.steps.RemoveUntrackedExecutionStateStep.execute(RemoveUntrackedExecutionStateStep.java:21)
	at org.gradle.internal.execution.steps.legacy.MarkSnapshottingInputsStartedStep.execute(MarkSnapshottingInputsStartedStep.java:38)
	at org.gradle.internal.execution.steps.LoadPreviousExecutionStateStep.execute(LoadPreviousExecutionStateStep.java:43)
	at org.gradle.internal.execution.steps.LoadPreviousExecutionStateStep.execute(LoadPreviousExecutionStateStep.java:31)
	at org.gradle.internal.execution.steps.AssignWorkspaceStep.lambda$execute$0(AssignWorkspaceStep.java:40)
	at org.gradle.api.internal.tasks.execution.TaskExecution$4.withWorkspace(TaskExecution.java:281)
	at org.gradle.internal.execution.steps.AssignWorkspaceStep.execute(AssignWorkspaceStep.java:40)
	at org.gradle.internal.execution.steps.AssignWorkspaceStep.execute(AssignWorkspaceStep.java:30)
	at org.gradle.internal.execution.steps.IdentityCacheStep.execute(IdentityCacheStep.java:37)
	at org.gradle.internal.execution.steps.IdentityCacheStep.execute(IdentityCacheStep.java:27)
	at org.gradle.internal.execution.steps.IdentifyStep.execute(IdentifyStep.java:44)
	at org.gradle.internal.execution.steps.IdentifyStep.execute(IdentifyStep.java:33)
	at org.gradle.internal.execution.impl.DefaultExecutionEngine$1.execute(DefaultExecutionEngine.java:76)
	at org.gradle.api.internal.tasks.execution.ExecuteActionsTaskExecuter.executeIfValid(ExecuteActionsTaskExecuter.java:139)
	at org.gradle.api.internal.tasks.execution.ExecuteActionsTaskExecuter.execute(ExecuteActionsTaskExecuter.java:128)
	at org.gradle.api.internal.tasks.execution.CleanupStaleOutputsExecuter.execute(CleanupStaleOutputsExecuter.java:77)
	at org.gradle.api.internal.tasks.execution.FinalizePropertiesTaskExecuter.execute(FinalizePropertiesTaskExecuter.java:46)
	at org.gradle.api.internal.tasks.execution.ResolveTaskExecutionModeExecuter.execute(ResolveTaskExecutionModeExecuter.java:51)
	at org.gradle.api.internal.tasks.execution.SkipTaskWithNoActionsExecuter.execute(SkipTaskWithNoActionsExecuter.java:57)
	at org.gradle.api.internal.tasks.execution.SkipOnlyIfTaskExecuter.execute(SkipOnlyIfTaskExecuter.java:57)
	at org.gradle.api.internal.tasks.execution.CatchExceptionTaskExecuter.execute(CatchExceptionTaskExecuter.java:36)
	at org.gradle.api.internal.tasks.execution.EventFiringTaskExecuter$1.executeTask(EventFiringTaskExecuter.java:77)
	at org.gradle.api.internal.tasks.execution.EventFiringTaskExecuter$1.call(EventFiringTaskExecuter.java:55)
	at org.gradle.api.internal.tasks.execution.EventFiringTaskExecuter$1.call(EventFiringTaskExecuter.java:52)
	at org.gradle.internal.operations.DefaultBuildOperationRunner$CallableBuildOperationWorker.execute(DefaultBuildOperationRunner.java:204)
	at org.gradle.internal.operations.DefaultBuildOperationRunner$CallableBuildOperationWorker.execute(DefaultBuildOperationRunner.java:199)
	at org.gradle.internal.operations.DefaultBuildOperationRunner$2.execute(DefaultBuildOperationRunner.java:66)
	at org.gradle.internal.operations.DefaultBuildOperationRunner$2.execute(DefaultBuildOperationRunner.java:59)
	at org.gradle.internal.operations.DefaultBuildOperationRunner.execute(DefaultBuildOperationRunner.java:157)
	at org.gradle.internal.operations.DefaultBuildOperationRunner.execute(DefaultBuildOperationRunner.java:59)
	at org.gradle.internal.operations.DefaultBuildOperationRunner.call(DefaultBuildOperationRunner.java:53)
	at org.gradle.internal.operations.DefaultBuildOperationExecutor.call(DefaultBuildOperationExecutor.java:73)
	at org.gradle.api.internal.tasks.execution.EventFiringTaskExecuter.execute(EventFiringTaskExecuter.java:52)
	at org.gradle.execution.plan.LocalTaskNodeExecutor.execute(LocalTaskNodeExecutor.java:69)
	at org.gradle.execution.taskgraph.DefaultTaskExecutionGraph$InvokeNodeExecutorsAction.execute(DefaultTaskExecutionGraph.java:322)
	at org.gradle.execution.taskgraph.DefaultTaskExecutionGraph$InvokeNodeExecutorsAction.execute(DefaultTaskExecutionGraph.java:309)
	at org.gradle.execution.taskgraph.DefaultTaskExecutionGraph$BuildOperationAwareExecutionAction.execute(DefaultTaskExecutionGraph.java:302)
	at org.gradle.execution.taskgraph.DefaultTaskExecutionGraph$BuildOperationAwareExecutionAction.execute(DefaultTaskExecutionGraph.java:288)
	at org.gradle.execution.plan.DefaultPlanExecutor$ExecutorWorker.execute(DefaultPlanExecutor.java:462)
	at org.gradle.execution.plan.DefaultPlanExecutor$ExecutorWorker.run(DefaultPlanExecutor.java:379)
	at org.gradle.internal.concurrent.ExecutorPolicy$CatchAndRecordFailures.onExecute(ExecutorPolicy.java:64)
	at org.gradle.internal.concurrent.ManagedExecutorImpl$1.run(ManagedExecutorImpl.java:49)
	at java.base/java.util.concurrent.ThreadPoolExecutor.runWorker(ThreadPoolExecutor.java:1128)
	at java.base/java.util.concurrent.ThreadPoolExecutor$Worker.run(ThreadPoolExecutor.java:628)
	at java.base/java.lang.Thread.run(Thread.java:829)
Caused by: com.android.aaptcompiler.ResourceCompilationException: Resource compilation failed (Failed to compile values resource file /home/runner/work/Meowmdmdmmdd/Meowmdmdmmdd/MDGram/app/build/intermediates/incremental/release/mergeReleaseResources/merged.dir/values/values.xml. Cause: java.lang.IllegalStateException: Can not add resource (com.android.aaptcompiler.ParsedResource@55e5fdd0) to table.,Can not add resource (com.android.aaptcompiler.ParsedResource@7bed1087) to table.,Can not add resource (com.android.aaptcompiler.ParsedResource@3a8acd4) to table.,Can not add resource (com.android.aaptcompiler.ParsedResource@2306a395) to table.,Can not add resource (com.android.aaptcompiler.ParsedResource@5977d158) to table.,Can not add resource (com.android.aaptcompiler.ParsedResource@4a0d9bd9) to table.,Can not add resource (com.android.aaptcompiler.ParsedResource@c855040) to table.,Can not add resource (com.android.aaptcompiler.ParsedResource@1a89404e) to table.,Can not add resource (com.android.aaptcompiler.ParsedResource@7d93af56) to table.,Can not add resource (com.android.aaptcompiler.ParsedResource@5b66306e) to table.,Can not add resource (com.android.aaptcompiler.ParsedResource@7d477c12) to table.,Can not add resource (com.android.aaptcompiler.ParsedResource@2d9cd8c4) to table.,Can not add resource (com.android.aaptcompiler.ParsedResource@4d153b3e) to table.,Can not add resource (com.android.aaptcompiler.ParsedResource@271a87b2) to table.,Can not add resource (com.android.aaptcompiler.ParsedResource@617bc8af) to table.,Can not add resource (com.android.aaptcompiler.ParsedResource@2a6a76bc) to table.,Can not add resource (com.android.aaptcompiler.ParsedResource@4ec26404) to table.,Can not add resource (com.android.aaptcompiler.ParsedResource@3d164d79) to table.,Can not add resource (com.android.aaptcompiler.ParsedResource@217c4c4) to table.,Can not add resource (com.android.aaptcompiler.ParsedResource@7b318dac) to table.,Can not add resource (com.android.aaptcompiler.ParsedResource@260e348a) to table.,Can not add resource (com.android.aaptcompiler.ParsedResource@29fcc8b7) to table.,Can not add resource (com.android.aaptcompiler.ParsedResource@157108a8) to table.,Can not add resource (com.android.aaptcompiler.ParsedResource@625abb47) to table.,Can not add resource (com.android.aaptcompiler.ParsedResource@35a779e2) to table.,Can not add resource (com.android.aaptcompiler.ParsedResource@7a51b691) to table.,Can not add resource (com.android.aaptcompiler.ParsedResource@67f8c53b) to table.,Can not add resource (com.android.aaptcompiler.ParsedResource@50cfda00) to table.,Can not add resource (com.android.aaptcompiler.ParsedResource@5ea9d192) to table.,Can not add resource (com.android.aaptcompiler.ParsedResource@29bb01e8) to table.,Can not add resource (com.android.aaptcompiler.ParsedResource@84bd8f9) to table.,Can not add resource (com.android.aaptcompiler.ParsedResource@267a0c2a) to table.,Can not add resource (com.android.aaptcompiler.ParsedResource@364f7c36) to table.,Can not add resource (com.android.aaptcompiler.ParsedResource@478a9f56) to table.,Can not add resource (com.android.aaptcompiler.ParsedResource@11d01b4e) to table.,Can not add resource (com.android.aaptcompiler.ParsedResource@67bd5e02) to table.,Can not add resource (com.android.aaptcompiler.ParsedResource@2ade300f) to table.,Can not add resource (com.android.aaptcompiler.ParsedResource@393d7a2d) to table.,Can not add resource (com.android.aaptcompiler.ParsedResource@28a61c2f) to table.,Can not add resource (com.android.aaptcompiler.ParsedResource@25660a77) to table.,Can not add resource (com.android.aaptcompiler.ParsedResource@7e63189c) to table.,Can not add resource (com.android.aaptcompiler.ParsedResource@2c5de96f) to table.,Can not add resource (com.android.aaptcompiler.ParsedResource@3482dfaf) to table.,Can not add resource (com.android.aaptcompiler.ParsedResource@21a25efa) to table.,Can not add resource (com.android.aaptcompiler.ParsedResource@476305aa) to table.,Can not add resource (com.android.aaptcompiler.ParsedResource@4368ab8) to table.,Can not add resource (com.android.aaptcompiler.ParsedResource@266b5236) to table.,Can not add resource (com.android.aaptcompiler.ParsedResource@150d8d8f) to table.,Can not add resource (com.android.aaptcompiler.ParsedResource@4a1c94d1) to table.,Can not add resource (com.android.aaptcompiler.ParsedResource@7acfb460) to table.,Can not add resource (com.android.aaptcompiler.ParsedResource@649b3ed) to table.,Can not add resource (com.android.aaptcompiler.ParsedResource@7f51375e) to table.,Can not add resource (com.android.aaptcompiler.ParsedResource@51458e79) to table.,Can not add resource (com.android.aaptcompiler.ParsedResource@56ae5c85) to table.,Can not add resource (com.android.aaptcompiler.ParsedResource@1db34b66) to table.). Check logs for more details.
	at com.android.aaptcompiler.ResourceCompiler.compileResource(ResourceCompiler.kt:129)
	at com.android.build.gradle.internal.res.ResourceCompilerRunnable$Companion.compileSingleResource(ResourceCompilerRunnable.kt:34)
	at com.android.build.gradle.internal.res.ResourceCompilerRunnable.run(ResourceCompilerRunnable.kt:15)
	at com.android.build.gradle.internal.profile.ProfileAwareWorkAction.execute(ProfileAwareWorkAction.kt:74)
	at org.gradle.workers.internal.DefaultWorkerServer.execute(DefaultWorkerServer.java:63)
	at org.gradle.workers.internal.NoIsolationWorkerFactory$1$1.create(NoIsolationWorkerFactory.java:66)
	at org.gradle.workers.internal.NoIsolationWorkerFactory$1$1.create(NoIsolationWorkerFactory.java:62)
	at org.gradle.internal.classloader.ClassLoaderUtils.executeInClassloader(ClassLoaderUtils.java:100)
	at org.gradle.workers.internal.NoIsolationWorkerFactory$1.lambda$execute$0(NoIsolationWorkerFactory.java:62)
	at org.gradle.workers.internal.AbstractWorker$1.call(AbstractWorker.java:44)
	at org.gradle.workers.internal.AbstractWorker$1.call(AbstractWorker.java:41)
	at org.gradle.internal.operations.DefaultBuildOperationRunner$CallableBuildOperationWorker.execute(DefaultBuildOperationRunner.java:204)
	at org.gradle.internal.operations.DefaultBuildOperationRunner$CallableBuildOperationWorker.execute(DefaultBuildOperationRunner.java:199)
	at org.gradle.internal.operations.DefaultBuildOperationRunner$2.execute(DefaultBuildOperationRunner.java:66)
	at org.gradle.internal.operations.DefaultBuildOperationRunner$2.execute(DefaultBuildOperationRunner.java:59)
	at org.gradle.internal.operations.DefaultBuildOperationRunner.execute(DefaultBuildOperationRunner.java:157)
	at org.gradle.internal.operations.DefaultBuildOperationRunner.execute(DefaultBuildOperationRunner.java:59)
	at org.gradle.internal.operations.DefaultBuildOperationRunner.call(DefaultBuildOperationRunner.java:53)
	at org.gradle.internal.operations.DefaultBuildOperationExecutor.call(DefaultBuildOperationExecutor.java:73)
	at org.gradle.workers.internal.AbstractWorker.executeWrappedInBuildOperation(AbstractWorker.java:41)
	at org.gradle.workers.internal.NoIsolationWorkerFactory$1.execute(NoIsolationWorkerFactory.java:59)
	at org.gradle.workers.internal.DefaultWorkerExecutor.lambda$submitWork$2(DefaultWorkerExecutor.java:212)
	at java.base/java.util.concurrent.FutureTask.run(FutureTask.java:264)
	at org.gradle.internal.work.DefaultConditionalExecutionQueue$ExecutionRunner.runExecution(DefaultConditionalExecutionQueue.java:187)
	at org.gradle.internal.work.DefaultConditionalExecutionQueue$ExecutionRunner.access$700(DefaultConditionalExecutionQueue.java:120)
	at org.gradle.internal.work.DefaultConditionalExecutionQueue$ExecutionRunner$1.run(DefaultConditionalExecutionQueue.java:162)
	at org.gradle.internal.Factories$1.create(Factories.java:31)
	at org.gradle.internal.work.DefaultWorkerLeaseService.withLocks(DefaultWorkerLeaseService.java:249)
	at org.gradle.internal.work.DefaultWorkerLeaseService.runAsWorkerThread(DefaultWorkerLeaseService.java:109)
	at org.gradle.internal.work.DefaultWorkerLeaseService.runAsWorkerThread(DefaultWorkerLeaseService.java:114)
	at org.gradle.internal.work.DefaultConditionalExecutionQueue$ExecutionRunner.runBatch(DefaultConditionalExecutionQueue.java:157)
	at org.gradle.internal.work.DefaultConditionalExecutionQueue$ExecutionRunner.run(DefaultConditionalExecutionQueue.java:126)
	at java.base/java.util.concurrent.Executors$RunnableAdapter.call(Executors.java:515)
	at java.base/java.util.concurrent.FutureTask.run(FutureTask.java:264)
	... 5 more
Caused by: com.android.aaptcompiler.ResourceCompilationException: Failed to compile values resource file /home/runner/work/Meowmdmdmmdd/Meowmdmdmmdd/MDGram/app/build/intermediates/incremental/release/mergeReleaseResources/merged.dir/values/values.xml
	at com.android.aaptcompiler.ResourceCompiler.compileTable(ResourceCompiler.kt:192)
	at com.android.aaptcompiler.ResourceCompiler.access$compileTable(ResourceCompiler.kt:1)
	at com.android.aaptcompiler.ResourceCompiler$getCompileMethod$1.invoke(ResourceCompiler.kt:138)
	at com.android.aaptcompiler.ResourceCompiler$getCompileMethod$1.invoke(ResourceCompiler.kt:138)
	at com.android.aaptcompiler.ResourceCompiler.compileResource(ResourceCompiler.kt:123)
	... 38 more
Caused by: java.lang.IllegalStateException: Can not add resource (com.android.aaptcompiler.ParsedResource@55e5fdd0) to table.,Can not add resource (com.android.aaptcompiler.ParsedResource@7bed1087) to table.,Can not add resource (com.android.aaptcompiler.ParsedResource@3a8acd4) to table.,Can not add resource (com.android.aaptcompiler.ParsedResource@2306a395) to table.,Can not add resource (com.android.aaptcompiler.ParsedResource@5977d158) to table.,Can not add resource (com.android.aaptcompiler.ParsedResource@4a0d9bd9) to table.,Can not add resource (com.android.aaptcompiler.ParsedResource@c855040) to table.,Can not add resource (com.android.aaptcompiler.ParsedResource@1a89404e) to table.,Can not add resource (com.android.aaptcompiler.ParsedResource@7d93af56) to table.,Can not add resource (com.android.aaptcompiler.ParsedResource@5b66306e) to table.,Can not add resource (com.android.aaptcompiler.ParsedResource@7d477c12) to table.,Can not add resource (com.android.aaptcompiler.ParsedResource@2d9cd8c4) to table.,Can not add resource (com.android.aaptcompiler.ParsedResource@4d153b3e) to table.,Can not add resource (com.android.aaptcompiler.ParsedResource@271a87b2) to table.,Can not add resource (com.android.aaptcompiler.ParsedResource@617bc8af) to table.,Can not add resource (com.android.aaptcompiler.ParsedResource@2a6a76bc) to table.,Can not add resource (com.android.aaptcompiler.ParsedResource@4ec26404) to table.,Can not add resource (com.android.aaptcompiler.ParsedResource@3d164d79) to table.,Can not add resource (com.android.aaptcompiler.ParsedResource@217c4c4) to table.,Can not add resource (com.android.aaptcompiler.ParsedResource@7b318dac) to table.,Can not add resource (com.android.aaptcompiler.ParsedResource@260e348a) to table.,Can not add resource (com.android.aaptcompiler.ParsedResource@29fcc8b7) to table.,Can not add resource (com.android.aaptcompiler.ParsedResource@157108a8) to table.,Can not add resource (com.android.aaptcompiler.ParsedResource@625abb47) to table.,Can not add resource (com.android.aaptcompiler.ParsedResource@35a779e2) to table.,Can not add resource (com.android.aaptcompiler.ParsedResource@7a51b691) to table.,Can not add resource (com.android.aaptcompiler.ParsedResource@67f8c53b) to table.,Can not add resource (com.android.aaptcompiler.ParsedResource@50cfda00) to table.,Can not add resource (com.android.aaptcompiler.ParsedResource@5ea9d192) to table.,Can not add resource (com.android.aaptcompiler.ParsedResource@29bb01e8) to table.,Can not add resource (com.android.aaptcompiler.ParsedResource@84bd8f9) to table.,Can not add resource (com.android.aaptcompiler.ParsedResource@267a0c2a) to table.,Can not add resource (com.android.aaptcompiler.ParsedResource@364f7c36) to table.,Can not add resource (com.android.aaptcompiler.ParsedResource@478a9f56) to table.,Can not add resource (com.android.aaptcompiler.ParsedResource@11d01b4e) to table.,Can not add resource (com.android.aaptcompiler.ParsedResource@67bd5e02) to table.,Can not add resource (com.android.aaptcompiler.ParsedResource@2ade300f) to table.,Can not add resource (com.android.aaptcompiler.ParsedResource@393d7a2d) to table.,Can not add resource (com.android.aaptcompiler.ParsedResource@28a61c2f) to table.,Can not add resource (com.android.aaptcompiler.ParsedResource@25660a77) to table.,Can not add resource (com.android.aaptcompiler.ParsedResource@7e63189c) to table.,Can not add resource (com.android.aaptcompiler.ParsedResource@2c5de96f) to table.,Can not add resource (com.android.aaptcompiler.ParsedResource@3482dfaf) to table.,Can not add resource (com.android.aaptcompiler.ParsedResource@21a25efa) to table.,Can not add resource (com.android.aaptcompiler.ParsedResource@476305aa) to table.,Can not add resource (com.android.aaptcompiler.ParsedResource@4368ab8) to table.,Can not add resource (com.android.aaptcompiler.ParsedResource@266b5236) to table.,Can not add resource (com.android.aaptcompiler.ParsedResource@150d8d8f) to table.,Can not add resource (com.android.aaptcompiler.ParsedResource@4a1c94d1) to table.,Can not add resource (com.android.aaptcompiler.ParsedResource@7acfb460) to table.,Can not add resource (com.android.aaptcompiler.ParsedResource@649b3ed) to table.,Can not add resource (com.android.aaptcompiler.ParsedResource@7f51375e) to table.,Can not add resource (com.android.aaptcompiler.ParsedResource@51458e79) to table.,Can not add resource (com.android.aaptcompiler.ParsedResource@56ae5c85) to table.,Can not add resource (com.android.aaptcompiler.ParsedResource@1db34b66) to table.
	at com.android.aaptcompiler.TableExtractor.extractResourceValues(TableExtractor.kt:270)
	at com.android.aaptcompiler.TableExtractor.extract(TableExtractor.kt:181)
	at com.android.aaptcompiler.ResourceCompiler.compileTable(ResourceCompiler.kt:188)
	... 42 more

==============================================================================

* Get more help at https://help.gradle.org

BUILD FAILED in 1m 55s
14 actionable tasks: 14 executed
